******************************************************************************
              TMS320C55x Linker PC v4.4.1                      
******************************************************************************
>> Linked Mon Apr 08 13:19:25 2024

OUTPUT FILE NAME:   <DSP_Fuzzer.out>
ENTRY POINT SYMBOL: "_c_int00"  address: 00014eb6


MEMORY CONFIGURATION

         name            origin    length      used     unused   attr    fill
                        (bytes)   (bytes)    (bytes)   (bytes)
----------------------  --------  ---------  --------  --------  ----  --------
  MMR                   00000000   000000c0  00000000  000000c0  RWIX
  SPRAM                 000000c0   00000020  00000000  00000020  RWIX
  DARAM0                00000100   00003f00  00001600  00002900  RWIX
  DARAM1                00004000   00004000  00001000  00003000  RW X
  DARAM2                00008000   00004000  00000240  00003dc0  RW X
  DARAM3                0000c000   00004000  00000000  00004000  RW X
  SARAM01               00010000   00008000  0000514b  00002eb5  RW X
  SARAM2                00018000   00004000  00000000  00004000  RWIX
  SARAM3                0001c000   00004000  00000000  00004000  RWIX
  SARAM4                00020000   00004000  00000000  00004000  RWIX
  SARAM5                00024000   00004000  00000000  00004000  RWIX
  SARAM6                00028000   00004000  00000000  00004000  RWIX
  SARAM7                0002c000   00004000  00000000  00004000  RW X
  SARAM8                00030000   00004000  00000430  00003bd0  RWIX
  SARAM9                00034000   00004000  000000ac  00003f54  RW X
  SARAM10               00038000   00004000  00000000  00004000  RWIX
  SARAM11               0003c000   00004000  00000000  00004000  RWIX
  SARAM12               00040000   00010000  0000870c  000078f4  RWIX
  CE0                   00050000   003b0000  00000000  003b0000  RWIX
  CE1                   00400000   00400000  00000000  00400000  RWIX
  CE2                   00800000   00400000  00000000  00400000  RWIX
  CE3                   00c00000   003f8000  00000000  003f8000  RWIX
  PDROM                 00ff8000   00007f00  00000000  00007f00  RWIX
  VECS                  00ffff00   00000100  00000000  00000100  RWIX


SECTION ALLOCATION MAP
(Addresses surrounded by []'s are displayed for convenience only!)

output                                                          attributes/
section   page  orgn(bytes) orgn(words) len(bytes) len(words)   input sections
--------  ----  ----------- ----------- ---------- ----------   --------------
.stack       0   [ 00000100 ]  00000080          *   00000800   UNINITIALIZED
                 [ 00000100 ]  00000080          *   00000800   --HOLE--

.sysstack 
*            0   [ 00001100 ]  00000880          *   00000200   UNINITIALIZED
                 [ 00001100 ]  00000880          *   00000200   --HOLE--

vectors      0     00001500  [ 00000a80 ] 00000200          *   NOLOAD SECTION
                   00001500  [ 00000a80 ] 00000100          *   C55XXCSL_LP.lib : vectors.obj (vectors)
                   00001600  [ 00000b00 ] 00000100          *   rts55x.lib : vectors.obj (vectors)

.sysmem      0   [ 00004000 ]  00002000          *   00000800   UNINITIALIZED
                 [ 00004000 ]  00002000          *   00000800   --HOLE--

.cio         0   [ 00008000 ]  00004000          *   00000120   UNINITIALIZED
                 [ 00008000 ]  00004000          *   00000120   rts55x.lib : trgmsg.obj (.cio)

.text        0     00010000  [ 00008000 ] 00004ff3          *   
                   00010000  [ 00008000 ] 000015a4          *   rts55x.lib : _printfi.obj (.text)
                   000115a4  [ 00008ad2 ] 00000543          *              : lowlev.obj (.text)
                   00011ae7  [ 00008d73+] 00000528          *              : trgdrv.obj (.text)
                   0001200f  [ 00009007+] 00000508          *   C55XXCSL_LP.lib : csl_intc.obj (.text)
                   00012517  [ 0000928b+] 000004b5          *   rts55x.lib : memory.obj (.text)
                   000129cc  [ 000094e6 ] 0000041e          *   fuzz.obj (.text)
                   00012dea  [ 000096f5 ] 000003cc          *   rts55x.lib : divd.obj (.text)
                   000131b6  [ 000098db ] 000002eb          *   C55XXCSL_LP.lib : csl_gpt.obj (.text)
                   000134a1  [ 00009a50+] 0000027f          *   rts55x.lib : fopen.obj (.text)
                   00013720  [ 00009b90 ] 0000025e          *              : llmpy.obj (.text)
                   0001397e  [ 00009cbf ] 0000025a          *              : addd.obj (.text)
                   00013bd8  [ 00009dec ] 000001ea          *              : cmpd.obj (.text)
                   00013dc2  [ 00009ee1 ] 00000163          *              : fputs.obj (.text)
                   00013f25  [ 00009f92+] 0000014c          *              : mpyd.obj (.text)
                   00014071  [ 0000a038+] 00000149          *   fuzz.obj (.text:retain)
                   000141ba  [ 0000a0dd ] 000000e6          *   rts55x.lib : setvbuf.obj (.text)
                   000142a0  [ 0000a150 ] 000000dd          *              : _io_perm.obj (.text)
                   0001437d  [ 0000a1be+] 000000c2          *              : fflush.obj (.text)
                   0001443f  [ 0000a21f+] 000000ba          *              : trgmsg.obj (.text:CIO_breakpoint)
                   000144f9  [ 0000a27c+] 000000a6          *              : fputc.obj (.text)
                   0001459f  [ 0000a2cf+] 000000a1          *              : divul.obj (.text)
                   00014640  [ 0000a320 ] 0000008c          *   C55XXCSL_LP.lib : csl_irqplug.obj (.text)
                   000146cc  [ 0000a366 ] 00000083          *   coverage.obj (.text)
                   0001474f  [ 0000a3a7+] 0000007d          *   rts55x.lib : ltoa.obj (.text)
                   000147cc  [ 0000a3e6 ] 0000007b          *              : fclose.obj (.text)
                   00014847  [ 0000a423+] 00000076          *              : frcmpyd.obj (.text)
                   000148bd  [ 0000a45e+] 00000073          *              : frcmpyd_div.obj (.text)
                   00014930  [ 0000a498 ] 00000072          *              : remul.obj (.text)
                   000149a2  [ 0000a4d1 ] 0000006f          *              : fixdli.obj (.text)
                   00014a11  [ 0000a508+] 0000006d          *   C55XXCSL_LP.lib : vectors.obj (.text)
                   00014a7e  [ 0000a53f ] 0000006d          *   rts55x.lib : trgmsg.obj (.text)
                   00014aeb  [ 0000a575+] 0000006b          *              : fseek.obj (.text)
                   00014b56  [ 0000a5ab ] 00000067          *              : fltlid.obj (.text)
                   00014bbd  [ 0000a5de+] 00000060          *              : rand.obj (.text)
                   00014c1d  [ 0000a60e+] 0000005c          *              : atoi.obj (.text)
                   00014c79  [ 0000a63c+] 00000050          *              : printf.obj (.text)
                   00014cc9  [ 0000a664+] 0000004d          *              : autoinit.obj (.text)
                   00014d16  [ 0000a68b ] 0000004b          *              : args_main.obj (.text)
                   00014d61  [ 0000a6b0+] 0000004b          *              : remli.obj (.text)
                   00014dac  [ 0000a6d6 ] 00000048          *              : divli.obj (.text)
                   00014df4  [ 0000a6fa ] 00000045          *              : setjmp.obj (.text)
                   00014e39  [ 0000a71c+] 0000003f          *              : memcpy.obj (.text)
                   00014e78  [ 0000a73c ] 0000003e          *              : exit.obj (.text)
                   00014eb6  [ 0000a75b ] 00000034          *              : boot.obj (.text)
                   00014eea  [ 0000a775 ] 0000002a          *              : fixdi.obj (.text)
                   00014f14  [ 0000a78a ] 0000002a          *              : udiv.obj (.text)
                   00014f3e  [ 0000a79f ] 00000023          *              : memccpy.obj (.text)
                   00014f61  [ 0000a7b0+] 0000001a          *              : isinf.obj (.text)
                   00014f7b  [ 0000a7bd+] 00000014          *              : subd.obj (.text)
                   00014f8f  [ 0000a7c7+] 00000013          *              : lmpy.obj (.text)
                   00014fa2  [ 0000a7d1 ] 00000012          *              : _lock.obj (.text)
                   00014fb4  [ 0000a7da ] 00000011          *              : memset.obj (.text)
                   00014fc5  [ 0000a7e2+] 00000010          *              : negd.obj (.text)
                   00014fd5  [ 0000a7ea+] 0000000a          *              : clock.obj (.text)
                   00014fdf  [ 0000a7ef+] 0000000a          *              : remove.obj (.text)
                   00014fe9  [ 0000a7f4+] 00000007          *              : exit.obj (.text:CIO_breakpoint)
                   00014ff0  [ 0000a7f8 ] 00000002          *              : vectors.obj (.text)
                   00014ff2  [ 0000a7f9 ] 00000001          *   --HOLE-- [fill = 20]

.cinit       0   [ 00014ff4 ]  0000a7fa          *   000000ac   
                 [ 00014ff4 ]  0000a7fa          *   00000033   fuzz.obj (.cinit)
                 [ 0001505a ]  0000a82d          *   0000002d   rts55x.lib : lowlev.obj (.cinit)
                 [ 000150b4 ]  0000a85a          *   0000002a              : defs.obj (.cinit)
                 [ 00015108 ]  0000a884          *   0000000a              : _lock.obj (.cinit)
                 [ 0001511c ]  0000a88e          *   0000000a              : exit.obj (.cinit)
                 [ 00015130 ]  0000a898          *   00000005              : rand.obj (.cinit)
                 [ 0001513a ]  0000a89d          *   00000004              : fopen.obj (.cinit)
                 [ 00015142 ]  0000a8a1          *   00000004              : memory.obj (.cinit)
                 [ 0001514a ]  0000a8a5          *   00000001   --HOLE-- [fill = 0]

.data        0   [ 00030000 ]  00018000          *   00000000   UNINITIALIZED

.const       0   [ 00030000 ]  00018000          *   00000218   
                 [ 00030000 ]  00018000          *   00000101   rts55x.lib : ctype.obj (.const:__ctypes_)
                 [ 00030202 ]  00018101          *   00000001   --HOLE-- [fill = 0]
                 [ 00030204 ]  00018102          *   000000da   fuzz.obj (.const:.string)
                 [ 000303b8 ]  000181dc          *   00000024   rts55x.lib : _printfi.obj (.const:.string)
                 [ 00030400 ]  00018200          *   0000000c              : _printfi.obj (.const)
                 [ 00030418 ]  0001820c          *   00000008              : divd.obj (.const:_initial_approx$1)
                 [ 00030428 ]  00018214          *   00000002              : fputs.obj (.const:.string)
                 [ 0003042c ]  00018216          *   00000002              : fltlid.obj (.const)

.sandbox     0     00034000  [ 0001a000 ] 000000ac          *   
                   00034000  [ 0001a000 ] 000000ab          *   test.obj (.text)
                   000340ab  [ 0001a055 ] 00000001          *   --HOLE-- [fill = 20]

.bss         0   [ 00040000 ]  00020000          *   00004386   UNINITIALIZED
                 [ 00040000 ]  00020000          *   00004096   fuzz.obj (.bss)
                 [ 0004812c ]  00024096          *   00000119   rts55x.lib : defs.obj (.bss)
                 [ 0004835e ]  000241af          *   000000d0              : trgdrv.obj (.bss)
                 [ 000484fe ]  0002427f          *   00000001              : fopen.obj (.bss)
                 [ 00048500 ]  00024280          *   00000084   C55XXCSL_LP.lib : csl_intc.obj (.bss)
                 [ 00048608 ]  00024304          *   00000071   rts55x.lib : lowlev.obj (.bss)
                 [ 000486ea ]  00024375          *   00000001   --HOLE--
                 [ 000486ec ]  00024376          *   00000006              : memory.obj (.bss)
                 [ 000486f8 ]  0002437c          *   00000004              : _lock.obj (.bss)
                 [ 00048700 ]  00024380          *   00000004              : exit.obj (.bss)
                 [ 00048708 ]  00024384          *   00000002              : rand.obj (.bss)


GLOBAL SYMBOLS: SORTED ALPHABETICALLY BY Name 

abs. value/
byte addr   word addr   name
---------   ---------   ----
00000002                $TI_capability$C5500$CallingConvention
00000002                $TI_capability$C5500$MemoryModel
00000001                $TI_capability_requires_rev3
            00020000    .bss
            00018000    .data
00010000                .text
00014fea                C$$EXIT
000144f4                C$$IO$$
00014f8f                I$$LMPY
00014f14                I$$UDIV
00014f29                I$$UMOD
00001500                RST
000132f3                _GPT_close
000133fa                _GPT_config
000133bf                _GPT_getCnt
000131b6                _GPT_open
00013279                _GPT_reset
00013368                _GPT_start
00013395                _GPT_stop
00011fb1                _HOSTclock
00011f46                _HOSTclose
00011e91                _HOSTlseek
00011df2                _HOSTopen
00011d65                _HOSTread
00011cb7                _HOSTrename
00011c59                _HOSTtime
00011bef                _HOSTunlink
00011b62                _HOSTwrite
00012097                _IRQ_clear
000120ea                _IRQ_clearAll
000120fa                _IRQ_config
00012207                _IRQ_disable
00012285                _IRQ_disableAll
00012293                _IRQ_enable
0001238d                _IRQ_getArg
0001217f                _IRQ_getConfig
000124d1                _IRQ_globalDisable
000124ea                _IRQ_globalEnable
00012503                _IRQ_globalRestore
0001200f                _IRQ_init
00012402                _IRQ_map
00014640                _IRQ_plug
0001231d                _IRQ_restore
000123d1                _IRQ_setArg
0001242e                _IRQ_setVecs
0001245f                _IRQ_test
00001600                _Reset
00001500                _VECSTART
            00004000    __CIOBUF_
            00000880    __STACK_END
00001000                __STACK_SIZE
00001000                __SYSMEM_SIZE
00000400                __SYSSTACK_SIZE
00000001                __TI_args_main
ffffffff                ___binit__
            00020000    ___bss__
ffffffff                ___c_args__
            0000a7fa    ___cinit__
            00018000    ___data__
            00018000    ___edata__
            00024386    ___end__
00014ff3                ___etext__
00014f61                ___isinf
ffffffff                ___pinit__
00010000                ___text__
0001397e                __addd
00014d16                __args_main
000135c2                __cleanup
            00024380    __cleanup_ptr
00013d6a                __cmpd
            00018000    __ctypes_
00012dea                __divd
00014dac                __divli
00013949                __divlli
00014f14                __divu
0001459f                __divul
00013855                __divull
0001437d                __doflush
            00024382    __dtors_ptr
00013d36                __eqld
00014eea                __fixdi
000149a2                __fixdli
00014b56                __fltlid
00014847                __frcmpyd
000148bd                __frcmpyd_div
            000241ae    __ft_end
            00024096    __ftable
00013cec                __geqd
00013ca1                __gtrd
00013c54                __leqd
            0002437c    __lock
00013c0c                __lssd
00013f25                __mpyd
00014f8f                __mpyli
0001379d                __mpylli
00014fc5                __negd
00013bd8                __neqd
00014fb2                __nop
00011362                __printfi
00014320                __rd_ok
00014faa                __register_lock
00014fa2                __register_unlock
00014d61                __remli
0001376e                __remlli
00014f29                __remu
00014930                __remul
00013720                __remull
00014df4                __setjmp
            00000080    __stack
00014f7b                __subd
            00002000    __sys_memory
            00000880    __sysstack
            0002410e    __tmpnams
            0002437e    __unlock
000142a0                __wrt_ok
00014fe9                _abort
000119f7                _add_device
00014c1d                _atoi
00014cc9                _auto_init
00014eb6                _c_int00
000129a6                _calloc
0001299e                _chkheap
00014fd5                _clock
00011984                _close
            00024094    _count
000146cc                _coverage_log
            00020014    _coverage_map
            00024090    _cpuCycleCount
            00024014    _crash_buffer
            00024046    _crash_iterator
00014e78                _exit
000147cc                _fclose
000143e6                _fflush
0001197b                _find_registered_device
000136e5                _fopen
000144f9                _fputc
00013dc2                _fputs
00012517                _free
00012948                _free_memory
0001361c                _freopen
00014aeb                _fseek
00012c1a                _fuzz_loop
00014071                _fuzzer_isr
00011ae7                _getenv
00012b89                _handle_results
            00024047    _hang_buffer
            00024079    _hang_iterator
00034000                _intial_fuzz
            0002407e    _isBufferFull
            0002407c    _isHang
            0002407d    _isIncreasing
            0002407f    _isTest
00014e15                _longjmp
00011915                _lseek
0001474f                _ltoa
00012ddf                _main
00012648                _malloc
000128ee                _max_free
00014f3e                _memccpy
00014e39                _memcpy
00014fb4                _memset
000125e3                _minit
00012ae5                _mutator
00011856                _open
00014c79                _printf
000144f9                _putc
00014590                _putchar
00013ef7                _puts
00014bdf                _rand
000117a8                _read
00014a7e                _readmsg
0001273d                _realloc
00014fdf                _remove
00011772                _remove_device
00011719                _rename
            00024080    _saved_context
            00020000    _seed_corpus
00014df4                _setjmp
00012a7c                _setup
000141ba                _setvbuf
00014bbd                _srand
000129cc                _start_timer
00012a4f                _stop_timer
            0002407a    _sut_start_address
            00024092    _sysClk
00012b2f                _track_coverage
000116e6                _unlink
000115a4                _write
0001443f                _writemsg
ffffffff                binit
            0000a7fa    cinit
            00018000    edata
            00024386    end
00014ff3                etext
ffffffff                pinit


GLOBAL SYMBOLS: SORTED BY Symbol Address 

abs. value/
byte addr   word addr   name
---------   ---------   ----
00000001                $TI_capability_requires_rev3
00000001                __TI_args_main
00000002                $TI_capability$C5500$CallingConvention
00000002                $TI_capability$C5500$MemoryModel
            00000080    __stack
00000400                __SYSSTACK_SIZE
00001000                __STACK_SIZE
00001000                __SYSMEM_SIZE
            00000880    __STACK_END
            00000880    __sysstack
00001500                RST
00001500                _VECSTART
00001600                _Reset
            00002000    __sys_memory
            00004000    __CIOBUF_
00010000                .text
00010000                ___text__
00011362                __printfi
000115a4                _write
000116e6                _unlink
00011719                _rename
00011772                _remove_device
000117a8                _read
00011856                _open
00011915                _lseek
0001197b                _find_registered_device
00011984                _close
000119f7                _add_device
00011ae7                _getenv
00011b62                _HOSTwrite
00011bef                _HOSTunlink
00011c59                _HOSTtime
00011cb7                _HOSTrename
00011d65                _HOSTread
00011df2                _HOSTopen
00011e91                _HOSTlseek
00011f46                _HOSTclose
00011fb1                _HOSTclock
0001200f                _IRQ_init
00012097                _IRQ_clear
000120ea                _IRQ_clearAll
000120fa                _IRQ_config
0001217f                _IRQ_getConfig
00012207                _IRQ_disable
00012285                _IRQ_disableAll
00012293                _IRQ_enable
0001231d                _IRQ_restore
0001238d                _IRQ_getArg
000123d1                _IRQ_setArg
00012402                _IRQ_map
0001242e                _IRQ_setVecs
0001245f                _IRQ_test
000124d1                _IRQ_globalDisable
000124ea                _IRQ_globalEnable
00012503                _IRQ_globalRestore
00012517                _free
000125e3                _minit
00012648                _malloc
0001273d                _realloc
000128ee                _max_free
00012948                _free_memory
0001299e                _chkheap
000129a6                _calloc
000129cc                _start_timer
00012a4f                _stop_timer
00012a7c                _setup
00012ae5                _mutator
00012b2f                _track_coverage
00012b89                _handle_results
00012c1a                _fuzz_loop
00012ddf                _main
00012dea                __divd
000131b6                _GPT_open
00013279                _GPT_reset
000132f3                _GPT_close
00013368                _GPT_start
00013395                _GPT_stop
000133bf                _GPT_getCnt
000133fa                _GPT_config
000135c2                __cleanup
0001361c                _freopen
000136e5                _fopen
00013720                __remull
0001376e                __remlli
0001379d                __mpylli
00013855                __divull
00013949                __divlli
0001397e                __addd
00013bd8                __neqd
00013c0c                __lssd
00013c54                __leqd
00013ca1                __gtrd
00013cec                __geqd
00013d36                __eqld
00013d6a                __cmpd
00013dc2                _fputs
00013ef7                _puts
00013f25                __mpyd
00014071                _fuzzer_isr
000141ba                _setvbuf
000142a0                __wrt_ok
00014320                __rd_ok
0001437d                __doflush
000143e6                _fflush
0001443f                _writemsg
000144f4                C$$IO$$
000144f9                _fputc
000144f9                _putc
00014590                _putchar
0001459f                __divul
00014640                _IRQ_plug
000146cc                _coverage_log
0001474f                _ltoa
000147cc                _fclose
00014847                __frcmpyd
000148bd                __frcmpyd_div
00014930                __remul
000149a2                __fixdli
00014a7e                _readmsg
00014aeb                _fseek
00014b56                __fltlid
00014bbd                _srand
00014bdf                _rand
00014c1d                _atoi
00014c79                _printf
00014cc9                _auto_init
00014d16                __args_main
00014d61                __remli
00014dac                __divli
00014df4                __setjmp
00014df4                _setjmp
00014e15                _longjmp
00014e39                _memcpy
00014e78                _exit
00014eb6                _c_int00
00014eea                __fixdi
00014f14                I$$UDIV
00014f14                __divu
00014f29                I$$UMOD
00014f29                __remu
00014f3e                _memccpy
00014f61                ___isinf
00014f7b                __subd
00014f8f                I$$LMPY
00014f8f                __mpyli
00014fa2                __register_unlock
00014faa                __register_lock
00014fb2                __nop
00014fb4                _memset
00014fc5                __negd
00014fd5                _clock
00014fdf                _remove
00014fe9                _abort
00014fea                C$$EXIT
00014ff3                ___etext__
00014ff3                etext
            0000a7fa    ___cinit__
            0000a7fa    cinit
            00018000    .data
            00018000    ___data__
            00018000    ___edata__
            00018000    __ctypes_
            00018000    edata
00034000                _intial_fuzz
            00020000    .bss
            00020000    ___bss__
            00020000    _seed_corpus
            00020014    _coverage_map
            00024014    _crash_buffer
            00024046    _crash_iterator
            00024047    _hang_buffer
            00024079    _hang_iterator
            0002407a    _sut_start_address
            0002407c    _isHang
            0002407d    _isIncreasing
            0002407e    _isBufferFull
            0002407f    _isTest
            00024080    _saved_context
            00024090    _cpuCycleCount
            00024092    _sysClk
            00024094    _count
            00024096    __ftable
            0002410e    __tmpnams
            000241ae    __ft_end
            0002437c    __lock
            0002437e    __unlock
            00024380    __cleanup_ptr
            00024382    __dtors_ptr
            00024386    ___end__
            00024386    end
ffffffff                ___binit__
ffffffff                ___c_args__
ffffffff                ___pinit__
ffffffff                binit
ffffffff                pinit

[195 symbols]
