******************************************************************************
              TMS320C55x Linker Unix v4.4.1                    
******************************************************************************
>> Linked Mon Apr 14 20:25:22 2025

OUTPUT FILE NAME:   <DSPFuzz.out>
ENTRY POINT SYMBOL: "_c_int00"  address: 00014e8d


MEMORY CONFIGURATION

         name            origin    length      used     unused   attr    fill
                        (bytes)   (bytes)    (bytes)   (bytes)
----------------------  --------  ---------  --------  --------  ----  --------
  MMR                   00000000   000000c0  00000000  000000c0  RWIX
  SPRAM                 000000c0   00000020  00000000  00000020  RWIX
  DARAM0                00000100   00003f00  00000800  00003700  RWIX
  DARAM1                00004000   00004000  00000000  00004000  RW X
  DARAM2                00008000   00008000  00006240  00001dc0  RW X
  SARAM01               00010000   0000c000  00005028  00006fd8  RW X
  SARAM3                0001c000   00004000  00000000  00004000  RWIX
  SARAM4                00020000   00004000  00000000  00004000  RWIX
  SARAM5                00024000   00024000  0000729c  0001cd64  RWIX
  CE1                   00400000   00400000  00000000  00400000  RWIX
  CE2                   00800000   00400000  00000000  00400000  RWIX
  CE3                   00c00000   003f8000  00000000  003f8000  RWIX
  PDROM                 00ff8000   00007f00  00000000  00007f00  RWIX
  VECS                  00ffff00   00000100  00000000  00000100  RWIX


SECTION ALLOCATION MAP
(Addresses surrounded by []'s are displayed for convenience only!)

output                                                          attributes/
section   page  orgn(bytes) orgn(words) len(bytes) len(words)   input sections
--------  ----  ----------- ----------- ---------- ----------   --------------
.sysstack 
*            0   [ 00000100 ]  00000080          *   00000200   UNINITIALIZED
                 [ 00000100 ]  00000080          *   00000200   --HOLE--

.stack       0   [ 00000500 ]  00000280          *   00000100   UNINITIALIZED
                 [ 00000500 ]  00000280          *   00000100   --HOLE--

vectors      0     00000700  [ 00000380 ] 00000200          *   NOLOAD SECTION
                   00000700  [ 00000380 ] 00000100          *   C55CSL_3.lib : vectors.obj (vectors)
                   00000800  [ 00000400 ] 00000100          *   rts55x.lib : vectors.obj (vectors)

.sysmem      0   [ 00008000 ]  00004000          *   00003000   UNINITIALIZED
                 [ 00008000 ]  00004000          *   00003000   --HOLE--

.cio         0   [ 0000e000 ]  00007000          *   00000120   UNINITIALIZED
                 [ 0000e000 ]  00007000          *   00000120   rts55x.lib : trgmsg.obj (.cio)

.text        0     00010000  [ 00008000 ] 00004f64          *   
                   00010000  [ 00008000 ] 00001a8e          *   enc.obj (.text)
                   00011a8e  [ 00008d47 ] 00000aaa          *   fuzz.obj (.text)
                   00012538  [ 0000929c ] 00000528          *   rts55x.lib : trgdrv.obj (.text)
                   00012a60  [ 00009530 ] 00000508          *   C55CSL_3.lib : csl_intc.obj (.text)
                   00012f68  [ 000097b4 ] 000004b5          *   rts55x.lib : memory.obj (.text)
                   0001341d  [ 00009a0e+] 000003cc          *              : divd.obj (.text)
                   000137e9  [ 00009bf4+] 000003aa          *   huff.obj (.text)
                   00013b93  [ 00009dc9+] 0000036f          *   fuzz.obj (.text:retain)
                   00013f02  [ 00009f81 ] 000002eb          *   C55CSL_3.lib : csl_gpt.obj (.text)
                   000141ed  [ 0000a0f6+] 0000025a          *   rts55x.lib : addd.obj (.text)
                   00014447  [ 0000a223+] 0000014c          *              : mpyd.obj (.text)
                   00014593  [ 0000a2c9+] 000000ba          *              : trgmsg.obj (.text:CIO_breakpoint)
                   0001464d  [ 0000a326+] 000000a1          *              : divul.obj (.text)
                   000146ee  [ 0000a377 ] 0000009b          *   coverage.obj (.text)
                   00014789  [ 0000a3c4+] 0000008c          *   C55CSL_3.lib : csl_irqplug.obj (.text)
                   00014815  [ 0000a40a+] 00000089          *   buf.obj (.text)
                   0001489e  [ 0000a44f ] 00000076          *   rts55x.lib : frcmpyd.obj (.text)
                   00014914  [ 0000a48a ] 00000073          *              : frcmpyd_div.obj (.text)
                   00014987  [ 0000a4c3+] 00000072          *              : remul.obj (.text)
                   000149f9  [ 0000a4fc+] 0000006f          *              : fixdli.obj (.text)
                   00014a68  [ 0000a534 ] 0000006d          *   C55CSL_3.lib : vectors.obj (.text)
                   00014ad5  [ 0000a56a+] 0000006d          *   rts55x.lib : trgmsg.obj (.text)
                   00014b42  [ 0000a5a1 ] 00000067          *              : fltlid.obj (.text)
                   00014ba9  [ 0000a5d4+] 00000060          *              : rand.obj (.text)
                   00014c09  [ 0000a604+] 0000005b          *              : fltuld.obj (.text)
                   00014c64  [ 0000a632 ] 0000004d          *              : autoinit.obj (.text)
                   00014cb1  [ 0000a658+] 0000004b          *              : args_main.obj (.text)
                   00014cfc  [ 0000a67e ] 0000004b          *              : remli.obj (.text)
                   00014d47  [ 0000a6a3+] 00000048          *              : divli.obj (.text)
                   00014d8f  [ 0000a6c7+] 00000045          *              : setjmp.obj (.text)
                   00014dd4  [ 0000a6ea ] 0000003f          *              : memcpy.obj (.text)
                   00014e13  [ 0000a709+] 0000003e          *              : exit.obj (.text)
                   00014e51  [ 0000a728+] 0000003c          *              : idiv.obj (.text)
                   00014e8d  [ 0000a746+] 00000034          *              : boot.obj (.text)
                   00014ec1  [ 0000a760+] 0000002a          *              : udiv.obj (.text)
                   00014eeb  [ 0000a775+] 00000017          *              : time.obj (.text)
                   00014f02  [ 0000a781 ] 00000014          *              : subd.obj (.text)
                   00014f16  [ 0000a78b ] 00000013          *              : lmpy.obj (.text)
                   00014f29  [ 0000a794+] 00000012          *              : _lock.obj (.text)
                   00014f3b  [ 0000a79d+] 00000011          *              : memset.obj (.text)
                   00014f4c  [ 0000a7a6 ] 0000000e          *              : fltud.obj (.text)
                   00014f5a  [ 0000a7ad ] 00000007          *              : exit.obj (.text:CIO_breakpoint)
                   00014f61  [ 0000a7b0+] 00000002          *              : vectors.obj (.text)
                   00014f63  [ 0000a7b1 ] 00000001          *   --HOLE-- [fill = 20]

.cinit       0   [ 00014f64 ]  0000a7b2          *   00000062   
                 [ 00014f64 ]  0000a7b2          *   00000044   fuzz.obj (.cinit)
                 [ 00014fec ]  0000a7f6          *   0000000a   rts55x.lib : _lock.obj (.cinit)
                 [ 00015000 ]  0000a800          *   0000000a              : exit.obj (.cinit)
                 [ 00015014 ]  0000a80a          *   00000005              : rand.obj (.cinit)
                 [ 0001501e ]  0000a80f          *   00000004              : memory.obj (.cinit)
                 [ 00015026 ]  0000a813          *   00000001   --HOLE-- [fill = 0]

.data        0   [ 0001c000 ]  0000e000          *   00000000   UNINITIALIZED

.bss         0   [ 00024000 ]  00012000          *   0000345e   UNINITIALIZED
                 [ 00024000 ]  00012000          *   00001b98   buf.obj (.bss)
                 [ 00027730 ]  00013b98          *   00001540   fuzz.obj (.bss)
                 [ 0002a1b0 ]  000150d8          *   0000021a   enc.obj (.bss)
                 [ 0002a5e4 ]  000152f2          *   000000d0   rts55x.lib : trgdrv.obj (.bss)
                 [ 0002a784 ]  000153c2          *   00000084   C55CSL_3.lib : csl_intc.obj (.bss)
                 [ 0002a88c ]  00015446          *   00000008   huff.obj (.bss)
                 [ 0002a89c ]  0001544e          *   00000006   rts55x.lib : memory.obj (.bss)
                 [ 0002a8a8 ]  00015454          *   00000004              : _lock.obj (.bss)
                 [ 0002a8b0 ]  00015458          *   00000004              : exit.obj (.bss)
                 [ 0002a8b8 ]  0001545c          *   00000002              : rand.obj (.bss)

.const       0   [ 0002a8bc ]  0001545e          *   000004d8   
                 [ 0002a8bc ]  0001545e          *   00000200   conf.obj (.const:_jpec_ac_code)
                 [ 0002acbc ]  0001565e          *   00000100   conf.obj (.const:_jpec_ac_len)
                 [ 0002aebc ]  0001575e          *   000000a2   conf.obj (.const:_jpec_ac_vals)
                 [ 0002b000 ]  00015800          *   00000080   conf.obj (.const:_jpec_zz)
                 [ 0002b100 ]  00015880          *   00000040   conf.obj (.const:_jpec_qzr)
                 [ 0002b180 ]  000158c0          *   00000018   conf.obj (.const:_jpec_dc_code)
                 [ 0002b1b0 ]  000158d8          *   00000011   conf.obj (.const:_jpec_ac_nodes)
                 [ 0002b1d2 ]  000158e9          *   00000011   conf.obj (.const:_jpec_dc_nodes)
                 [ 0002b1f4 ]  000158fa          *   0000000e   conf.obj (.const:_jpec_dct)
                 [ 0002b210 ]  00015908          *   0000000c   conf.obj (.const:_jpec_dc_len)
                 [ 0002b228 ]  00015914          *   0000000c   conf.obj (.const:_jpec_dc_vals)
                 [ 0002b240 ]  00015920          *   00000008   rts55x.lib : divd.obj (.const:_initial_approx$1)
                 [ 0002b250 ]  00015928          *   00000006   enc.obj (.const)
                 [ 0002b25c ]  0001592e          *   00000004   conf.obj (.const)
                 [ 0002b264 ]  00015932          *   00000002   rts55x.lib : fltlid.obj (.const)
                 [ 0002b268 ]  00015934          *   00000002              : fltuld.obj (.const)

.switch      0   [ 0002b26c ]  00015936          *   00000018   
                 [ 0002b26c ]  00015936          *   00000018   fuzz.obj (.switch:_mutator)


GLOBAL SYMBOLS: SORTED ALPHABETICALLY BY Name 

abs. value/
byte addr   word addr   name
---------   ---------   ----
00000002                $TI_capability$C5500$CallingConvention
00000002                $TI_capability$C5500$MemoryModel
00000001                $TI_capability_requires_rev3
            00012000    .bss
            0000e000    .data
00010000                .text
00014f5b                C$$EXIT
00014648                C$$IO$$
00014e51                I$$DIV
00014f16                I$$LMPY
00014e70                I$$MOD
00014ec1                I$$UDIV
00014ed6                I$$UMOD
00000700                RST
0001403f                _GPT_close
00014146                _GPT_config
0001410b                _GPT_getCnt
00013f02                _GPT_open
00013fc5                _GPT_reset
000140b4                _GPT_start
000140e1                _GPT_stop
00012a02                _HOSTclock
00012997                _HOSTclose
000128e2                _HOSTlseek
00012843                _HOSTopen
000127b6                _HOSTread
00012708                _HOSTrename
000126aa                _HOSTtime
00012640                _HOSTunlink
000125b3                _HOSTwrite
00012ae8                _IRQ_clear
00012b3b                _IRQ_clearAll
00012b4b                _IRQ_config
00012c58                _IRQ_disable
00012cd6                _IRQ_disableAll
00012ce4                _IRQ_enable
00012dde                _IRQ_getArg
00012bd0                _IRQ_getConfig
00012f22                _IRQ_globalDisable
00012f3b                _IRQ_globalEnable
00012f54                _IRQ_globalRestore
00012a60                _IRQ_init
00012e53                _IRQ_map
00014789                _IRQ_plug
00012d6e                _IRQ_restore
00012e22                _IRQ_setArg
00012e7f                _IRQ_setVecs
00012eb0                _IRQ_test
00000800                _Reset
00000700                _VECSTART
            00007000    __CIOBUF_
            00000380    __STACK_END
00000200                __STACK_SIZE
00006000                __SYSMEM_SIZE
00000400                __SYSSTACK_SIZE
00000001                __TI_args_main
ffffffff                ___binit__
            00012000    ___bss__
ffffffff                ___c_args__
            0000a7b2    ___cinit__
            0000e000    ___data__
            0000e000    ___edata__
            0001545e    ___end__
00014f64                ___etext__
ffffffff                ___pinit__
00010000                ___text__
000141ed                __addd
00014cb1                __args_main
            00015458    __cleanup_ptr
0001341d                __divd
00014e51                __divi
00014d47                __divli
00014ec1                __divu
0001464d                __divul
            0001545a    __dtors_ptr
000149f9                __fixdli
00014b42                __fltlid
00014f4c                __fltud
00014c09                __fltuld
0001489e                __frcmpyd
00014914                __frcmpyd_div
            00015454    __lock
00014447                __mpyd
00014f16                __mpyli
00014f39                __nop
00014f31                __register_lock
00014f29                __register_unlock
00014e70                __remi
00014cfc                __remli
00014ed6                __remu
00014987                __remul
00014d8f                __setjmp
            00000280    __stack
00014f02                __subd
            00004000    __sys_memory
            00000080    __sysstack
            00015456    __unlock
00014f5a                _abort
00014c64                _auto_init
00012441                _bubble_coverage
00013cdc                _bus_error_isr
00014e8d                _c_int00
000133f7                _calloc
000133ef                _chkheap
            000150d6    _count
000146ee                _coverage_log
            000150d2    _cpuCycleCount
00011a8e                _crash_void
00013def                _data_log_isr
00012392                _dequeue_seed
00014e13                _exit
00012f68                _free
00013399                _free_memory
00013b93                _fuzzer_isr
            000150bb    _g_covFunctionEnter
            00014f24    _g_coverageMap
            000150b4    _g_coverageMapHead
            000150cf    _g_currentMutation
            00014f20    _g_currentSeed
            00014f22    _g_inputBuffer
            000150d1    _g_inputSize
            000150ce    _g_iterations
            00013b92    _g_jpec_buffer
            000150de    _g_jpec_enc
            000150d8    _g_jpec_huff_skel
            00015446    _g_jpeg_huff
            00013b98    _g_localPool
            000150d0    _g_mutationDegression
            000150b6    _g_nSeeds
            00014f21    _g_numInteresting
            000150cd    _g_poolLoops
            000150b7    _g_seedHead
            000150ba    _g_seedTail
            000150cc    _g_stageCycles
            000150b8    _g_sutStartAddress
00012538                _getenv
            0001545e    _jpec_ac_code
            0001565e    _jpec_ac_len
            00015930    _jpec_ac_nb_vals
            000158d8    _jpec_ac_nodes
            0001575e    _jpec_ac_vals
00014815                _jpec_buffer_new2
00014872                _jpec_buffer_write_2bytes
00014848                _jpec_buffer_write_byte
            000158c0    _jpec_dc_code
            00015908    _jpec_dc_len
            0001592e    _jpec_dc_nb_vals
            000158e9    _jpec_dc_nodes
            00015914    _jpec_dc_vals
            000158fa    _jpec_dct
00010098                _jpec_enc_new2
000101a4                _jpec_enc_run
00013850                _jpec_huff_del
00013869                _jpec_huff_encode_block
00013827                _jpec_huff_new
000137e9                _jpec_huff_skel_init
            00015880    _jpec_qzr
            00015800    _jpec_zz
00010000                _jpeg_test
00014db0                _longjmp
0001252d                _main
0001244a                _main_harness_loop
00013099                _malloc
0001333f                _max_free
00014dd4                _memcpy
00014f3b                _memset
00013034                _minit
00011bd8                _mutator
            00012000    _output_buf
00014bcb                _rand
00014ad5                _readmsg
0001318e                _realloc
00014d8f                _setjmp
00011b58                _setup
00014ba9                _srand
00011a90                _start_timer
00011b2b                _stop_timer
            000150d4    _sysClk
00014eeb                _time
00014593                _writemsg
ffffffff                binit
            0000a7b2    cinit
            0000e000    edata
            0001545e    end
00014f64                etext
ffffffff                pinit


GLOBAL SYMBOLS: SORTED BY Symbol Address 

abs. value/
byte addr   word addr   name
---------   ---------   ----
00000001                $TI_capability_requires_rev3
00000001                __TI_args_main
00000002                $TI_capability$C5500$CallingConvention
00000002                $TI_capability$C5500$MemoryModel
            00000080    __sysstack
00000200                __STACK_SIZE
00000400                __SYSSTACK_SIZE
            00000280    __stack
00000700                RST
00000700                _VECSTART
            00000380    __STACK_END
00000800                _Reset
00006000                __SYSMEM_SIZE
            00004000    __sys_memory
            00007000    __CIOBUF_
00010000                .text
00010000                ___text__
00010000                _jpeg_test
00010098                _jpec_enc_new2
000101a4                _jpec_enc_run
00011a8e                _crash_void
00011a90                _start_timer
00011b2b                _stop_timer
00011b58                _setup
00011bd8                _mutator
00012392                _dequeue_seed
00012441                _bubble_coverage
0001244a                _main_harness_loop
0001252d                _main
00012538                _getenv
000125b3                _HOSTwrite
00012640                _HOSTunlink
000126aa                _HOSTtime
00012708                _HOSTrename
000127b6                _HOSTread
00012843                _HOSTopen
000128e2                _HOSTlseek
00012997                _HOSTclose
00012a02                _HOSTclock
00012a60                _IRQ_init
00012ae8                _IRQ_clear
00012b3b                _IRQ_clearAll
00012b4b                _IRQ_config
00012bd0                _IRQ_getConfig
00012c58                _IRQ_disable
00012cd6                _IRQ_disableAll
00012ce4                _IRQ_enable
00012d6e                _IRQ_restore
00012dde                _IRQ_getArg
00012e22                _IRQ_setArg
00012e53                _IRQ_map
00012e7f                _IRQ_setVecs
00012eb0                _IRQ_test
00012f22                _IRQ_globalDisable
00012f3b                _IRQ_globalEnable
00012f54                _IRQ_globalRestore
00012f68                _free
00013034                _minit
00013099                _malloc
0001318e                _realloc
0001333f                _max_free
00013399                _free_memory
000133ef                _chkheap
000133f7                _calloc
0001341d                __divd
000137e9                _jpec_huff_skel_init
00013827                _jpec_huff_new
00013850                _jpec_huff_del
00013869                _jpec_huff_encode_block
00013b93                _fuzzer_isr
00013cdc                _bus_error_isr
00013def                _data_log_isr
00013f02                _GPT_open
00013fc5                _GPT_reset
0001403f                _GPT_close
000140b4                _GPT_start
000140e1                _GPT_stop
0001410b                _GPT_getCnt
00014146                _GPT_config
000141ed                __addd
00014447                __mpyd
00014593                _writemsg
00014648                C$$IO$$
0001464d                __divul
000146ee                _coverage_log
00014789                _IRQ_plug
00014815                _jpec_buffer_new2
00014848                _jpec_buffer_write_byte
00014872                _jpec_buffer_write_2bytes
0001489e                __frcmpyd
00014914                __frcmpyd_div
00014987                __remul
000149f9                __fixdli
00014ad5                _readmsg
00014b42                __fltlid
00014ba9                _srand
00014bcb                _rand
00014c09                __fltuld
00014c64                _auto_init
00014cb1                __args_main
00014cfc                __remli
00014d47                __divli
00014d8f                __setjmp
00014d8f                _setjmp
00014db0                _longjmp
00014dd4                _memcpy
00014e13                _exit
00014e51                I$$DIV
00014e51                __divi
00014e70                I$$MOD
00014e70                __remi
00014e8d                _c_int00
00014ec1                I$$UDIV
00014ec1                __divu
00014ed6                I$$UMOD
00014ed6                __remu
00014eeb                _time
00014f02                __subd
00014f16                I$$LMPY
00014f16                __mpyli
00014f29                __register_unlock
00014f31                __register_lock
00014f39                __nop
00014f3b                _memset
00014f4c                __fltud
00014f5a                _abort
00014f5b                C$$EXIT
            0000a7b2    ___cinit__
00014f64                ___etext__
            0000a7b2    cinit
00014f64                etext
            0000e000    .data
            0000e000    ___data__
            0000e000    ___edata__
            0000e000    edata
            00012000    .bss
            00012000    ___bss__
            00012000    _output_buf
            00013b92    _g_jpec_buffer
            00013b98    _g_localPool
            00014f20    _g_currentSeed
            00014f21    _g_numInteresting
            00014f22    _g_inputBuffer
            00014f24    _g_coverageMap
            000150b4    _g_coverageMapHead
            000150b6    _g_nSeeds
            000150b7    _g_seedHead
            000150b8    _g_sutStartAddress
            000150ba    _g_seedTail
            000150bb    _g_covFunctionEnter
            000150cc    _g_stageCycles
            000150cd    _g_poolLoops
            000150ce    _g_iterations
            000150cf    _g_currentMutation
            000150d0    _g_mutationDegression
            000150d1    _g_inputSize
            000150d2    _cpuCycleCount
            000150d4    _sysClk
            000150d6    _count
            000150d8    _g_jpec_huff_skel
            000150de    _g_jpec_enc
            00015446    _g_jpeg_huff
            00015454    __lock
            00015456    __unlock
            00015458    __cleanup_ptr
            0001545a    __dtors_ptr
            0001545e    ___end__
            0001545e    _jpec_ac_code
            0001545e    end
            0001565e    _jpec_ac_len
            0001575e    _jpec_ac_vals
            00015800    _jpec_zz
            00015880    _jpec_qzr
            000158c0    _jpec_dc_code
            000158d8    _jpec_ac_nodes
            000158e9    _jpec_dc_nodes
            000158fa    _jpec_dct
            00015908    _jpec_dc_len
            00015914    _jpec_dc_vals
            0001592e    _jpec_dc_nb_vals
            00015930    _jpec_ac_nb_vals
ffffffff                ___binit__
ffffffff                ___c_args__
ffffffff                ___pinit__
ffffffff                binit
ffffffff                pinit

[186 symbols]
