******************************************************************************
              TMS320C55x Linker Unix v4.4.1                    
******************************************************************************
>> Linked Wed Nov 13 11:01:47 2024

OUTPUT FILE NAME:   <DSPFuzz.out>
ENTRY POINT SYMBOL: "_c_int00"  address: 0002dab3


MEMORY CONFIGURATION

         name            origin    length      used     unused   attr    fill
                        (bytes)   (bytes)    (bytes)   (bytes)
----------------------  --------  ---------  --------  --------  ----  --------
  MMR                   00000000   000000c0  00000000  000000c0  RWIX
  SPRAM                 000000c0   00000020  00000000  00000020  RWIX
  DARAM0                00000100   00003f00  00000800  00003700  RWIX
  DARAM1                00004000   00004000  00000240  00003dc0  RW X
  DARAM2                00008000   00008000  00000800  00007800  RW X
  SARAM01               00010000   00008000  00004306  00003cfa  RW X
  SARAM2                00018000   00004000  00000000  00004000  RWIX
  SARAM3                0001c000   00004000  00000000  00004000  RWIX
  SARAM4                00020000   00004000  00000000  00004000  RWIX
  SARAM5                00024000   0000c000  00009c69  00002397  RWIX
  SARAM6                00030000   00004000  00000000  00004000  RWIX
  PROG                  00034000   00004000  00000000  00004000  RW X
  SARAM8                00038000   00007000  00006780  00000880  RWIX
  SARAM9                0003f000   00005000  00000000  00005000  RWIX
  SARAM10               00044000   00004000  00000100  00003f00  RW X
  SARAM11               00048000   00008000  00000f02  000070fe  RWIX
  CE0                   00050000   003b0000  00000000  003b0000  RWIX
  CE1                   00400000   00400000  00000000  00400000  RWIX
  CE2                   00800000   00400000  00000000  00400000  RWIX
  CE3                   00c00000   003f8000  00000000  003f8000  RWIX
  PDROM                 00ff8000   00007f00  00000000  00007f00  RWIX
  VECS                  00ffff00   00000100  00000000  00000100  RWIX


SECTION ALLOCATION MAP
(Addresses surrounded by []'s are displayed for convenience only!)

output                                                          attributes/
section   page  orgn(bytes) orgn(words) len(bytes) len(words)   input sections
--------  ----  ----------- ----------- ---------- ----------   --------------
.sysstack 
*            0   [ 00000100 ]  00000080          *   00000200   UNINITIALIZED
                 [ 00000100 ]  00000080          *   00000200   --HOLE--

.stack       0   [ 00000500 ]  00000280          *   00000100   UNINITIALIZED
                 [ 00000500 ]  00000280          *   00000100   --HOLE--

vectors      0     00000700  [ 00000380 ] 00000200          *   NOLOAD SECTION
                   00000700  [ 00000380 ] 00000100          *   C55CSL_2.lib : vectors.obj (vectors)
                   00000800  [ 00000400 ] 00000100          *   rts55x.lib : vectors.obj (vectors)

.cio         0   [ 00004000 ]  00002000          *   00000120   UNINITIALIZED
                 [ 00004000 ]  00002000          *   00000120   rts55x.lib : trgmsg.obj (.cio)

.sysmem      0   [ 00008000 ]  00004000          *   00000400   UNINITIALIZED
                 [ 00008000 ]  00004000          *   00000400   --HOLE--

.bss         0   [ 00010000 ]  00008000          *   00002042   UNINITIALIZED
                 [ 00010000 ]  00008000          *   0000129a   new_vpesim.obj (.bss)
                 [ 00012534 ]  0000929a          *   0000098c   nrbufs.obj (.bss)
                 [ 0001384c ]  00009c26          *   00000119   rts55x.lib : defs.obj (.bss)
                 [ 00013a7e ]  00009d3f          *   00000001              : fopen.obj (.bss)
                 [ 00013a80 ]  00009d40          *   000000f1   fuzz.obj (.bss)
                 [ 00013c62 ]  00009e31          *   000000d0   rts55x.lib : trgdrv.obj (.bss)
                 [ 00013e02 ]  00009f01          *   00000001   --HOLE--
                 [ 00013e04 ]  00009f02          *   00000084   C55CSL_2.lib : csl_intc.obj (.bss)
                 [ 00013f0c ]  00009f86          *   00000071   rts55x.lib : lowlev.obj (.bss)
                 [ 00013fee ]  00009ff7          *   00000001   --HOLE--
                 [ 00013ff0 ]  00009ff8          *   0000002a   vpe_c.a55L : nr.o55L (.bss)
                 [ 00014044 ]  0000a022          *   00000010              : nrtbl.o55L (.bss)
                 [ 00014064 ]  0000a032          *   00000006   rts55x.lib : memory.obj (.bss)
                 [ 00014070 ]  0000a038          *   00000004              : _lock.obj (.bss)
                 [ 00014078 ]  0000a03c          *   00000004              : exit.obj (.bss)
                 [ 00014080 ]  0000a040          *   00000002              : rand.obj (.bss)

.cinit       0   [ 00014084 ]  0000a042          *   00000141   
                 [ 00014084 ]  0000a042          *   0000004b   fuzz.obj (.cinit)
                 [ 0001411a ]  0000a08d          *   0000003d   new_vpesim.obj (.cinit)
                 [ 00014194 ]  0000a0ca          *   0000002d   rts55x.lib : lowlev.obj (.cinit)
                 [ 000141ee ]  0000a0f7          *   0000002d   vpe_c.a55L : nr.o55L (.cinit)
                 [ 00014248 ]  0000a124          *   0000002a   rts55x.lib : defs.obj (.cinit)
                 [ 0001429c ]  0000a14e          *   00000013   vpe_c.a55L : nrtbl.o55L (.cinit)
                 [ 000142c2 ]  0000a161          *   0000000a   rts55x.lib : _lock.obj (.cinit)
                 [ 000142d6 ]  0000a16b          *   0000000a              : exit.obj (.cinit)
                 [ 000142ea ]  0000a175          *   00000005              : rand.obj (.cinit)
                 [ 000142f4 ]  0000a17a          *   00000004              : fopen.obj (.cinit)
                 [ 000142fc ]  0000a17e          *   00000004              : memory.obj (.cinit)
                 [ 00014304 ]  0000a182          *   00000001   --HOLE-- [fill = 0]

.text        0     00024000  [ 00012000 ] 00009c11          *   
                   00024000  [ 00012000 ] 000015a4          *   rts55x.lib : _printfi.obj (.text)
                   000255a4  [ 00012ad2 ] 00001038          *   new_vpesim.obj (.text)
                   000265dc  [ 000132ee ] 00000d4c          *   sdk_c.a55L : sgn.o55L (.text)
                   00027328  [ 00013994 ] 00000a20          *   fuzz.obj (.text)
                   00027d48  [ 00013ea4 ] 00000703          *   vpe_c.a55L : nr.o55L (.text)
                   0002844b  [ 00014225+] 00000543          *   rts55x.lib : lowlev.obj (.text)
                   0002898e  [ 000144c7 ] 00000528          *              : trgdrv.obj (.text)
                   00028eb6  [ 0001475b ] 0000051e          *   C55CSL_2.lib : csl_intc.obj (.text)
                   000293d4  [ 000149ea ] 000004e7          *   vpe_a.a55L : nrfft.o55L (.text)
                   000298bb  [ 00014c5d+] 000004b5          *   rts55x.lib : memory.obj (.text)
                   00029d70  [ 00014eb8 ] 000004a7          *   vpe_c.a55L : nrprocess.o55L (.text)
                   0002a217  [ 0001510b+] 000003cc          *   rts55x.lib : divd.obj (.text)
                   0002a5e3  [ 000152f1+] 000003c9          *   fuzz.obj (.text:retain)
                   0002a9ac  [ 000154d6 ] 00000376          *   vpe_c.a55L : snl.o55L (.text)
                   0002ad22  [ 00015691 ] 0000034a          *   vpe_a.a55L : nrwiener.o55L (.text)
                   0002b06c  [ 00015836 ] 000002f2          *   C55CSL_2.lib : csl_gpt.obj (.text)
                   0002b35e  [ 000159af ] 00000290          *   vpe_c.a55L : hlc.o55L (.text)
                   0002b5ee  [ 00015af7 ] 00000284          *              : nrnum.o55L (.text)
                   0002b872  [ 00015c39 ] 0000027f          *   rts55x.lib : fopen.obj (.text)
                   0002baf1  [ 00015d78+] 0000025e          *              : llmpy.obj (.text)
                   0002bd4f  [ 00015ea7+] 0000025a          *              : addd.obj (.text)
                   0002bfa9  [ 00015fd4+] 000001ea          *              : cmpd.obj (.text)
                   0002c193  [ 000160c9+] 00000163          *              : fputs.obj (.text)
                   0002c2f6  [ 0001617b ] 0000014c          *              : mpyd.obj (.text)
                   0002c442  [ 00016221 ] 000000e6          *              : setvbuf.obj (.text)
                   0002c528  [ 00016294 ] 000000e4          *   vpe_a.a55L : nrmisc.o55L (.text)
                   0002c60c  [ 00016306 ] 000000dd          *   rts55x.lib : _io_perm.obj (.text)
                   0002c6e9  [ 00016374+] 000000cb          *   sdk_c.a55L : sgnum.o55L (.text)
                   0002c7b4  [ 000163da ] 000000cb          *   vpe_c.a55L : hlcinit.o55L (.text)
                   0002c87f  [ 0001643f+] 000000c4          *              : nrgain.o55L (.text)
                   0002c943  [ 000164a1+] 000000c2          *   rts55x.lib : fflush.obj (.text)
                   0002ca05  [ 00016502+] 000000be          *   vpe_c.a55L : slm.o55L (.text)
                   0002cac3  [ 00016561+] 000000bc          *              : svd.o55L (.text)
                   0002cb7f  [ 000165bf+] 000000ba          *   rts55x.lib : trgmsg.obj (.text:CIO_breakpoint)
                   0002cc39  [ 0001661c+] 000000a6          *              : fputc.obj (.text)
                   0002ccdf  [ 0001666f+] 000000a3          *   coverage.obj (.text)
                   0002cd82  [ 000166c1 ] 000000a1          *   rts55x.lib : divul.obj (.text)
                   0002ce23  [ 00016711+] 00000096          *   util_a.a55L : utilnum.o55L (.text)
                   0002ceb9  [ 0001675c+] 0000008c          *   C55CSL_2.lib : csl_irqplug.obj (.text)
                   0002cf45  [ 000167a2+] 0000007d          *   rts55x.lib : ltoa.obj (.text)
                   0002cfc2  [ 000167e1 ] 0000007b          *              : fclose.obj (.text)
                   0002d03d  [ 0001681e+] 00000076          *              : frcmpyd.obj (.text)
                   0002d0b3  [ 00016859+] 00000073          *              : frcmpyd_div.obj (.text)
                   0002d126  [ 00016893 ] 00000072          *              : remul.obj (.text)
                   0002d198  [ 000168cc ] 0000006f          *              : fixdli.obj (.text)
                   0002d207  [ 00016903+] 0000006d          *   C55CSL_2.lib : vectors.obj (.text)
                   0002d274  [ 0001693a ] 0000006d          *   rts55x.lib : trgmsg.obj (.text)
                   0002d2e1  [ 00016970+] 0000006c          *   vpe_c.a55L : snlinit.o55L (.text)
                   0002d34d  [ 000169a6+] 0000006b          *   rts55x.lib : fseek.obj (.text)
                   0002d3b8  [ 000169dc ] 0000006a          *   util_c.a55L : wng.o55L (.text)
                   0002d422  [ 00016a11 ] 00000067          *   rts55x.lib : fltlid.obj (.text)
                   0002d489  [ 00016a44+] 00000060          *              : rand.obj (.text)
                   0002d4e9  [ 00016a74+] 00000060          *   vpe_c.a55L : svdinit.o55L (.text)
                   0002d549  [ 00016aa4+] 0000005c          *   rts55x.lib : atoi.obj (.text)
                   0002d5a5  [ 00016ad2+] 00000055          *   util_a.a55L : utillin2db.o55L (.text)
                   0002d5fa  [ 00016afd ] 00000053          *   vpe_a.a55L : slmnum.o55L (.text)
                   0002d64d  [ 00016b26+] 00000050          *   rts55x.lib : printf.obj (.text)
                   0002d69d  [ 00016b4e+] 0000004f          *   util_c.a55L : util.o55L (.text)
                   0002d6ec  [ 00016b76 ] 0000004d          *   rts55x.lib : autoinit.obj (.text)
                   0002d739  [ 00016b9c+] 0000004b          *              : args_main.obj (.text)
                   0002d784  [ 00016bc2 ] 0000004b          *              : remli.obj (.text)
                   0002d7cf  [ 00016be7+] 0000004a          *              : fprintf.obj (.text)
                   0002d819  [ 00016c0c+] 00000048          *              : divli.obj (.text)
                   0002d861  [ 00016c30+] 00000048          *   util_a.a55L : wngnum.o55L (.text)
                   0002d8a9  [ 00016c54+] 00000047          *   vpe_a.a55L : hlcnum.o55L (.text)
                   0002d8f0  [ 00016c78 ] 00000047          *   vpe_c.a55L : slminit.o55L (.text)
                   0002d937  [ 00016c9b+] 00000045          *   rts55x.lib : setjmp.obj (.text)
                   0002d97c  [ 00016cbe ] 00000041          *   util_a.a55L : utildb2lin.o55L (.text)
                   0002d9bd  [ 00016cde+] 0000003f          *   rts55x.lib : memcpy.obj (.text)
                   0002d9fc  [ 00016cfe ] 0000003e          *              : exit.obj (.text)
                   0002da3a  [ 00016d1d ] 0000003d          *              : assert.obj (.text)
                   0002da77  [ 00016d3b+] 0000003c          *              : idiv.obj (.text)
                   0002dab3  [ 00016d59+] 00000034          *              : boot.obj (.text)
                   0002dae7  [ 00016d73+] 0000002a          *              : fixdi.obj (.text)
                   0002db11  [ 00016d88+] 0000002a          *              : udiv.obj (.text)
                   0002db3b  [ 00016d9d+] 00000023          *              : memccpy.obj (.text)
                   0002db5e  [ 00016daf ] 0000001a          *              : isinf.obj (.text)
                   0002db78  [ 00016dbc ] 00000017          *              : time.obj (.text)
                   0002db8f  [ 00016dc7+] 00000014          *              : strcpy.obj (.text)
                   0002dba3  [ 00016dd1+] 00000014          *              : subd.obj (.text)
                   0002dbb7  [ 00016ddb+] 00000013          *              : lmpy.obj (.text)
                   0002dbca  [ 00016de5 ] 00000012          *              : _lock.obj (.text)
                   0002dbdc  [ 00016dee ] 00000011          *              : memset.obj (.text)
                   0002dbed  [ 00016df6+] 00000010          *              : negd.obj (.text)
                   0002dbfd  [ 00016dfe+] 0000000a          *              : remove.obj (.text)
                   0002dc07  [ 00016e03+] 00000007          *              : exit.obj (.text:CIO_breakpoint)
                   0002dc0e  [ 00016e07 ] 00000002          *              : vectors.obj (.text)
                   0002dc10  [ 00016e08 ] 00000001          *   --HOLE-- [fill = 20]

.switch      0   [ 0002dc14 ]  00016e0a          *   0000002c   
                 [ 0002dc14 ]  00016e0a          *   00000018   fuzz.obj (.switch:_mutator)
                 [ 0002dc44 ]  00016e22          *   00000014   sdk_c.a55L : sgn.o55L (.switch:_sgnControl)

.data        0   [ 00038000 ]  0001c000          *   00000000   UNINITIALIZED

.const       0   [ 00038000 ]  0001c000          *   000033c0   
                 [ 00038000 ]  0001c000          *   00000c80   sdk_c.a55L : sgntab.o55L (.const:_sgn_css_n_samples_16k)
                 [ 00039900 ]  0001cc80          *   00000c80              : sgntab.o55L (.const:_sgn_dtk_n_samples_16k)
                 [ 0003b200 ]  0001d900          *   000005d1              : sgntab.o55L (.const:_sgn_css_n_samples)
                 [ 0003bda2 ]  0001ded1          *   000005d1              : sgntab.o55L (.const:_sgn_dtk_n_samples)
                 [ 0003c944 ]  0001e4a2          *   0000048b              : sgntab.o55L (.const:_sgn_dtk_v_samples_16k)
                 [ 0003d25a ]  0001e92d          *   0000030a              : sgntab.o55L (.const:_sgn_css_v_samples_16k)
                 [ 0003d86e ]  0001ec37          *   00000001   --HOLE-- [fill = 0]
                 [ 0003d870 ]  0001ec38          *   00000180   vpe_c.a55L : nrffttb.o55L (.const:_nr_ffttable)
                 [ 0003db70 ]  0001edb8          *   0000014b   fuzz.obj (.const:.string)
                 [ 0003de06 ]  0001ef03          *   00000101   rts55x.lib : ctype.obj (.const:__ctypes_)
                 [ 0003e008 ]  0001f004          *   00000060   vpe_c.a55L : nrtbl.o55L (.const:_nr_win_6ms_16k)
                 [ 0003e0c8 ]  0001f064          *   0000005f              : slm.o55L (.const:_slm_tbl)
                 [ 0003e186 ]  0001f0c3          *   00000053   sdk_c.a55L : sgntab.o55L (.const:_sgn_dtk_v_samples)
                 [ 0003e22c ]  0001f116          *   00000050   vpe_c.a55L : nrtbl.o55L (.const:_nr_win_5ms_16k)
                 [ 0003e2cc ]  0001f166          *   0000004a   sdk_c.a55L : sgnum.o55L (.const:_sgnHNGainTable)
                 [ 0003e360 ]  0001f1b0          *   00000049              : sgntab.o55L (.const:_sgn_css_v_samples)
                 [ 0003e3f2 ]  0001f1f9          *   00000040   vpe_c.a55L : nrtbl.o55L (.const:_nr_win_4ms_16k)
                 [ 0003e472 ]  0001f239          *   00000030              : nrtbl.o55L (.const:_nr_win_3ms_16k)
                 [ 0003e4d2 ]  0001f269          *   00000030              : nrtbl.o55L (.const:_nr_win_6ms_8k)
                 [ 0003e532 ]  0001f299          *   00000001   --HOLE-- [fill = 0]
                 [ 0003e534 ]  0001f29a          *   0000002f   sdk_c.a55L : sgn.o55L (.const:.string)
                 [ 0003e592 ]  0001f2c9          *   00000028   vpe_c.a55L : nrtbl.o55L (.const:_nr_win_5ms_8k)
                 [ 0003e5e2 ]  0001f2f1          *   00000001   --HOLE-- [fill = 0]
                 [ 0003e5e4 ]  0001f2f2          *   00000024   rts55x.lib : _printfi.obj (.const:.string)
                 [ 0003e62c ]  0001f316          *   00000020   vpe_c.a55L : nrtbl.o55L (.const:_nr_win_4ms_8k)
                 [ 0003e66c ]  0001f336          *   00000019   new_vpesim.obj (.const:.string)
                 [ 0003e69e ]  0001f34f          *   00000018   vpe_c.a55L : nrtbl.o55L (.const:_nr_win_3ms_8k)
                 [ 0003e6ce ]  0001f367          *   0000000c              : hlc.o55L (.const:_hlcdBLinTable)
                 [ 0003e6e6 ]  0001f373          *   0000000c              : nrgain.o55L (.const:_nrdBLinTable)
                 [ 0003e6fe ]  0001f37f          *   00000001   --HOLE-- [fill = 0]
                 [ 0003e700 ]  0001f380          *   0000000c   rts55x.lib : _printfi.obj (.const)
                 [ 0003e718 ]  0001f38c          *   00000008              : divd.obj (.const:_initial_approx$1)
                 [ 0003e728 ]  0001f394          *   00000008   vpe_c.a55L : nrgain.o55L (.const:_nrdBCorrLinTable)
                 [ 0003e738 ]  0001f39c          *   00000008   util_a.a55L : utilnum.o55L (.const)
                 [ 0003e748 ]  0001f3a4          *   00000006   util_c.a55L : wng.o55L (.const:_wngNoiseTable)
                 [ 0003e754 ]  0001f3aa          *   00000005   vpe_c.a55L : nrprocess.o55L (.const:_nr_sqrt_coef)
                 [ 0003e75e ]  0001f3af          *   00000004   util_a.a55L : utildb2lin.o55L (.const)
                 [ 0003e766 ]  0001f3b3          *   00000004               : utillin2db.o55L (.const)
                 [ 0003e76e ]  0001f3b7          *   00000001   --HOLE-- [fill = 0]
                 [ 0003e770 ]  0001f3b8          *   00000003   rts55x.lib : assert.obj (.const:.string)
                 [ 0003e776 ]  0001f3bb          *   00000001   --HOLE-- [fill = 0]
                 [ 0003e778 ]  0001f3bc          *   00000002              : fputs.obj (.const:.string)
                 [ 0003e77c ]  0001f3be          *   00000002              : fltlid.obj (.const)

.data_sandbox 
*            0   [ 00044000 ]  00022000          *   00000080   UNINITIALIZED
                 [ 00044000 ]  00022000          *   00000080   fuzz.obj (.data_sandbox)

.program_sandbox 
*            0   [ 00048000 ]  00024000          *   00000781   UNINITIALIZED
                 [ 00048000 ]  00024000          *   00000781   fuzz.obj (.program_sandbox)


GLOBAL SYMBOLS: SORTED ALPHABETICALLY BY Name 

abs. value/
byte addr   word addr   name
---------   ---------   ----
00000002                $TI_capability$C5500$CallingConvention
00000002                $TI_capability$C5500$MemoryModel
00000001                $TI_capability_requires_rev2
            00008000    .bss
            0001c000    .data
00024000                .text
0002dc08                C$$EXIT
0002cc34                C$$IO$$
0002da77                I$$DIV
0002dbb7                I$$LMPY
0002da96                I$$MOD
0002db11                I$$UDIV
0002db26                I$$UMOD
00000700                RST
0002b1ae                _GPT_close
0002b2b7                _GPT_config
0002b27c                _GPT_getCnt
0002b06c                _GPT_open
0002b132                _GPT_reset
0002b225                _GPT_start
0002b252                _GPT_stop
00028e58                _HOSTclock
00028ded                _HOSTclose
00028d38                _HOSTlseek
00028c99                _HOSTopen
00028c0c                _HOSTread
00028b5e                _HOSTrename
00028b00                _HOSTtime
00028a96                _HOSTunlink
00028a09                _HOSTwrite
00028f45                _IRQ_clear
00028f9a                _IRQ_clearAll
00028faa                _IRQ_config
000290b9                _IRQ_disable
00029139                _IRQ_disableAll
00029147                _IRQ_enable
00029245                _IRQ_getArg
00029030                _IRQ_getConfig
0002938e                _IRQ_globalDisable
000293a7                _IRQ_globalEnable
000293c0                _IRQ_globalRestore
00028eb6                _IRQ_init
000292bc                _IRQ_map
0002ceb9                _IRQ_plug
000291d3                _IRQ_restore
0002928a                _IRQ_setArg
000292e9                _IRQ_setVecs
0002931a                _IRQ_test
            00008e03    _Nthresh
00000800                _Reset
00000700                _VECSTART
0000b505                _WNG_COEF
            00002000    __CIOBUF_
            00000380    __STACK_END
00000200                __STACK_SIZE
00000800                __SYSMEM_SIZE
00000400                __SYSSTACK_SIZE
00000001                __TI_args_main
ffffffff                ___binit__
            00008000    ___bss__
ffffffff                ___c_args__
            0000a042    ___cinit__
            0001c000    ___data__
            0001c000    ___edata__
            0000a042    ___end__
0002dc11                ___etext__
0002db5e                ___isinf
ffffffff                ___pinit__
00024000                ___text__
0002da3c                __abort_msg
0002bd4f                __addd
0002d739                __args_main
0002da6c                __assert
0002b993                __cleanup
            0000a03c    __cleanup_ptr
0002c13b                __cmpd
            0001ef03    __ctypes_
0002a217                __divd
0002da77                __divi
0002d819                __divli
0002bd1a                __divlli
0002db11                __divu
0002cd82                __divul
0002bc26                __divull
0002c943                __doflush
            0000a03e    __dtors_ptr
0002c107                __eqld
0002dae7                __fixdi
0002d198                __fixdli
0002d422                __fltlid
0002d03d                __frcmpyd
0002d0b3                __frcmpyd_div
            00009d3e    __ft_end
            00009c26    __ftable
0002c0bd                __geqd
0002c072                __gtrd
0002c025                __leqd
            0000a038    __lock
0002bfdd                __lssd
0002c2f6                __mpyd
0002dbb7                __mpyli
0002bb6e                __mpylli
0002da3a                __nassert
0002dbed                __negd
0002bfa9                __neqd
0002dbda                __nop
00025362                __printfi
0002c68c                __rd_ok
0002dbd2                __register_lock
0002dbca                __register_unlock
0002da96                __remi
0002d784                __remli
0002bb3f                __remlli
0002db26                __remu
0002d126                __remul
0002baf1                __remull
0002d937                __setjmp
            00000280    __stack
0002dba3                __subd
            00004000    __sys_memory
            00000080    __sysstack
            00009c9e    __tmpnams
            0000a03a    __unlock
0002c60c                __wrt_ok
0002dc07                _abort
0002889e                _add_device
00028436                _asnrClose
000282ad                _asnrControl
0002825b                _asnrDelete
000281e1                _asnrGetSizes
00027ef9                _asnrNew
00027ec8                _asnrOpen
00027e5d                _asnrProcess
0002d549                _atoi
0002d6ec                _auto_init
00027c4b                _bubble_coverage
0002a74a                _bus_error_isr
0002dab3                _c_int00
00029d4a                _calloc
00029d42                _chkheap
0002882b                _close
            00009e2e    _count
            00009e14    _cov_function_enter
0002ccdf                _coverage_log
            00009d44    _coverage_map
            00009e0c    _coverage_map_head
            00009e2a    _cpuCycleCount
00027328                _crash_void
            00009d42    _current_input
            00009d40    _current_seed_num
0002a87b                _data_log_isr
            00008a86    _decimDelayLine
00027b94                _dequeue_seed
0002d9fc                _exit
0002cfc2                _fclose
0002c9ac                _fflush
00028822                _find_registered_device
0002bab6                _fopen
0002d7cf                _fprintf
0002cc39                _fputc
0002c193                _fputs
000298bb                _free
00029cec                _free_memory
0002b9ed                _freopen
0002d34d                _fseek
0002a5e3                _fuzzer_isr
0002898e                _getenv
            00008dfc    _hctrlInst
            00008dfe    _hctrlInst_ptr
0002b5a6                _hlcControl
0002c870                _hlcGetSizes
0002c7b4                _hlcInit
            00008dfa    _hlcInst_ptr
0002b527                _hlcProcess
0002b4f0                _hlc_apply_gain
0002b3a5                _hlc_fsm
0002b379                _hlc_gain_convert
0002d8a9                _hlc_power_calc
0002b35e                _hlc_reset
            0001f367    _hlcdBLinTable
            00009298    _inCnt
            00009294    _inFrame
            00008b46    _interpDelayLine
            00024780    _intersting_cases
            00009e15    _isIncreasing
            00009e30    _isTest
            00009e28    _iterations
            00024000    _local_pool
0002d958                _longjmp
000287bc                _lseek
0002cf45                _ltoa
00027d3d                _main
00027c54                _main_harness_loop
000299ec                _malloc
00029c92                _max_free
0002db3b                _memccpy
0002d9bd                _memcpy
0002dbdc                _memset
00029987                _minit
            00009e29    _mutation_degression
00027486                _mutator
            00008e02    _noiseLevdB
            00009ff8    _nrBufs
            0000900e    _nrInst_ptr
0002a007                _nr_Xpow_calc
0002b847                _nr_apply_gain
0002c553                _nr_apply_gain_opt
0002c909                _nr_atten_dB2lin
            0000929a    _nr_buff0
            000092c6    _nr_buff1
            000095cc    _nr_buff2
            000097d0    _nr_buff3
            00009954    _nr_buff4
            00009a14    _nr_buff5
            00009c18    _nr_buff6
000293d4                _nr_fft
0002a0dd                _nr_fft_scale
000298b9                _nr_fft_tbl_init
00029f54                _nr_fft_win
            0001ec38    _nr_ffttable
0002c87f                _nr_gain_convert
            00009010    _nr_handle
0002b827                _nr_ifft_win
0002c5a2                _nr_ifft_win_opt
0002c528                _nr_lfxf
0002a110                _nr_main
0002b7b5                _nr_noise_upd
0002af63                _nr_noise_upd_opt
00027d48                _nr_reset
00029da3                _nr_sqrt
            0001f3aa    _nr_sqrt_coef
00029e10                _nr_thr_glim
00029d70                _nr_vad
0002b5ee                _nr_wiener
0002ad22                _nr_wiener_opt
0002adf2                _nr_wiener_opt1
0002ae80                _nr_wiener_opt2
0002af05                _nr_wiener_opt3
            0000a022    _nr_win
            0001f239    _nr_win_3ms_16k
            0001f34f    _nr_win_3ms_8k
            0001f1f9    _nr_win_4ms_16k
            0001f316    _nr_win_4ms_8k
            0001f116    _nr_win_5ms_16k
            0001f2c9    _nr_win_5ms_8k
            0001f004    _nr_win_6ms_16k
            0001f269    _nr_win_6ms_8k
            0001f394    _nrdBCorrLinTable
            0001f373    _nrdBLinTable
000286fd                _open
            00009299    _outCnt
            00009296    _outFrame
            00022000    _output_buffer
            00009e27    _pool_loops
0002d64d                _printf
0002cc39                _putc
0002ccd0                _putchar
0002c2c8                _puts
0002d4ab                _rand
0002864f                _read
0002d274                _readmsg
00029ae1                _realloc
0002dbfd                _remove
00028619                _remove_device
000285c0                _rename
            00009e0e    _retVal
            00009d41    _return_address
            00009e16    _saved_context
            00009e12    _seed_head
            00009e0f    _seed_number
            00009e13    _seed_tail
0002d937                _setjmp
00027403                _setup
0002c442                _setvbuf
0002713f                _sgnControl
00026a95                _sgnGenerateFrame
00026a86                _sgnGetSizes
            0001f166    _sgnHNGainTable
0002673c                _sgnInit
            00009012    _sgnInst_ptr
000265dc                _sgn_css_gen_samples
            0001d900    _sgn_css_n_samples
            0001c000    _sgn_css_n_samples_16k
            0001f1b0    _sgn_css_v_samples
            0001e92d    _sgn_css_v_samples_16k
            0001ded1    _sgn_dtk_n_samples
            0001cc80    _sgn_dtk_n_samples_16k
            0001f0c3    _sgn_dtk_v_samples
            0001e4a2    _sgn_dtk_v_samples_16k
0002c6e9                _sgn_hoth_gen_samples
            00008586    _sigInBuffer
            00008806    _sigOutBuffer
0002ca88                _slmControl
0002d928                _slmGetSizes
0002d8f0                _slmInit
            00008df8    _slmInst_ptr
0002ca05                _slmProcess
0002d5fa                _slm_proc
            0001f064    _slm_tbl
0002ad00                _snlGetLevels
0002d33e                _snlGetSizes
0002d2e1                _snlInit
            00008e00    _snlInst_ptr
            00008e04    _snlLevOut
0002a9ac                _snlProcess
            00008df7    _spchLevdB
0002d489                _srand
            00009e26    _stage_cycles
0002732a                _start_timer
000273d6                _stop_timer
0002db8f                _strcpy
            00009e10    _sut_start_address
0002cb30                _svdGetDecision
0002cb1e                _svdGetLevels
0002d53a                _svdGetSizes
0002d4e9                _svdInit
            00008f08    _svdInst_ptr
            00008f0a    _svdOut
0002caf1                _svdProcess
0002cac3                _svd_signal_pow
            00009e2c    _sysClk
000255a4                _telecom_test
0002db78                _time
0002858d                _unlink
0002d6de                _utlFractMemSet
0002d6cf                _utlLFractMemSet
0002ce68                _utlLFractVecMax
0002ce49                _utlLVecSum
0002d5a5                _utlLin2dBPower
0002d6c1                _utlLsMemSet
0002ce82                _utlLsVecMax
0002d6af                _utlScaleDown6dB
0002d69d                _utlScaleUp6dB
0002ce23                _utlSin
0002ce9a                _utlVecSum
            0001f39c    _utl_SinCTable
0002d97c                _utldB2LinPower
            00008000    _vpeIOBufs
            00008584    _vpeSim
            00008140    _vpeSimC
0002643f                _vpe_config_nr
000264ce                _vpe_deinstantiate_nr
00025b77                _vpe_init
000262e0                _vpe_instantiate_nr
000262da                _vpe_sim_flush_cache
            00008df6    _vpe_sim_fsk_data
00026299                _vpe_sim_gen_frame
            00008bf6    _vpe_sim_global_str
000262b4                _vpe_sim_in_file
00025946                _vpe_sim_init
000260b0                _vpe_sim_open_sgn
            00008cf6    _vpe_sim_print_str
00025a84                _vpe_sim_read_cfg
0002616f                _vpe_sim_set_sgn
            00009014    _vpe_temp_io_buf
0002d861                _wngGenNoiseFrame
0002d893                _wngGenNoiseSample
0002d3b8                _wngInit
            0001f3a4    _wngNoiseTable
0002844b                _write
0002cb7f                _writemsg
ffffffff                binit
            0000a042    cinit
            0001c000    edata
            0000a042    end
0002dc11                etext
ffffffff                pinit


GLOBAL SYMBOLS: SORTED BY Symbol Address 

abs. value/
byte addr   word addr   name
---------   ---------   ----
00000001                $TI_capability_requires_rev2
00000001                __TI_args_main
00000002                $TI_capability$C5500$CallingConvention
00000002                $TI_capability$C5500$MemoryModel
            00000080    __sysstack
00000200                __STACK_SIZE
00000400                __SYSSTACK_SIZE
            00000280    __stack
00000700                RST
00000700                _VECSTART
            00000380    __STACK_END
00000800                _Reset
00000800                __SYSMEM_SIZE
            00002000    __CIOBUF_
            00004000    __sys_memory
0000b505                _WNG_COEF
            00008000    .bss
            00008000    ___bss__
            00008000    _vpeIOBufs
            00008140    _vpeSimC
            00008584    _vpeSim
            00008586    _sigInBuffer
            00008806    _sigOutBuffer
            00008a86    _decimDelayLine
            00008b46    _interpDelayLine
            00008bf6    _vpe_sim_global_str
            00008cf6    _vpe_sim_print_str
            00008df6    _vpe_sim_fsk_data
            00008df7    _spchLevdB
            00008df8    _slmInst_ptr
            00008dfa    _hlcInst_ptr
            00008dfc    _hctrlInst
            00008dfe    _hctrlInst_ptr
            00008e00    _snlInst_ptr
            00008e02    _noiseLevdB
            00008e03    _Nthresh
            00008e04    _snlLevOut
            00008f08    _svdInst_ptr
            00008f0a    _svdOut
            0000900e    _nrInst_ptr
            00009010    _nr_handle
            00009012    _sgnInst_ptr
            00009014    _vpe_temp_io_buf
            00009294    _inFrame
            00009296    _outFrame
            00009298    _inCnt
            00009299    _outCnt
            0000929a    _nr_buff0
            000092c6    _nr_buff1
            000095cc    _nr_buff2
            000097d0    _nr_buff3
            00009954    _nr_buff4
            00009a14    _nr_buff5
            00009c18    _nr_buff6
            00009c26    __ftable
            00009c9e    __tmpnams
            00009d3e    __ft_end
            00009d40    _current_seed_num
            00009d41    _return_address
            00009d42    _current_input
            00009d44    _coverage_map
            00009e0c    _coverage_map_head
            00009e0e    _retVal
            00009e0f    _seed_number
            00009e10    _sut_start_address
            00009e12    _seed_head
            00009e13    _seed_tail
            00009e14    _cov_function_enter
            00009e15    _isIncreasing
            00009e16    _saved_context
            00009e26    _stage_cycles
            00009e27    _pool_loops
            00009e28    _iterations
            00009e29    _mutation_degression
            00009e2a    _cpuCycleCount
            00009e2c    _sysClk
            00009e2e    _count
            00009e30    _isTest
            00009ff8    _nrBufs
            0000a022    _nr_win
            0000a038    __lock
            0000a03a    __unlock
            0000a03c    __cleanup_ptr
            0000a03e    __dtors_ptr
            0000a042    ___cinit__
            0000a042    ___end__
            0000a042    cinit
            0000a042    end
00024000                .text
00024000                ___text__
00025362                __printfi
000255a4                _telecom_test
00025946                _vpe_sim_init
00025a84                _vpe_sim_read_cfg
00025b77                _vpe_init
000260b0                _vpe_sim_open_sgn
0002616f                _vpe_sim_set_sgn
00026299                _vpe_sim_gen_frame
000262b4                _vpe_sim_in_file
000262da                _vpe_sim_flush_cache
000262e0                _vpe_instantiate_nr
0002643f                _vpe_config_nr
000264ce                _vpe_deinstantiate_nr
000265dc                _sgn_css_gen_samples
0002673c                _sgnInit
00026a86                _sgnGetSizes
00026a95                _sgnGenerateFrame
0002713f                _sgnControl
00027328                _crash_void
0002732a                _start_timer
000273d6                _stop_timer
00027403                _setup
00027486                _mutator
00027b94                _dequeue_seed
00027c4b                _bubble_coverage
00027c54                _main_harness_loop
00027d3d                _main
00027d48                _nr_reset
00027e5d                _asnrProcess
00027ec8                _asnrOpen
00027ef9                _asnrNew
000281e1                _asnrGetSizes
0002825b                _asnrDelete
000282ad                _asnrControl
00028436                _asnrClose
0002844b                _write
0002858d                _unlink
000285c0                _rename
00028619                _remove_device
0002864f                _read
000286fd                _open
000287bc                _lseek
00028822                _find_registered_device
0002882b                _close
0002889e                _add_device
0002898e                _getenv
00028a09                _HOSTwrite
00028a96                _HOSTunlink
00028b00                _HOSTtime
00028b5e                _HOSTrename
00028c0c                _HOSTread
00028c99                _HOSTopen
00028d38                _HOSTlseek
00028ded                _HOSTclose
00028e58                _HOSTclock
00028eb6                _IRQ_init
00028f45                _IRQ_clear
00028f9a                _IRQ_clearAll
00028faa                _IRQ_config
00029030                _IRQ_getConfig
000290b9                _IRQ_disable
00029139                _IRQ_disableAll
00029147                _IRQ_enable
000291d3                _IRQ_restore
00029245                _IRQ_getArg
0002928a                _IRQ_setArg
000292bc                _IRQ_map
000292e9                _IRQ_setVecs
0002931a                _IRQ_test
0002938e                _IRQ_globalDisable
000293a7                _IRQ_globalEnable
000293c0                _IRQ_globalRestore
000293d4                _nr_fft
000298b9                _nr_fft_tbl_init
000298bb                _free
00029987                _minit
000299ec                _malloc
00029ae1                _realloc
00029c92                _max_free
00029cec                _free_memory
00029d42                _chkheap
00029d4a                _calloc
00029d70                _nr_vad
00029da3                _nr_sqrt
00029e10                _nr_thr_glim
00029f54                _nr_fft_win
0002a007                _nr_Xpow_calc
0002a0dd                _nr_fft_scale
0002a110                _nr_main
0002a217                __divd
0002a5e3                _fuzzer_isr
0002a74a                _bus_error_isr
0002a87b                _data_log_isr
0002a9ac                _snlProcess
0002ad00                _snlGetLevels
0002ad22                _nr_wiener_opt
0002adf2                _nr_wiener_opt1
0002ae80                _nr_wiener_opt2
0002af05                _nr_wiener_opt3
0002af63                _nr_noise_upd_opt
0002b06c                _GPT_open
0002b132                _GPT_reset
0002b1ae                _GPT_close
0002b225                _GPT_start
0002b252                _GPT_stop
0002b27c                _GPT_getCnt
0002b2b7                _GPT_config
0002b35e                _hlc_reset
0002b379                _hlc_gain_convert
0002b3a5                _hlc_fsm
0002b4f0                _hlc_apply_gain
0002b527                _hlcProcess
0002b5a6                _hlcControl
0002b5ee                _nr_wiener
0002b7b5                _nr_noise_upd
0002b827                _nr_ifft_win
0002b847                _nr_apply_gain
0002b993                __cleanup
0002b9ed                _freopen
0002bab6                _fopen
0002baf1                __remull
0002bb3f                __remlli
0002bb6e                __mpylli
0002bc26                __divull
0002bd1a                __divlli
0002bd4f                __addd
0002bfa9                __neqd
0002bfdd                __lssd
0002c025                __leqd
0002c072                __gtrd
0002c0bd                __geqd
0002c107                __eqld
0002c13b                __cmpd
0002c193                _fputs
0002c2c8                _puts
0002c2f6                __mpyd
0002c442                _setvbuf
0002c528                _nr_lfxf
0002c553                _nr_apply_gain_opt
0002c5a2                _nr_ifft_win_opt
0002c60c                __wrt_ok
0002c68c                __rd_ok
0002c6e9                _sgn_hoth_gen_samples
0002c7b4                _hlcInit
0002c870                _hlcGetSizes
0002c87f                _nr_gain_convert
0002c909                _nr_atten_dB2lin
0002c943                __doflush
0002c9ac                _fflush
0002ca05                _slmProcess
0002ca88                _slmControl
0002cac3                _svd_signal_pow
0002caf1                _svdProcess
0002cb1e                _svdGetLevels
0002cb30                _svdGetDecision
0002cb7f                _writemsg
0002cc34                C$$IO$$
0002cc39                _fputc
0002cc39                _putc
0002ccd0                _putchar
0002ccdf                _coverage_log
0002cd82                __divul
0002ce23                _utlSin
0002ce49                _utlLVecSum
0002ce68                _utlLFractVecMax
0002ce82                _utlLsVecMax
0002ce9a                _utlVecSum
0002ceb9                _IRQ_plug
0002cf45                _ltoa
0002cfc2                _fclose
0002d03d                __frcmpyd
0002d0b3                __frcmpyd_div
0002d126                __remul
0002d198                __fixdli
0002d274                _readmsg
0002d2e1                _snlInit
0002d33e                _snlGetSizes
0002d34d                _fseek
0002d3b8                _wngInit
0002d422                __fltlid
0002d489                _srand
0002d4ab                _rand
0002d4e9                _svdInit
0002d53a                _svdGetSizes
0002d549                _atoi
0002d5a5                _utlLin2dBPower
0002d5fa                _slm_proc
0002d64d                _printf
0002d69d                _utlScaleUp6dB
0002d6af                _utlScaleDown6dB
0002d6c1                _utlLsMemSet
0002d6cf                _utlLFractMemSet
0002d6de                _utlFractMemSet
0002d6ec                _auto_init
0002d739                __args_main
0002d784                __remli
0002d7cf                _fprintf
0002d819                __divli
0002d861                _wngGenNoiseFrame
0002d893                _wngGenNoiseSample
0002d8a9                _hlc_power_calc
0002d8f0                _slmInit
0002d928                _slmGetSizes
0002d937                __setjmp
0002d937                _setjmp
0002d958                _longjmp
0002d97c                _utldB2LinPower
0002d9bd                _memcpy
0002d9fc                _exit
0002da3a                __nassert
0002da3c                __abort_msg
0002da6c                __assert
0002da77                I$$DIV
0002da77                __divi
0002da96                I$$MOD
0002da96                __remi
0002dab3                _c_int00
0002dae7                __fixdi
0002db11                I$$UDIV
0002db11                __divu
0002db26                I$$UMOD
0002db26                __remu
0002db3b                _memccpy
0002db5e                ___isinf
0002db78                _time
0002db8f                _strcpy
0002dba3                __subd
0002dbb7                I$$LMPY
0002dbb7                __mpyli
0002dbca                __register_unlock
0002dbd2                __register_lock
0002dbda                __nop
0002dbdc                _memset
0002dbed                __negd
0002dbfd                _remove
0002dc07                _abort
0002dc08                C$$EXIT
0002dc11                ___etext__
0002dc11                etext
            0001c000    .data
            0001c000    ___data__
            0001c000    ___edata__
            0001c000    _sgn_css_n_samples_16k
            0001c000    edata
            0001cc80    _sgn_dtk_n_samples_16k
            0001d900    _sgn_css_n_samples
            0001ded1    _sgn_dtk_n_samples
            0001e4a2    _sgn_dtk_v_samples_16k
            0001e92d    _sgn_css_v_samples_16k
            0001ec38    _nr_ffttable
            0001ef03    __ctypes_
            0001f004    _nr_win_6ms_16k
            0001f064    _slm_tbl
            0001f0c3    _sgn_dtk_v_samples
            0001f116    _nr_win_5ms_16k
            0001f166    _sgnHNGainTable
            0001f1b0    _sgn_css_v_samples
            0001f1f9    _nr_win_4ms_16k
            0001f239    _nr_win_3ms_16k
            0001f269    _nr_win_6ms_8k
            0001f2c9    _nr_win_5ms_8k
            0001f316    _nr_win_4ms_8k
            0001f34f    _nr_win_3ms_8k
            0001f367    _hlcdBLinTable
            0001f373    _nrdBLinTable
            0001f394    _nrdBCorrLinTable
            0001f39c    _utl_SinCTable
            0001f3a4    _wngNoiseTable
            0001f3aa    _nr_sqrt_coef
            00022000    _output_buffer
            00024000    _local_pool
            00024780    _intersting_cases
ffffffff                ___binit__
ffffffff                ___c_args__
ffffffff                ___pinit__
ffffffff                binit
ffffffff                pinit

[367 symbols]
