******************************************************************************
              TMS320C55x Linker Unix v4.4.1                    
******************************************************************************
>> Linked Sun Sep  8 15:54:29 2024

OUTPUT FILE NAME:   <DSPFuzz.out>
ENTRY POINT SYMBOL: "_c_int00"  address: 00015ce0


MEMORY CONFIGURATION

         name            origin    length      used     unused   attr    fill
                        (bytes)   (bytes)    (bytes)   (bytes)
----------------------  --------  ---------  --------  --------  ----  --------
  MMR                   00000000   000000c0  00000000  000000c0  RWIX
  SPRAM                 000000c0   00000020  00000000  00000020  RWIX
  DARAM0                00000100   00003f00  00001500  00002a00  RWIX
  DARAM1                00004000   00004000  00001000  00003000  RW X
  DARAM2                00008000   00004000  00000240  00003dc0  RW X
  DARAM3                0000c000   00004000  00000000  00004000  RW X
  SARAM01               00010000   00008000  00005f13  000020ed  RW X
  SARAM2                00018000   00004000  00000000  00004000  RWIX
  SARAM3                0001c000   00004000  00000000  00004000  RWIX
  SARAM4                00020000   00004000  00000000  00004000  RWIX
  SARAM5                00024000   0000c000  0000404c  00007fb4  RWIX
  SARAM6                00030000   00004000  00000000  00004000  RWIX
  SARAM7                00034000   00004000  00000000  00004000  RW X
  SARAM8                00038000   00004000  00000000  00004000  RWIX
  SARAM9                0003c000   00008000  00000000  00008000  RWIX
  SARAM10               00044000   0000b000  0000a53c  00000ac4  RW X
  CE1                   00400000   00400000  00000000  00400000  RWIX
  CE2                   00800000   00400000  00000000  00400000  RWIX
  CE3                   00c00000   003f8000  00000000  003f8000  RWIX
  PDROM                 00ff8000   00007f00  00000000  00007f00  RWIX
  VECS                  00ffff00   00000100  00000000  00000100  RWIX


SECTION ALLOCATION MAP
(Addresses surrounded by []'s are displayed for convenience only!)

output                                                          attributes/
section   page  orgn(bytes) orgn(words) len(bytes) len(words)   input sections
--------  ----  ----------- ----------- ---------- ----------   --------------
.stack       0   [ 00000100 ]  00000080          *   00000800   UNINITIALIZED
                 [ 00000100 ]  00000080          *   00000800   --HOLE--

.sysstack 
*            0   [ 00001100 ]  00000880          *   00000200   UNINITIALIZED
                 [ 00001100 ]  00000880          *   00000200   --HOLE--

vectors      0     00001500  [ 00000a80 ] 00000100          *   NOLOAD SECTION
                   00001500  [ 00000a80 ] 00000100          *   rts55x.lib : vectors.obj (vectors)

.sysmem      0   [ 00004000 ]  00002000          *   00000800   UNINITIALIZED
                 [ 00004000 ]  00002000          *   00000800   --HOLE--

.cio         0   [ 00008000 ]  00004000          *   00000120   UNINITIALIZED
                 [ 00008000 ]  00004000          *   00000120   rts55x.lib : trgmsg.obj (.cio)

.text        0     00010000  [ 00008000 ] 00005e21          *   
                   00010000  [ 00008000 ] 0000177e          *   enc.obj (.text)
                   0001177e  [ 00008bbf ] 000015a4          *   rts55x.lib : _printfi.obj (.text)
                   00012d22  [ 00009691 ] 00000543          *              : lowlev.obj (.text)
                   00013265  [ 00009932+] 00000528          *              : trgdrv.obj (.text)
                   0001378d  [ 00009bc6+] 000004b5          *              : memory.obj (.text)
                   00013c42  [ 00009e21 ] 000003e5          *   huff.obj (.text)
                   00014027  [ 0000a013+] 000003cc          *   rts55x.lib : divd.obj (.text)
                   000143f3  [ 0000a1f9+] 0000027f          *              : fopen.obj (.text)
                   00014672  [ 0000a339 ] 0000025e          *              : llmpy.obj (.text)
                   000148d0  [ 0000a468 ] 0000025a          *              : addd.obj (.text)
                   00014b2a  [ 0000a595 ] 000001ea          *              : cmpd.obj (.text)
                   00014d14  [ 0000a68a ] 00000163          *              : fputs.obj (.text)
                   00014e77  [ 0000a73b+] 0000014c          *              : mpyd.obj (.text)
                   00014fc3  [ 0000a7e1+] 000000e6          *              : setvbuf.obj (.text)
                   000150a9  [ 0000a854+] 000000dd          *              : _io_perm.obj (.text)
                   00015186  [ 0000a8c3 ] 000000c2          *              : fflush.obj (.text)
                   00015248  [ 0000a924 ] 000000bf          *   jpeg_encode_test.obj (.text)
                   00015307  [ 0000a983+] 000000ba          *   rts55x.lib : trgmsg.obj (.text:CIO_breakpoint)
                   000153c1  [ 0000a9e0+] 000000a6          *              : fputc.obj (.text)
                   00015467  [ 0000aa33+] 000000a1          *   buf.obj (.text)
                   00015508  [ 0000aa84 ] 000000a1          *   rts55x.lib : divul.obj (.text)
                   000155a9  [ 0000aad4+] 0000007d          *              : ltoa.obj (.text)
                   00015626  [ 0000ab13 ] 0000007b          *              : fclose.obj (.text)
                   000156a1  [ 0000ab50+] 00000076          *              : frcmpyd.obj (.text)
                   00015717  [ 0000ab8b+] 00000073          *              : frcmpyd_div.obj (.text)
                   0001578a  [ 0000abc5 ] 00000072          *              : remul.obj (.text)
                   000157fc  [ 0000abfe ] 0000006f          *              : fixdli.obj (.text)
                   0001586b  [ 0000ac35+] 0000006d          *              : trgmsg.obj (.text)
                   000158d8  [ 0000ac6c ] 0000006b          *              : fseek.obj (.text)
                   00015943  [ 0000aca1+] 00000067          *              : fltlid.obj (.text)
                   000159aa  [ 0000acd5 ] 0000005c          *              : atoi.obj (.text)
                   00015a06  [ 0000ad03 ] 0000005b          *              : fltuld.obj (.text)
                   00015a61  [ 0000ad30+] 00000050          *              : printf.obj (.text)
                   00015ab1  [ 0000ad58+] 0000004d          *              : autoinit.obj (.text)
                   00015afe  [ 0000ad7f ] 0000004b          *              : args_main.obj (.text)
                   00015b49  [ 0000ada4+] 0000004b          *              : remli.obj (.text)
                   00015b94  [ 0000adca ] 0000004a          *              : fprintf.obj (.text)
                   00015bde  [ 0000adef ] 00000048          *              : divli.obj (.text)
                   00015c26  [ 0000ae13 ] 0000003f          *              : memcpy.obj (.text)
                   00015c65  [ 0000ae32+] 0000003e          *              : exit.obj (.text)
                   00015ca3  [ 0000ae51+] 0000003d          *              : assert.obj (.text)
                   00015ce0  [ 0000ae70 ] 00000034          *              : boot.obj (.text)
                   00015d14  [ 0000ae8a ] 0000002a          *              : fixdi.obj (.text)
                   00015d3e  [ 0000ae9f ] 0000002a          *              : udiv.obj (.text)
                   00015d68  [ 0000aeb4 ] 00000023          *              : memccpy.obj (.text)
                   00015d8b  [ 0000aec5+] 0000001a          *              : isinf.obj (.text)
                   00015da5  [ 0000aed2+] 00000014          *              : subd.obj (.text)
                   00015db9  [ 0000aedc+] 00000013          *              : lmpy.obj (.text)
                   00015dcc  [ 0000aee6 ] 00000012          *              : _lock.obj (.text)
                   00015dde  [ 0000aeef ] 00000011          *              : memset.obj (.text)
                   00015def  [ 0000aef7+] 00000010          *              : negd.obj (.text)
                   00015dff  [ 0000aeff+] 0000000e          *              : fltud.obj (.text)
                   00015e0d  [ 0000af06+] 0000000a          *              : remove.obj (.text)
                   00015e17  [ 0000af0b+] 00000007          *              : exit.obj (.text:CIO_breakpoint)
                   00015e1e  [ 0000af0f ] 00000002          *              : vectors.obj (.text)
                   00015e20  [ 0000af10 ] 00000001          *   --HOLE-- [fill = 20]

.cinit       0   [ 00015e22 ]  0000af11          *   00000079   
                 [ 00015e22 ]  0000af11          *   0000002d   rts55x.lib : lowlev.obj (.cinit)
                 [ 00015e7c ]  0000af3e          *   0000002a              : defs.obj (.cinit)
                 [ 00015ed0 ]  0000af68          *   0000000a              : _lock.obj (.cinit)
                 [ 00015ee4 ]  0000af72          *   0000000a              : exit.obj (.cinit)
                 [ 00015ef8 ]  0000af7c          *   00000005   jpeg_encode_test.obj (.cinit)
                 [ 00015f02 ]  0000af81          *   00000004   rts55x.lib : fopen.obj (.cinit)
                 [ 00015f0a ]  0000af85          *   00000004              : memory.obj (.cinit)
                 [ 00015f12 ]  0000af89          *   00000001   --HOLE-- [fill = 0]

.bss         0   [ 00024000 ]  00012000          *   00002026   UNINITIALIZED
                 [ 00024000 ]  00012000          *   00001b98   buf.obj (.bss)
                 [ 00027730 ]  00013b98          *   0000021a   enc.obj (.bss)
                 [ 00027b64 ]  00013db2          *   00000119   rts55x.lib : defs.obj (.bss)
                 [ 00027d96 ]  00013ecb          *   000000d0              : trgdrv.obj (.bss)
                 [ 00027f36 ]  00013f9b          *   00000001              : fopen.obj (.bss)
                 [ 00027f38 ]  00013f9c          *   00000071              : lowlev.obj (.bss)
                 [ 0002801a ]  0001400d          *   00000001   --HOLE--
                 [ 0002801c ]  0001400e          *   00000008   huff.obj (.bss)
                 [ 0002802c ]  00014016          *   00000006   rts55x.lib : memory.obj (.bss)
                 [ 00028038 ]  0001401c          *   00000004              : _lock.obj (.bss)
                 [ 00028040 ]  00014020          *   00000004              : exit.obj (.bss)
                 [ 00028048 ]  00014024          *   00000002   jpeg_encode_test.obj (.bss)

.data        0   [ 00038000 ]  0001c000          *   00000000   UNINITIALIZED

.const       0   [ 00044000 ]  00022000          *   0000529e   
                 [ 00044000 ]  00022000          *   00004780   jpeg_encode_test.obj (.const:_test_data)
                 [ 0004cf00 ]  00026780          *   00000331   enc.obj (.const:.string)
                 [ 0004d562 ]  00026ab1          *   00000001   --HOLE-- [fill = 0]
                 [ 0004d564 ]  00026ab2          *   00000200   conf.obj (.const:_jpec_ac_code)
                 [ 0004d964 ]  00026cb2          *   0000010a   huff.obj (.const:.string)
                 [ 0004db78 ]  00026dbc          *   00000101   rts55x.lib : ctype.obj (.const:__ctypes_)
                 [ 0004dd7a ]  00026ebd          *   00000100   conf.obj (.const:_jpec_ac_len)
                 [ 0004df7a ]  00026fbd          *   000000a2   conf.obj (.const:_jpec_ac_vals)
                 [ 0004e0be ]  0002705f          *   00000001   --HOLE-- [fill = 0]
                 [ 0004e0c0 ]  00027060          *   00000080   conf.obj (.const:_jpec_zz)
                 [ 0004e1c0 ]  000270e0          *   00000076   jpeg_encode_test.obj (.const:.string)
                 [ 0004e2ac ]  00027156          *   0000005c   buf.obj (.const:.string)
                 [ 0004e364 ]  000271b2          *   00000040   conf.obj (.const:_jpec_qzr)
                 [ 0004e3e4 ]  000271f2          *   00000024   rts55x.lib : _printfi.obj (.const:.string)
                 [ 0004e42c ]  00027216          *   00000018   conf.obj (.const:_jpec_dc_code)
                 [ 0004e45c ]  0002722e          *   00000011   conf.obj (.const:_jpec_ac_nodes)
                 [ 0004e47e ]  0002723f          *   00000011   conf.obj (.const:_jpec_dc_nodes)
                 [ 0004e4a0 ]  00027250          *   0000000e   conf.obj (.const:_jpec_dct)
                 [ 0004e4bc ]  0002725e          *   0000000c   conf.obj (.const:_jpec_dc_len)
                 [ 0004e4d4 ]  0002726a          *   0000000c   conf.obj (.const:_jpec_dc_vals)
                 [ 0004e4ec ]  00027276          *   0000000c   rts55x.lib : _printfi.obj (.const)
                 [ 0004e504 ]  00027282          *   00000008              : divd.obj (.const:_initial_approx$1)
                 [ 0004e514 ]  0002728a          *   00000006   enc.obj (.const)
                 [ 0004e520 ]  00027290          *   00000004   conf.obj (.const)
                 [ 0004e528 ]  00027294          *   00000003   rts55x.lib : assert.obj (.const:.string)
                 [ 0004e52e ]  00027297          *   00000001   --HOLE-- [fill = 0]
                 [ 0004e530 ]  00027298          *   00000002              : fputs.obj (.const:.string)
                 [ 0004e534 ]  0002729a          *   00000002              : fltlid.obj (.const)
                 [ 0004e538 ]  0002729c          *   00000002              : fltuld.obj (.const)


GLOBAL SYMBOLS: SORTED ALPHABETICALLY BY Name 

abs. value/
byte addr   word addr   name
---------   ---------   ----
00000002                $TI_capability$C5500$CallingConvention
00000002                $TI_capability$C5500$MemoryModel
00000001                $TI_capability_requires_rev3
            00012000    .bss
            0001c000    .data
00010000                .text
00015e18                C$$EXIT
000153bc                C$$IO$$
00015db9                I$$LMPY
00015d3e                I$$UDIV
00015d53                I$$UMOD
0001372f                _HOSTclock
000136c4                _HOSTclose
0001360f                _HOSTlseek
00013570                _HOSTopen
000134e3                _HOSTread
00013435                _HOSTrename
000133d7                _HOSTtime
0001336d                _HOSTunlink
000132e0                _HOSTwrite
00001500                _Reset
            00004000    __CIOBUF_
            00000880    __STACK_END
00001000                __STACK_SIZE
00001000                __SYSMEM_SIZE
00000400                __SYSSTACK_SIZE
00000001                __TI_args_main
ffffffff                ___binit__
            00012000    ___bss__
ffffffff                ___c_args__
            0000af11    ___cinit__
            0001c000    ___data__
            0001c000    ___edata__
            00014026    ___end__
00015e21                ___etext__
00015d8b                ___isinf
ffffffff                ___pinit__
00010000                ___text__
00015ca5                __abort_msg
000148d0                __addd
00015afe                __args_main
00015cd5                __assert
00014514                __cleanup
            00014020    __cleanup_ptr
00014cbc                __cmpd
            00026dbc    __ctypes_
00014027                __divd
00015bde                __divli
0001489b                __divlli
00015d3e                __divu
00015508                __divul
000147a7                __divull
00015186                __doflush
            00014022    __dtors_ptr
00014c88                __eqld
00015d14                __fixdi
000157fc                __fixdli
00015943                __fltlid
00015dff                __fltud
00015a06                __fltuld
000156a1                __frcmpyd
00015717                __frcmpyd_div
            00013eca    __ft_end
            00013db2    __ftable
00014c3e                __geqd
00014bf3                __gtrd
00014ba6                __leqd
            0001401c    __lock
00014b5e                __lssd
00014e77                __mpyd
00015db9                __mpyli
000146ef                __mpylli
00015ca3                __nassert
00015def                __negd
00014b2a                __neqd
00015ddc                __nop
00012ae0                __printfi
00015129                __rd_ok
00015dd4                __register_lock
00015dcc                __register_unlock
00015b49                __remli
000146c0                __remlli
00015d53                __remu
0001578a                __remul
00014672                __remull
            00000080    __stack
00015da5                __subd
            00002000    __sys_memory
            00000880    __sysstack
            00013e2a    __tmpnams
            0001401e    __unlock
000150a9                __wrt_ok
00015e17                _abort
00013175                _add_device
000159aa                _atoi
00015ab1                _auto_init
00015ce0                _c_int00
00013c1c                _calloc
00013c14                _chkheap
00013102                _close
00015c65                _exit
            00014024    _fakeFile
00015626                _fclose
000151ef                _fflush
000130f9                _find_registered_device
00014637                _fopen
00015b94                _fprintf
000153c1                _fputc
00014d14                _fputs
0001378d                _free
00013bbe                _free_memory
0001456e                _freopen
000158d8                _fseek
            00013b92    _g_jpec_buffer
            00013b9e    _g_jpec_enc
            00013b98    _g_jpec_huff_skel
            0001400e    _g_jpeg_huff
00013265                _getenv
            00026ab2    _jpec_ac_code
            00026ebd    _jpec_ac_len
            00027292    _jpec_ac_nb_vals
            0002722e    _jpec_ac_nodes
            00026fbd    _jpec_ac_vals
00015467                _jpec_buffer_new2
000154d0                _jpec_buffer_write_2bytes
0001549a                _jpec_buffer_write_byte
            00027216    _jpec_dc_code
            0002725e    _jpec_dc_len
            00027290    _jpec_dc_nb_vals
            0002723f    _jpec_dc_nodes
            0002726a    _jpec_dc_vals
            00027250    _jpec_dct
00010000                _jpec_enc_new2
000100f1                _jpec_enc_run
00013cb5                _jpec_huff_del
00013cdb                _jpec_huff_encode_block
00013c8c                _jpec_huff_new
00013c42                _jpec_huff_skel_init
            000271b2    _jpec_qzr
            00027060    _jpec_zz
00013093                _lseek
000155a9                _ltoa
00015248                _main
000138be                _malloc
00013b64                _max_free
00015d68                _memccpy
00015c26                _memcpy
00015dde                _memset
00013859                _minit
00012fd4                _open
            00012000    _output_buf
00015a61                _printf
000153c1                _putc
00015458                _putchar
00014e49                _puts
00012f26                _read
0001586b                _readmsg
000139b3                _realloc
00015e0d                _remove
00012ef0                _remove_device
00012e97                _rename
00014fc3                _setvbuf
            00022000    _test_data
00012e64                _unlink
00012d22                _write
00015307                _writemsg
ffffffff                binit
            0000af11    cinit
            0001c000    edata
            00014026    end
00015e21                etext
ffffffff                pinit


GLOBAL SYMBOLS: SORTED BY Symbol Address 

abs. value/
byte addr   word addr   name
---------   ---------   ----
00000001                $TI_capability_requires_rev3
00000001                __TI_args_main
00000002                $TI_capability$C5500$CallingConvention
00000002                $TI_capability$C5500$MemoryModel
            00000080    __stack
00000400                __SYSSTACK_SIZE
00001000                __STACK_SIZE
00001000                __SYSMEM_SIZE
            00000880    __STACK_END
            00000880    __sysstack
00001500                _Reset
            00002000    __sys_memory
            00004000    __CIOBUF_
00010000                .text
00010000                ___text__
00010000                _jpec_enc_new2
000100f1                _jpec_enc_run
00012ae0                __printfi
00012d22                _write
00012e64                _unlink
00012e97                _rename
00012ef0                _remove_device
00012f26                _read
00012fd4                _open
00013093                _lseek
000130f9                _find_registered_device
00013102                _close
00013175                _add_device
00013265                _getenv
000132e0                _HOSTwrite
0001336d                _HOSTunlink
000133d7                _HOSTtime
00013435                _HOSTrename
000134e3                _HOSTread
00013570                _HOSTopen
0001360f                _HOSTlseek
000136c4                _HOSTclose
0001372f                _HOSTclock
0001378d                _free
00013859                _minit
000138be                _malloc
000139b3                _realloc
00013b64                _max_free
00013bbe                _free_memory
00013c14                _chkheap
00013c1c                _calloc
00013c42                _jpec_huff_skel_init
00013c8c                _jpec_huff_new
00013cb5                _jpec_huff_del
00013cdb                _jpec_huff_encode_block
00014027                __divd
00014514                __cleanup
0001456e                _freopen
00014637                _fopen
00014672                __remull
000146c0                __remlli
000146ef                __mpylli
000147a7                __divull
0001489b                __divlli
000148d0                __addd
00014b2a                __neqd
00014b5e                __lssd
00014ba6                __leqd
00014bf3                __gtrd
00014c3e                __geqd
00014c88                __eqld
00014cbc                __cmpd
00014d14                _fputs
00014e49                _puts
00014e77                __mpyd
00014fc3                _setvbuf
000150a9                __wrt_ok
00015129                __rd_ok
00015186                __doflush
000151ef                _fflush
00015248                _main
00015307                _writemsg
000153bc                C$$IO$$
000153c1                _fputc
000153c1                _putc
00015458                _putchar
00015467                _jpec_buffer_new2
0001549a                _jpec_buffer_write_byte
000154d0                _jpec_buffer_write_2bytes
00015508                __divul
000155a9                _ltoa
00015626                _fclose
000156a1                __frcmpyd
00015717                __frcmpyd_div
0001578a                __remul
000157fc                __fixdli
0001586b                _readmsg
000158d8                _fseek
00015943                __fltlid
000159aa                _atoi
00015a06                __fltuld
00015a61                _printf
00015ab1                _auto_init
00015afe                __args_main
00015b49                __remli
00015b94                _fprintf
00015bde                __divli
00015c26                _memcpy
00015c65                _exit
00015ca3                __nassert
00015ca5                __abort_msg
00015cd5                __assert
00015ce0                _c_int00
00015d14                __fixdi
00015d3e                I$$UDIV
00015d3e                __divu
00015d53                I$$UMOD
00015d53                __remu
00015d68                _memccpy
00015d8b                ___isinf
00015da5                __subd
00015db9                I$$LMPY
00015db9                __mpyli
00015dcc                __register_unlock
00015dd4                __register_lock
00015ddc                __nop
00015dde                _memset
00015def                __negd
00015dff                __fltud
00015e0d                _remove
00015e17                _abort
00015e18                C$$EXIT
00015e21                ___etext__
00015e21                etext
            0000af11    ___cinit__
            0000af11    cinit
            00012000    .bss
            00012000    ___bss__
            00012000    _output_buf
            00013b92    _g_jpec_buffer
            00013b98    _g_jpec_huff_skel
            00013b9e    _g_jpec_enc
            00013db2    __ftable
            00013e2a    __tmpnams
            00013eca    __ft_end
            0001400e    _g_jpeg_huff
            0001401c    __lock
            0001401e    __unlock
            00014020    __cleanup_ptr
            00014022    __dtors_ptr
            00014024    _fakeFile
            00014026    ___end__
            00014026    end
            0001c000    .data
            0001c000    ___data__
            0001c000    ___edata__
            0001c000    edata
            00022000    _test_data
            00026ab2    _jpec_ac_code
            00026dbc    __ctypes_
            00026ebd    _jpec_ac_len
            00026fbd    _jpec_ac_vals
            00027060    _jpec_zz
            000271b2    _jpec_qzr
            00027216    _jpec_dc_code
            0002722e    _jpec_ac_nodes
            0002723f    _jpec_dc_nodes
            00027250    _jpec_dct
            0002725e    _jpec_dc_len
            0002726a    _jpec_dc_vals
            00027290    _jpec_dc_nb_vals
            00027292    _jpec_ac_nb_vals
ffffffff                ___binit__
ffffffff                ___c_args__
ffffffff                ___pinit__
ffffffff                binit
ffffffff                pinit

[172 symbols]
