<?xml version="1.0"?>
<link_info>
   <banner>TMS320C55x Linker PC v4.4.1</banner>
   <copyright>Copyright (c) 1996-2012 Texas Instruments Incorporated</copyright>
   <link_time>0x65ca70a4</link_time>
   <output_file>Intial_Fuzz.out</output_file>
   <entry_point>
      <name>_c_int00</name>
      <address>0x1407a</address>
   </entry_point>
   <input_file_list>
      <input_file id="fl-2">
         <path>.\</path>
         <kind>object</kind>
         <file>main.obj</file>
         <name>main.obj</name>
      </input_file>
      <input_file id="fl-19">
         <path>C:\ti\ccs1250\ccs\tools\compiler\c5500_4.4.1\lib\</path>
         <kind>archive</kind>
         <file>rts55x.lib</file>
         <name>boot.obj</name>
      </input_file>
      <input_file id="fl-1a">
         <path>C:\ti\ccs1250\ccs\tools\compiler\c5500_4.4.1\lib\</path>
         <kind>archive</kind>
         <file>rts55x.lib</file>
         <name>exit.obj</name>
      </input_file>
      <input_file id="fl-1b">
         <path>C:\ti\ccs1250\ccs\tools\compiler\c5500_4.4.1\lib\</path>
         <kind>archive</kind>
         <file>rts55x.lib</file>
         <name>idiv.obj</name>
      </input_file>
      <input_file id="fl-1c">
         <path>C:\ti\ccs1250\ccs\tools\compiler\c5500_4.4.1\lib\</path>
         <kind>archive</kind>
         <file>rts55x.lib</file>
         <name>memset.obj</name>
      </input_file>
      <input_file id="fl-1d">
         <path>C:\ti\ccs1250\ccs\tools\compiler\c5500_4.4.1\lib\</path>
         <kind>archive</kind>
         <file>rts55x.lib</file>
         <name>printf.obj</name>
      </input_file>
      <input_file id="fl-1e">
         <path>C:\ti\ccs1250\ccs\tools\compiler\c5500_4.4.1\lib\</path>
         <kind>archive</kind>
         <file>rts55x.lib</file>
         <name>vectors.obj</name>
      </input_file>
      <input_file id="fl-1f">
         <path>C:\ti\ccs1250\ccs\tools\compiler\c5500_4.4.1\lib\</path>
         <kind>archive</kind>
         <file>rts55x.lib</file>
         <name>_lock.obj</name>
      </input_file>
      <input_file id="fl-20">
         <path>C:\ti\ccs1250\ccs\tools\compiler\c5500_4.4.1\lib\</path>
         <kind>archive</kind>
         <file>rts55x.lib</file>
         <name>_printfi.obj</name>
      </input_file>
      <input_file id="fl-21">
         <path>C:\ti\ccs1250\ccs\tools\compiler\c5500_4.4.1\lib\</path>
         <kind>archive</kind>
         <file>rts55x.lib</file>
         <name>args_main.obj</name>
      </input_file>
      <input_file id="fl-22">
         <path>C:\ti\ccs1250\ccs\tools\compiler\c5500_4.4.1\lib\</path>
         <kind>archive</kind>
         <file>rts55x.lib</file>
         <name>atoi.obj</name>
      </input_file>
      <input_file id="fl-23">
         <path>C:\ti\ccs1250\ccs\tools\compiler\c5500_4.4.1\lib\</path>
         <kind>archive</kind>
         <file>rts55x.lib</file>
         <name>autoinit.obj</name>
      </input_file>
      <input_file id="fl-24">
         <path>C:\ti\ccs1250\ccs\tools\compiler\c5500_4.4.1\lib\</path>
         <kind>archive</kind>
         <file>rts55x.lib</file>
         <name>cmpd.obj</name>
      </input_file>
      <input_file id="fl-25">
         <path>C:\ti\ccs1250\ccs\tools\compiler\c5500_4.4.1\lib\</path>
         <kind>archive</kind>
         <file>rts55x.lib</file>
         <name>ctype.obj</name>
      </input_file>
      <input_file id="fl-26">
         <path>C:\ti\ccs1250\ccs\tools\compiler\c5500_4.4.1\lib\</path>
         <kind>archive</kind>
         <file>rts55x.lib</file>
         <name>defs.obj</name>
      </input_file>
      <input_file id="fl-27">
         <path>C:\ti\ccs1250\ccs\tools\compiler\c5500_4.4.1\lib\</path>
         <kind>archive</kind>
         <file>rts55x.lib</file>
         <name>divd.obj</name>
      </input_file>
      <input_file id="fl-28">
         <path>C:\ti\ccs1250\ccs\tools\compiler\c5500_4.4.1\lib\</path>
         <kind>archive</kind>
         <file>rts55x.lib</file>
         <name>divul.obj</name>
      </input_file>
      <input_file id="fl-29">
         <path>C:\ti\ccs1250\ccs\tools\compiler\c5500_4.4.1\lib\</path>
         <kind>archive</kind>
         <file>rts55x.lib</file>
         <name>fixdi.obj</name>
      </input_file>
      <input_file id="fl-2a">
         <path>C:\ti\ccs1250\ccs\tools\compiler\c5500_4.4.1\lib\</path>
         <kind>archive</kind>
         <file>rts55x.lib</file>
         <name>fixdli.obj</name>
      </input_file>
      <input_file id="fl-2b">
         <path>C:\ti\ccs1250\ccs\tools\compiler\c5500_4.4.1\lib\</path>
         <kind>archive</kind>
         <file>rts55x.lib</file>
         <name>fltlid.obj</name>
      </input_file>
      <input_file id="fl-2c">
         <path>C:\ti\ccs1250\ccs\tools\compiler\c5500_4.4.1\lib\</path>
         <kind>archive</kind>
         <file>rts55x.lib</file>
         <name>fputc.obj</name>
      </input_file>
      <input_file id="fl-2d">
         <path>C:\ti\ccs1250\ccs\tools\compiler\c5500_4.4.1\lib\</path>
         <kind>archive</kind>
         <file>rts55x.lib</file>
         <name>fputs.obj</name>
      </input_file>
      <input_file id="fl-2e">
         <path>C:\ti\ccs1250\ccs\tools\compiler\c5500_4.4.1\lib\</path>
         <kind>archive</kind>
         <file>rts55x.lib</file>
         <name>frcmpyd_div.obj</name>
      </input_file>
      <input_file id="fl-2f">
         <path>C:\ti\ccs1250\ccs\tools\compiler\c5500_4.4.1\lib\</path>
         <kind>archive</kind>
         <file>rts55x.lib</file>
         <name>isinf.obj</name>
      </input_file>
      <input_file id="fl-30">
         <path>C:\ti\ccs1250\ccs\tools\compiler\c5500_4.4.1\lib\</path>
         <kind>archive</kind>
         <file>rts55x.lib</file>
         <name>llmpy.obj</name>
      </input_file>
      <input_file id="fl-31">
         <path>C:\ti\ccs1250\ccs\tools\compiler\c5500_4.4.1\lib\</path>
         <kind>archive</kind>
         <file>rts55x.lib</file>
         <name>lmpy.obj</name>
      </input_file>
      <input_file id="fl-32">
         <path>C:\ti\ccs1250\ccs\tools\compiler\c5500_4.4.1\lib\</path>
         <kind>archive</kind>
         <file>rts55x.lib</file>
         <name>lowlev.obj</name>
      </input_file>
      <input_file id="fl-33">
         <path>C:\ti\ccs1250\ccs\tools\compiler\c5500_4.4.1\lib\</path>
         <kind>archive</kind>
         <file>rts55x.lib</file>
         <name>ltoa.obj</name>
      </input_file>
      <input_file id="fl-34">
         <path>C:\ti\ccs1250\ccs\tools\compiler\c5500_4.4.1\lib\</path>
         <kind>archive</kind>
         <file>rts55x.lib</file>
         <name>memccpy.obj</name>
      </input_file>
      <input_file id="fl-35">
         <path>C:\ti\ccs1250\ccs\tools\compiler\c5500_4.4.1\lib\</path>
         <kind>archive</kind>
         <file>rts55x.lib</file>
         <name>memcpy.obj</name>
      </input_file>
      <input_file id="fl-36">
         <path>C:\ti\ccs1250\ccs\tools\compiler\c5500_4.4.1\lib\</path>
         <kind>archive</kind>
         <file>rts55x.lib</file>
         <name>mpyd.obj</name>
      </input_file>
      <input_file id="fl-37">
         <path>C:\ti\ccs1250\ccs\tools\compiler\c5500_4.4.1\lib\</path>
         <kind>archive</kind>
         <file>rts55x.lib</file>
         <name>negd.obj</name>
      </input_file>
      <input_file id="fl-38">
         <path>C:\ti\ccs1250\ccs\tools\compiler\c5500_4.4.1\lib\</path>
         <kind>archive</kind>
         <file>rts55x.lib</file>
         <name>remli.obj</name>
      </input_file>
      <input_file id="fl-39">
         <path>C:\ti\ccs1250\ccs\tools\compiler\c5500_4.4.1\lib\</path>
         <kind>archive</kind>
         <file>rts55x.lib</file>
         <name>remul.obj</name>
      </input_file>
      <input_file id="fl-3a">
         <path>C:\ti\ccs1250\ccs\tools\compiler\c5500_4.4.1\lib\</path>
         <kind>archive</kind>
         <file>rts55x.lib</file>
         <name>subd.obj</name>
      </input_file>
      <input_file id="fl-3b">
         <path>C:\ti\ccs1250\ccs\tools\compiler\c5500_4.4.1\lib\</path>
         <kind>archive</kind>
         <file>rts55x.lib</file>
         <name>trgdrv.obj</name>
      </input_file>
      <input_file id="fl-3c">
         <path>C:\ti\ccs1250\ccs\tools\compiler\c5500_4.4.1\lib\</path>
         <kind>archive</kind>
         <file>rts55x.lib</file>
         <name>trgmsg.obj</name>
      </input_file>
      <input_file id="fl-3d">
         <path>C:\ti\ccs1250\ccs\tools\compiler\c5500_4.4.1\lib\</path>
         <kind>archive</kind>
         <file>rts55x.lib</file>
         <name>udiv.obj</name>
      </input_file>
      <input_file id="fl-3e">
         <path>C:\ti\ccs1250\ccs\tools\compiler\c5500_4.4.1\lib\</path>
         <kind>archive</kind>
         <file>rts55x.lib</file>
         <name>_io_perm.obj</name>
      </input_file>
      <input_file id="fl-3f">
         <path>C:\ti\ccs1250\ccs\tools\compiler\c5500_4.4.1\lib\</path>
         <kind>archive</kind>
         <file>rts55x.lib</file>
         <name>addd.obj</name>
      </input_file>
      <input_file id="fl-40">
         <path>C:\ti\ccs1250\ccs\tools\compiler\c5500_4.4.1\lib\</path>
         <kind>archive</kind>
         <file>rts55x.lib</file>
         <name>divli.obj</name>
      </input_file>
      <input_file id="fl-41">
         <path>C:\ti\ccs1250\ccs\tools\compiler\c5500_4.4.1\lib\</path>
         <kind>archive</kind>
         <file>rts55x.lib</file>
         <name>fflush.obj</name>
      </input_file>
      <input_file id="fl-42">
         <path>C:\ti\ccs1250\ccs\tools\compiler\c5500_4.4.1\lib\</path>
         <kind>archive</kind>
         <file>rts55x.lib</file>
         <name>frcmpyd.obj</name>
      </input_file>
      <input_file id="fl-43">
         <path>C:\ti\ccs1250\ccs\tools\compiler\c5500_4.4.1\lib\</path>
         <kind>archive</kind>
         <file>rts55x.lib</file>
         <name>fseek.obj</name>
      </input_file>
      <input_file id="fl-44">
         <path>C:\ti\ccs1250\ccs\tools\compiler\c5500_4.4.1\lib\</path>
         <kind>archive</kind>
         <file>rts55x.lib</file>
         <name>setvbuf.obj</name>
      </input_file>
      <input_file id="fl-45">
         <path>C:\ti\ccs1250\ccs\tools\compiler\c5500_4.4.1\lib\</path>
         <kind>archive</kind>
         <file>rts55x.lib</file>
         <name>fopen.obj</name>
      </input_file>
      <input_file id="fl-46">
         <path>C:\ti\ccs1250\ccs\tools\compiler\c5500_4.4.1\lib\</path>
         <kind>archive</kind>
         <file>rts55x.lib</file>
         <name>memory.obj</name>
      </input_file>
      <input_file id="fl-47">
         <path>C:\ti\ccs1250\ccs\tools\compiler\c5500_4.4.1\lib\</path>
         <kind>archive</kind>
         <file>rts55x.lib</file>
         <name>fclose.obj</name>
      </input_file>
      <input_file id="fl-48">
         <path>C:\ti\ccs1250\ccs\tools\compiler\c5500_4.4.1\lib\</path>
         <kind>archive</kind>
         <file>rts55x.lib</file>
         <name>remove.obj</name>
      </input_file>
   </input_file_list>
   <object_component_list>
      <object_component id="oc-2a">
         <name>vectors</name>
         <load_address>0xffff00</load_address>
         <run_address>0xffff00</run_address>
         <size>0x100</size>
         <input_file_ref idref="fl-1e"/>
      </object_component>
      <object_component id="oc-81">
         <name>.cinit</name>
         <load_address>0x988</load_address>
         <run_address>0x988</run_address>
         <size>0x5a</size>
         <input_file_ref idref="fl-32"/>
      </object_component>
      <object_component id="oc-4e">
         <name>.cinit</name>
         <load_address>0x9e2</load_address>
         <run_address>0x9e2</run_address>
         <size>0x54</size>
         <input_file_ref idref="fl-26"/>
      </object_component>
      <object_component id="oc-31">
         <name>.cinit</name>
         <load_address>0xa36</load_address>
         <run_address>0xa36</run_address>
         <size>0x14</size>
         <input_file_ref idref="fl-1f"/>
      </object_component>
      <object_component id="oc-19">
         <name>.cinit</name>
         <load_address>0xa4a</load_address>
         <run_address>0xa4a</run_address>
         <size>0x14</size>
         <input_file_ref idref="fl-1a"/>
      </object_component>
      <object_component id="oc-d2">
         <name>.cinit</name>
         <load_address>0xa5e</load_address>
         <run_address>0xa5e</run_address>
         <size>0x8</size>
         <input_file_ref idref="fl-45"/>
      </object_component>
      <object_component id="oc-d8">
         <name>.cinit</name>
         <load_address>0xa66</load_address>
         <run_address>0xa66</run_address>
         <size>0x8</size>
         <input_file_ref idref="fl-46"/>
      </object_component>
      <object_component id="oc-34">
         <name>.text</name>
         <load_address>0x10000</load_address>
         <run_address>0x10000</run_address>
         <size>0x15a4</size>
         <input_file_ref idref="fl-20"/>
      </object_component>
      <object_component id="oc-7e">
         <name>.text</name>
         <load_address>0x115a4</load_address>
         <run_address>0x115a4</run_address>
         <size>0x543</size>
         <input_file_ref idref="fl-32"/>
      </object_component>
      <object_component id="oc-d5">
         <name>.text</name>
         <load_address>0x11ae7</load_address>
         <run_address>0x11ae7</run_address>
         <size>0x4b5</size>
         <input_file_ref idref="fl-46"/>
      </object_component>
      <object_component id="oc-3e">
         <name>.text</name>
         <load_address>0x11f9c</load_address>
         <run_address>0x11f9c</run_address>
         <size>0x5c</size>
         <input_file_ref idref="fl-22"/>
      </object_component>
      <object_component id="oc-1a">
         <name>.text:CIO_breakpoint</name>
         <load_address>0x11ff8</load_address>
         <run_address>0x11ff8</run_address>
         <size>0x7</size>
         <input_file_ref idref="fl-1a"/>
      </object_component>
      <object_component id="oc-a4">
         <name>.text</name>
         <load_address>0x12000</load_address>
         <run_address>0x12000</run_address>
         <size>0x528</size>
         <input_file_ref idref="fl-3b"/>
      </object_component>
      <object_component id="oc-50">
         <name>.text</name>
         <load_address>0x12528</load_address>
         <run_address>0x12528</run_address>
         <size>0x3cc</size>
         <input_file_ref idref="fl-27"/>
      </object_component>
      <object_component id="oc-cf">
         <name>.text</name>
         <load_address>0x128f4</load_address>
         <run_address>0x128f4</run_address>
         <size>0x27f</size>
         <input_file_ref idref="fl-45"/>
      </object_component>
      <object_component id="oc-76">
         <name>.text</name>
         <load_address>0x12b73</load_address>
         <run_address>0x12b73</run_address>
         <size>0x25e</size>
         <input_file_ref idref="fl-30"/>
      </object_component>
      <object_component id="oc-b7">
         <name>.text</name>
         <load_address>0x12dd1</load_address>
         <run_address>0x12dd1</run_address>
         <size>0x25a</size>
         <input_file_ref idref="fl-3f"/>
      </object_component>
      <object_component id="oc-46">
         <name>.text</name>
         <load_address>0x1302b</load_address>
         <run_address>0x1302b</run_address>
         <size>0x1ea</size>
         <input_file_ref idref="fl-24"/>
      </object_component>
      <object_component id="oc-69">
         <name>.text</name>
         <load_address>0x13215</load_address>
         <run_address>0x13215</run_address>
         <size>0x163</size>
         <input_file_ref idref="fl-2d"/>
      </object_component>
      <object_component id="oc-90">
         <name>.text</name>
         <load_address>0x13378</load_address>
         <run_address>0x13378</run_address>
         <size>0x14c</size>
         <input_file_ref idref="fl-36"/>
      </object_component>
      <object_component id="oc-cb">
         <name>.text</name>
         <load_address>0x134c4</load_address>
         <run_address>0x134c4</run_address>
         <size>0xe6</size>
         <input_file_ref idref="fl-44"/>
      </object_component>
      <object_component id="oc-b3">
         <name>.text</name>
         <load_address>0x135aa</load_address>
         <run_address>0x135aa</run_address>
         <size>0xdd</size>
         <input_file_ref idref="fl-3e"/>
      </object_component>
      <object_component id="oc-d">
         <name>.text</name>
         <load_address>0x13687</load_address>
         <run_address>0x13687</run_address>
         <size>0xd8</size>
         <input_file_ref idref="fl-2"/>
      </object_component>
      <object_component id="oc-bf">
         <name>.text</name>
         <load_address>0x1375f</load_address>
         <run_address>0x1375f</run_address>
         <size>0xc2</size>
         <input_file_ref idref="fl-41"/>
      </object_component>
      <object_component id="oc-ac">
         <name>.text:CIO_breakpoint</name>
         <load_address>0x13821</load_address>
         <run_address>0x13821</run_address>
         <size>0xba</size>
         <input_file_ref idref="fl-3c"/>
      </object_component>
      <object_component id="oc-65">
         <name>.text</name>
         <load_address>0x138db</load_address>
         <run_address>0x138db</run_address>
         <size>0xa6</size>
         <input_file_ref idref="fl-2c"/>
      </object_component>
      <object_component id="oc-54">
         <name>.text</name>
         <load_address>0x13981</load_address>
         <run_address>0x13981</run_address>
         <size>0xa1</size>
         <input_file_ref idref="fl-28"/>
      </object_component>
      <object_component id="oc-84">
         <name>.text</name>
         <load_address>0x13a22</load_address>
         <run_address>0x13a22</run_address>
         <size>0x7d</size>
         <input_file_ref idref="fl-33"/>
      </object_component>
      <object_component id="oc-dc">
         <name>.text</name>
         <load_address>0x13a9f</load_address>
         <run_address>0x13a9f</run_address>
         <size>0x7b</size>
         <input_file_ref idref="fl-47"/>
      </object_component>
      <object_component id="oc-c3">
         <name>.text</name>
         <load_address>0x13b1a</load_address>
         <run_address>0x13b1a</run_address>
         <size>0x76</size>
         <input_file_ref idref="fl-42"/>
      </object_component>
      <object_component id="oc-6e">
         <name>.text</name>
         <load_address>0x13b90</load_address>
         <run_address>0x13b90</run_address>
         <size>0x73</size>
         <input_file_ref idref="fl-2e"/>
      </object_component>
      <object_component id="oc-9c">
         <name>.text</name>
         <load_address>0x13c03</load_address>
         <run_address>0x13c03</run_address>
         <size>0x72</size>
         <input_file_ref idref="fl-39"/>
      </object_component>
      <object_component id="oc-5c">
         <name>.text</name>
         <load_address>0x13c75</load_address>
         <run_address>0x13c75</run_address>
         <size>0x6f</size>
         <input_file_ref idref="fl-2a"/>
      </object_component>
      <object_component id="oc-a9">
         <name>.text</name>
         <load_address>0x13ce4</load_address>
         <run_address>0x13ce4</run_address>
         <size>0x6d</size>
         <input_file_ref idref="fl-3c"/>
      </object_component>
      <object_component id="oc-c7">
         <name>.text</name>
         <load_address>0x13d51</load_address>
         <run_address>0x13d51</run_address>
         <size>0x6b</size>
         <input_file_ref idref="fl-43"/>
      </object_component>
      <object_component id="oc-60">
         <name>.text</name>
         <load_address>0x13dbc</load_address>
         <run_address>0x13dbc</run_address>
         <size>0x67</size>
         <input_file_ref idref="fl-2b"/>
      </object_component>
      <object_component id="oc-25">
         <name>.text</name>
         <load_address>0x13e23</load_address>
         <run_address>0x13e23</run_address>
         <size>0x50</size>
         <input_file_ref idref="fl-1d"/>
      </object_component>
      <object_component id="oc-42">
         <name>.text</name>
         <load_address>0x13e73</load_address>
         <run_address>0x13e73</run_address>
         <size>0x4d</size>
         <input_file_ref idref="fl-23"/>
      </object_component>
      <object_component id="oc-3a">
         <name>.text</name>
         <load_address>0x13ec0</load_address>
         <run_address>0x13ec0</run_address>
         <size>0x4b</size>
         <input_file_ref idref="fl-21"/>
      </object_component>
      <object_component id="oc-98">
         <name>.text</name>
         <load_address>0x13f0b</load_address>
         <run_address>0x13f0b</run_address>
         <size>0x4b</size>
         <input_file_ref idref="fl-38"/>
      </object_component>
      <object_component id="oc-bb">
         <name>.text</name>
         <load_address>0x13f56</load_address>
         <run_address>0x13f56</run_address>
         <size>0x48</size>
         <input_file_ref idref="fl-40"/>
      </object_component>
      <object_component id="oc-8c">
         <name>.text</name>
         <load_address>0x13f9e</load_address>
         <run_address>0x13f9e</run_address>
         <size>0x3f</size>
         <input_file_ref idref="fl-35"/>
      </object_component>
      <object_component id="oc-72">
         <name>.text</name>
         <load_address>0x13fdd</load_address>
         <run_address>0x13fdd</run_address>
         <size>0x1a</size>
         <input_file_ref idref="fl-2f"/>
      </object_component>
      <object_component id="oc-29">
         <name>.text</name>
         <load_address>0x13ff7</load_address>
         <run_address>0x13ff7</run_address>
         <size>0x2</size>
         <input_file_ref idref="fl-1e"/>
      </object_component>
      <object_component id="oc-16">
         <name>.text</name>
         <load_address>0x14000</load_address>
         <run_address>0x14000</run_address>
         <size>0x3e</size>
         <input_file_ref idref="fl-1a"/>
      </object_component>
      <object_component id="oc-1d">
         <name>.text</name>
         <load_address>0x1403e</load_address>
         <run_address>0x1403e</run_address>
         <size>0x3c</size>
         <input_file_ref idref="fl-1b"/>
      </object_component>
      <object_component id="oc-c">
         <name>.text</name>
         <load_address>0x1407a</load_address>
         <run_address>0x1407a</run_address>
         <size>0x34</size>
         <input_file_ref idref="fl-19"/>
      </object_component>
      <object_component id="oc-58">
         <name>.text</name>
         <load_address>0x140ae</load_address>
         <run_address>0x140ae</run_address>
         <size>0x2a</size>
         <input_file_ref idref="fl-29"/>
      </object_component>
      <object_component id="oc-af">
         <name>.text</name>
         <load_address>0x140d8</load_address>
         <run_address>0x140d8</run_address>
         <size>0x2a</size>
         <input_file_ref idref="fl-3d"/>
      </object_component>
      <object_component id="oc-88">
         <name>.text</name>
         <load_address>0x14102</load_address>
         <run_address>0x14102</run_address>
         <size>0x23</size>
         <input_file_ref idref="fl-34"/>
      </object_component>
      <object_component id="oc-a0">
         <name>.text</name>
         <load_address>0x14125</load_address>
         <run_address>0x14125</run_address>
         <size>0x14</size>
         <input_file_ref idref="fl-3a"/>
      </object_component>
      <object_component id="oc-7a">
         <name>.text</name>
         <load_address>0x14139</load_address>
         <run_address>0x14139</run_address>
         <size>0x13</size>
         <input_file_ref idref="fl-31"/>
      </object_component>
      <object_component id="oc-2e">
         <name>.text</name>
         <load_address>0x1414c</load_address>
         <run_address>0x1414c</run_address>
         <size>0x12</size>
         <input_file_ref idref="fl-1f"/>
      </object_component>
      <object_component id="oc-21">
         <name>.text</name>
         <load_address>0x1415e</load_address>
         <run_address>0x1415e</run_address>
         <size>0x11</size>
         <input_file_ref idref="fl-1c"/>
      </object_component>
      <object_component id="oc-94">
         <name>.text</name>
         <load_address>0x1416f</load_address>
         <run_address>0x1416f</run_address>
         <size>0x10</size>
         <input_file_ref idref="fl-37"/>
      </object_component>
      <object_component id="oc-e0">
         <name>.text</name>
         <load_address>0x1417f</load_address>
         <run_address>0x1417f</run_address>
         <size>0xa</size>
         <input_file_ref idref="fl-48"/>
      </object_component>
      <object_component id="oc-12">
         <name>.stack</name>
         <uninitialized>true</uninitialized>
         <run_address>0x588</run_address>
         <size>0x0</size>
         <input_file_ref idref="fl-19"/>
      </object_component>
      <object_component id="oc-f8">
         <name>.stack</name>
         <uninitialized>true</uninitialized>
         <run_address>0x588</run_address>
         <size>0x0</size>
      </object_component>
      <object_component id="oc-e4">
         <name>.sysstack</name>
         <uninitialized>true</uninitialized>
         <run_address>0x788</run_address>
         <size>0x0</size>
         <input_file_ref idref="fl-19"/>
      </object_component>
      <object_component id="oc-fa">
         <name>.sysstack</name>
         <uninitialized>true</uninitialized>
         <run_address>0x788</run_address>
         <size>0x0</size>
      </object_component>
      <object_component id="oc-d9">
         <name>.sysmem</name>
         <uninitialized>true</uninitialized>
         <run_address>0x8000</run_address>
         <size>0x0</size>
         <input_file_ref idref="fl-46"/>
      </object_component>
      <object_component id="oc-f9">
         <name>.sysmem</name>
         <uninitialized>true</uninitialized>
         <run_address>0x8000</run_address>
         <size>0x0</size>
      </object_component>
      <object_component id="oc-ab">
         <name>.cio</name>
         <uninitialized>true</uninitialized>
         <run_address>0x348</run_address>
         <size>0x240</size>
         <input_file_ref idref="fl-3c"/>
      </object_component>
      <object_component id="oc-17">
         <name>.bss</name>
         <uninitialized>true</uninitialized>
         <run_address>0xa4cc</run_address>
         <size>0x8</size>
         <input_file_ref idref="fl-1a"/>
      </object_component>
      <object_component id="oc-2f">
         <name>.bss</name>
         <uninitialized>true</uninitialized>
         <run_address>0xa4c4</run_address>
         <size>0x8</size>
         <input_file_ref idref="fl-1f"/>
      </object_component>
      <object_component id="oc-4c">
         <name>.bss</name>
         <uninitialized>true</uninitialized>
         <run_address>0xa000</run_address>
         <size>0x232</size>
         <input_file_ref idref="fl-26"/>
      </object_component>
      <object_component id="oc-7f">
         <name>.bss</name>
         <uninitialized>true</uninitialized>
         <run_address>0xa3d4</run_address>
         <size>0xe2</size>
         <input_file_ref idref="fl-32"/>
      </object_component>
      <object_component id="oc-a5">
         <name>.bss</name>
         <uninitialized>true</uninitialized>
         <run_address>0xa232</run_address>
         <size>0x1a0</size>
         <input_file_ref idref="fl-3b"/>
      </object_component>
      <object_component id="oc-d0">
         <name>.bss</name>
         <uninitialized>true</uninitialized>
         <run_address>0xa3d2</run_address>
         <size>0x2</size>
         <input_file_ref idref="fl-45"/>
      </object_component>
      <object_component id="oc-d6">
         <name>.bss</name>
         <uninitialized>true</uninitialized>
         <run_address>0xa4b8</run_address>
         <size>0xc</size>
         <input_file_ref idref="fl-46"/>
      </object_component>
      <object_component id="oc-e5">
         <name>.const:__ctypes_</name>
         <load_address>0xc0</load_address>
         <run_address>0xc0</run_address>
         <size>0x202</size>
         <input_file_ref idref="fl-25"/>
      </object_component>
      <object_component id="oc-37">
         <name>.const:.string</name>
         <load_address>0x2c4</load_address>
         <run_address>0x2c4</run_address>
         <size>0x48</size>
         <input_file_ref idref="fl-20"/>
      </object_component>
      <object_component id="oc-36">
         <name>.const</name>
         <load_address>0x30c</load_address>
         <run_address>0x30c</run_address>
         <size>0x18</size>
         <input_file_ref idref="fl-20"/>
      </object_component>
      <object_component id="oc-e6">
         <name>.const:_initial_approx$1</name>
         <load_address>0x324</load_address>
         <run_address>0x324</run_address>
         <size>0x10</size>
         <input_file_ref idref="fl-27"/>
      </object_component>
      <object_component id="oc-f">
         <name>.const:.string</name>
         <load_address>0x334</load_address>
         <run_address>0x334</run_address>
         <size>0x8</size>
         <input_file_ref idref="fl-2"/>
      </object_component>
      <object_component id="oc-6b">
         <name>.const:.string</name>
         <load_address>0x33c</load_address>
         <run_address>0x33c</run_address>
         <size>0x4</size>
         <input_file_ref idref="fl-2d"/>
      </object_component>
      <object_component id="oc-62">
         <name>.const</name>
         <load_address>0x340</load_address>
         <run_address>0x340</run_address>
         <size>0x4</size>
         <input_file_ref idref="fl-2b"/>
      </object_component>
      <object_component id="oc-e">
         <name>.debug_info</name>
         <load_address>0x0</load_address>
         <run_address>0x0</run_address>
         <size>0x5c0</size>
         <input_file_ref idref="fl-2"/>
      </object_component>
      <object_component id="oc-13">
         <name>.debug_info</name>
         <load_address>0x5c0</load_address>
         <run_address>0x5c0</run_address>
         <size>0xe8</size>
         <input_file_ref idref="fl-19"/>
      </object_component>
      <object_component id="oc-18">
         <name>.debug_info</name>
         <load_address>0x6a8</load_address>
         <run_address>0x6a8</run_address>
         <size>0x5fb</size>
         <input_file_ref idref="fl-1a"/>
      </object_component>
      <object_component id="oc-1e">
         <name>.debug_info</name>
         <load_address>0xca3</load_address>
         <run_address>0xca3</run_address>
         <size>0xeb</size>
         <input_file_ref idref="fl-1b"/>
      </object_component>
      <object_component id="oc-22">
         <name>.debug_info</name>
         <load_address>0xd8e</load_address>
         <run_address>0xd8e</run_address>
         <size>0x59d</size>
         <input_file_ref idref="fl-1c"/>
      </object_component>
      <object_component id="oc-26">
         <name>.debug_info</name>
         <load_address>0x132b</load_address>
         <run_address>0x132b</run_address>
         <size>0x76c</size>
         <input_file_ref idref="fl-1d"/>
      </object_component>
      <object_component id="oc-2b">
         <name>.debug_info</name>
         <load_address>0x1a97</load_address>
         <run_address>0x1a97</run_address>
         <size>0xbc</size>
         <input_file_ref idref="fl-1e"/>
      </object_component>
      <object_component id="oc-30">
         <name>.debug_info</name>
         <load_address>0x1b53</load_address>
         <run_address>0x1b53</run_address>
         <size>0x5bc</size>
         <input_file_ref idref="fl-1f"/>
      </object_component>
      <object_component id="oc-35">
         <name>.debug_info</name>
         <load_address>0x210f</load_address>
         <run_address>0x210f</run_address>
         <size>0x27bd</size>
         <input_file_ref idref="fl-20"/>
      </object_component>
      <object_component id="oc-3b">
         <name>.debug_info</name>
         <load_address>0x48cc</load_address>
         <run_address>0x48cc</run_address>
         <size>0x586</size>
         <input_file_ref idref="fl-21"/>
      </object_component>
      <object_component id="oc-3f">
         <name>.debug_info</name>
         <load_address>0x4e52</load_address>
         <run_address>0x4e52</run_address>
         <size>0x5a4</size>
         <input_file_ref idref="fl-22"/>
      </object_component>
      <object_component id="oc-43">
         <name>.debug_info</name>
         <load_address>0x53f6</load_address>
         <run_address>0x53f6</run_address>
         <size>0xcd</size>
         <input_file_ref idref="fl-23"/>
      </object_component>
      <object_component id="oc-47">
         <name>.debug_info</name>
         <load_address>0x54c3</load_address>
         <run_address>0x54c3</run_address>
         <size>0x81f</size>
         <input_file_ref idref="fl-24"/>
      </object_component>
      <object_component id="oc-4a">
         <name>.debug_info</name>
         <load_address>0x5ce2</load_address>
         <run_address>0x5ce2</run_address>
         <size>0x498</size>
         <input_file_ref idref="fl-25"/>
      </object_component>
      <object_component id="oc-4d">
         <name>.debug_info</name>
         <load_address>0x617a</load_address>
         <run_address>0x617a</run_address>
         <size>0x57e</size>
         <input_file_ref idref="fl-26"/>
      </object_component>
      <object_component id="oc-51">
         <name>.debug_info</name>
         <load_address>0x66f8</load_address>
         <run_address>0x66f8</run_address>
         <size>0x7e8</size>
         <input_file_ref idref="fl-27"/>
      </object_component>
      <object_component id="oc-55">
         <name>.debug_info</name>
         <load_address>0x6ee0</load_address>
         <run_address>0x6ee0</run_address>
         <size>0x534</size>
         <input_file_ref idref="fl-28"/>
      </object_component>
      <object_component id="oc-59">
         <name>.debug_info</name>
         <load_address>0x7414</load_address>
         <run_address>0x7414</run_address>
         <size>0x4cf</size>
         <input_file_ref idref="fl-29"/>
      </object_component>
      <object_component id="oc-5d">
         <name>.debug_info</name>
         <load_address>0x78e3</load_address>
         <run_address>0x78e3</run_address>
         <size>0x534</size>
         <input_file_ref idref="fl-2a"/>
      </object_component>
      <object_component id="oc-61">
         <name>.debug_info</name>
         <load_address>0x7e17</load_address>
         <run_address>0x7e17</run_address>
         <size>0x549</size>
         <input_file_ref idref="fl-2b"/>
      </object_component>
      <object_component id="oc-66">
         <name>.debug_info</name>
         <load_address>0x8360</load_address>
         <run_address>0x8360</run_address>
         <size>0x6aa</size>
         <input_file_ref idref="fl-2c"/>
      </object_component>
      <object_component id="oc-6a">
         <name>.debug_info</name>
         <load_address>0x8a0a</load_address>
         <run_address>0x8a0a</run_address>
         <size>0x942</size>
         <input_file_ref idref="fl-2d"/>
      </object_component>
      <object_component id="oc-6f">
         <name>.debug_info</name>
         <load_address>0x934c</load_address>
         <run_address>0x934c</run_address>
         <size>0x53e</size>
         <input_file_ref idref="fl-2e"/>
      </object_component>
      <object_component id="oc-73">
         <name>.debug_info</name>
         <load_address>0x988a</load_address>
         <run_address>0x988a</run_address>
         <size>0x680</size>
         <input_file_ref idref="fl-2f"/>
      </object_component>
      <object_component id="oc-77">
         <name>.debug_info</name>
         <load_address>0x9f0a</load_address>
         <run_address>0x9f0a</run_address>
         <size>0x7d4</size>
         <input_file_ref idref="fl-30"/>
      </object_component>
      <object_component id="oc-7b">
         <name>.debug_info</name>
         <load_address>0xa6de</load_address>
         <run_address>0xa6de</run_address>
         <size>0xbd</size>
         <input_file_ref idref="fl-31"/>
      </object_component>
      <object_component id="oc-80">
         <name>.debug_info</name>
         <load_address>0xa79b</load_address>
         <run_address>0xa79b</run_address>
         <size>0x144b</size>
         <input_file_ref idref="fl-32"/>
      </object_component>
      <object_component id="oc-85">
         <name>.debug_info</name>
         <load_address>0xbbe6</load_address>
         <run_address>0xbbe6</run_address>
         <size>0x5ad</size>
         <input_file_ref idref="fl-33"/>
      </object_component>
      <object_component id="oc-89">
         <name>.debug_info</name>
         <load_address>0xc193</load_address>
         <run_address>0xc193</run_address>
         <size>0x574</size>
         <input_file_ref idref="fl-34"/>
      </object_component>
      <object_component id="oc-8d">
         <name>.debug_info</name>
         <load_address>0xc707</load_address>
         <run_address>0xc707</run_address>
         <size>0xd1</size>
         <input_file_ref idref="fl-35"/>
      </object_component>
      <object_component id="oc-91">
         <name>.debug_info</name>
         <load_address>0xc7d8</load_address>
         <run_address>0xc7d8</run_address>
         <size>0x55b</size>
         <input_file_ref idref="fl-36"/>
      </object_component>
      <object_component id="oc-95">
         <name>.debug_info</name>
         <load_address>0xcd33</load_address>
         <run_address>0xcd33</run_address>
         <size>0x4b7</size>
         <input_file_ref idref="fl-37"/>
      </object_component>
      <object_component id="oc-99">
         <name>.debug_info</name>
         <load_address>0xd1ea</load_address>
         <run_address>0xd1ea</run_address>
         <size>0x4f2</size>
         <input_file_ref idref="fl-38"/>
      </object_component>
      <object_component id="oc-9d">
         <name>.debug_info</name>
         <load_address>0xd6dc</load_address>
         <run_address>0xd6dc</run_address>
         <size>0x534</size>
         <input_file_ref idref="fl-39"/>
      </object_component>
      <object_component id="oc-a1">
         <name>.debug_info</name>
         <load_address>0xdc10</load_address>
         <run_address>0xdc10</run_address>
         <size>0x4de</size>
         <input_file_ref idref="fl-3a"/>
      </object_component>
      <object_component id="oc-a6">
         <name>.debug_info</name>
         <load_address>0xe0ee</load_address>
         <run_address>0xe0ee</run_address>
         <size>0xed4</size>
         <input_file_ref idref="fl-3b"/>
      </object_component>
      <object_component id="oc-aa">
         <name>.debug_info</name>
         <load_address>0xefc2</load_address>
         <run_address>0xefc2</run_address>
         <size>0x744</size>
         <input_file_ref idref="fl-3c"/>
      </object_component>
      <object_component id="oc-b0">
         <name>.debug_info</name>
         <load_address>0xf706</load_address>
         <run_address>0xf706</run_address>
         <size>0xef</size>
         <input_file_ref idref="fl-3d"/>
      </object_component>
      <object_component id="oc-b4">
         <name>.debug_info</name>
         <load_address>0xf7f5</load_address>
         <run_address>0xf7f5</run_address>
         <size>0x662</size>
         <input_file_ref idref="fl-3e"/>
      </object_component>
      <object_component id="oc-b8">
         <name>.debug_info</name>
         <load_address>0xfe57</load_address>
         <run_address>0xfe57</run_address>
         <size>0x5ab</size>
         <input_file_ref idref="fl-3f"/>
      </object_component>
      <object_component id="oc-bc">
         <name>.debug_info</name>
         <load_address>0x10402</load_address>
         <run_address>0x10402</run_address>
         <size>0x4f2</size>
         <input_file_ref idref="fl-40"/>
      </object_component>
      <object_component id="oc-c0">
         <name>.debug_info</name>
         <load_address>0x108f4</load_address>
         <run_address>0x108f4</run_address>
         <size>0x706</size>
         <input_file_ref idref="fl-41"/>
      </object_component>
      <object_component id="oc-c4">
         <name>.debug_info</name>
         <load_address>0x10ffa</load_address>
         <run_address>0x10ffa</run_address>
         <size>0x4d2</size>
         <input_file_ref idref="fl-42"/>
      </object_component>
      <object_component id="oc-c8">
         <name>.debug_info</name>
         <load_address>0x114cc</load_address>
         <run_address>0x114cc</run_address>
         <size>0x5f7</size>
         <input_file_ref idref="fl-43"/>
      </object_component>
      <object_component id="oc-cc">
         <name>.debug_info</name>
         <load_address>0x11ac3</load_address>
         <run_address>0x11ac3</run_address>
         <size>0x64a</size>
         <input_file_ref idref="fl-44"/>
      </object_component>
      <object_component id="oc-d1">
         <name>.debug_info</name>
         <load_address>0x1210d</load_address>
         <run_address>0x1210d</run_address>
         <size>0xa1c</size>
         <input_file_ref idref="fl-45"/>
      </object_component>
      <object_component id="oc-d7">
         <name>.debug_info</name>
         <load_address>0x12b29</load_address>
         <run_address>0x12b29</run_address>
         <size>0xb97</size>
         <input_file_ref idref="fl-46"/>
      </object_component>
      <object_component id="oc-dd">
         <name>.debug_info</name>
         <load_address>0x136c0</load_address>
         <run_address>0x136c0</run_address>
         <size>0x64f</size>
         <input_file_ref idref="fl-47"/>
      </object_component>
      <object_component id="oc-e1">
         <name>.debug_info</name>
         <load_address>0x13d0f</load_address>
         <run_address>0x13d0f</run_address>
         <size>0x510</size>
         <input_file_ref idref="fl-48"/>
      </object_component>
      <object_component id="oc-101">
         <name>.debug_info</name>
         <load_address>0x1421f</load_address>
         <run_address>0x1421f</run_address>
         <size>0x6e</size>
      </object_component>
      <object_component id="oc-10">
         <name>.debug_line</name>
         <load_address>0x0</load_address>
         <run_address>0x0</run_address>
         <size>0x51</size>
         <input_file_ref idref="fl-2"/>
      </object_component>
      <object_component id="oc-14">
         <name>.debug_line</name>
         <load_address>0x51</load_address>
         <run_address>0x51</run_address>
         <size>0x54</size>
         <input_file_ref idref="fl-19"/>
      </object_component>
      <object_component id="oc-1b">
         <name>.debug_line</name>
         <load_address>0xa5</load_address>
         <run_address>0xa5</run_address>
         <size>0x51</size>
         <input_file_ref idref="fl-1a"/>
      </object_component>
      <object_component id="oc-1f">
         <name>.debug_line</name>
         <load_address>0xf6</load_address>
         <run_address>0xf6</run_address>
         <size>0x5c</size>
         <input_file_ref idref="fl-1b"/>
      </object_component>
      <object_component id="oc-23">
         <name>.debug_line</name>
         <load_address>0x152</load_address>
         <run_address>0x152</run_address>
         <size>0x52</size>
         <input_file_ref idref="fl-1c"/>
      </object_component>
      <object_component id="oc-27">
         <name>.debug_line</name>
         <load_address>0x1a4</load_address>
         <run_address>0x1a4</run_address>
         <size>0x69</size>
         <input_file_ref idref="fl-1d"/>
      </object_component>
      <object_component id="oc-2c">
         <name>.debug_line</name>
         <load_address>0x20d</load_address>
         <run_address>0x20d</run_address>
         <size>0x37</size>
         <input_file_ref idref="fl-1e"/>
      </object_component>
      <object_component id="oc-32">
         <name>.debug_line</name>
         <load_address>0x244</load_address>
         <run_address>0x244</run_address>
         <size>0x57</size>
         <input_file_ref idref="fl-1f"/>
      </object_component>
      <object_component id="oc-38">
         <name>.debug_line</name>
         <load_address>0x29b</load_address>
         <run_address>0x29b</run_address>
         <size>0x328</size>
         <input_file_ref idref="fl-20"/>
      </object_component>
      <object_component id="oc-3c">
         <name>.debug_line</name>
         <load_address>0x5c3</load_address>
         <run_address>0x5c3</run_address>
         <size>0x41</size>
         <input_file_ref idref="fl-21"/>
      </object_component>
      <object_component id="oc-40">
         <name>.debug_line</name>
         <load_address>0x604</load_address>
         <run_address>0x604</run_address>
         <size>0x46</size>
         <input_file_ref idref="fl-22"/>
      </object_component>
      <object_component id="oc-44">
         <name>.debug_line</name>
         <load_address>0x64a</load_address>
         <run_address>0x64a</run_address>
         <size>0x55</size>
         <input_file_ref idref="fl-23"/>
      </object_component>
      <object_component id="oc-48">
         <name>.debug_line</name>
         <load_address>0x69f</load_address>
         <run_address>0x69f</run_address>
         <size>0xad</size>
         <input_file_ref idref="fl-24"/>
      </object_component>
      <object_component id="oc-52">
         <name>.debug_line</name>
         <load_address>0x74c</load_address>
         <run_address>0x74c</run_address>
         <size>0x5b</size>
         <input_file_ref idref="fl-27"/>
      </object_component>
      <object_component id="oc-56">
         <name>.debug_line</name>
         <load_address>0x7a7</load_address>
         <run_address>0x7a7</run_address>
         <size>0x44</size>
         <input_file_ref idref="fl-28"/>
      </object_component>
      <object_component id="oc-5a">
         <name>.debug_line</name>
         <load_address>0x7eb</load_address>
         <run_address>0x7eb</run_address>
         <size>0x3d</size>
         <input_file_ref idref="fl-29"/>
      </object_component>
      <object_component id="oc-5e">
         <name>.debug_line</name>
         <load_address>0x828</load_address>
         <run_address>0x828</run_address>
         <size>0x3d</size>
         <input_file_ref idref="fl-2a"/>
      </object_component>
      <object_component id="oc-63">
         <name>.debug_line</name>
         <load_address>0x865</load_address>
         <run_address>0x865</run_address>
         <size>0x44</size>
         <input_file_ref idref="fl-2b"/>
      </object_component>
      <object_component id="oc-67">
         <name>.debug_line</name>
         <load_address>0x8a9</load_address>
         <run_address>0x8a9</run_address>
         <size>0x56</size>
         <input_file_ref idref="fl-2c"/>
      </object_component>
      <object_component id="oc-6c">
         <name>.debug_line</name>
         <load_address>0x8ff</load_address>
         <run_address>0x8ff</run_address>
         <size>0xa8</size>
         <input_file_ref idref="fl-2d"/>
      </object_component>
      <object_component id="oc-70">
         <name>.debug_line</name>
         <load_address>0x9a7</load_address>
         <run_address>0x9a7</run_address>
         <size>0x40</size>
         <input_file_ref idref="fl-2e"/>
      </object_component>
      <object_component id="oc-74">
         <name>.debug_line</name>
         <load_address>0x9e7</load_address>
         <run_address>0x9e7</run_address>
         <size>0x38</size>
         <input_file_ref idref="fl-2f"/>
      </object_component>
      <object_component id="oc-78">
         <name>.debug_line</name>
         <load_address>0xa1f</load_address>
         <run_address>0xa1f</run_address>
         <size>0xa8</size>
         <input_file_ref idref="fl-30"/>
      </object_component>
      <object_component id="oc-7c">
         <name>.debug_line</name>
         <load_address>0xac7</load_address>
         <run_address>0xac7</run_address>
         <size>0x3c</size>
         <input_file_ref idref="fl-31"/>
      </object_component>
      <object_component id="oc-82">
         <name>.debug_line</name>
         <load_address>0xb03</load_address>
         <run_address>0xb03</run_address>
         <size>0x1b0</size>
         <input_file_ref idref="fl-32"/>
      </object_component>
      <object_component id="oc-86">
         <name>.debug_line</name>
         <load_address>0xcb3</load_address>
         <run_address>0xcb3</run_address>
         <size>0x40</size>
         <input_file_ref idref="fl-33"/>
      </object_component>
      <object_component id="oc-8a">
         <name>.debug_line</name>
         <load_address>0xcf3</load_address>
         <run_address>0xcf3</run_address>
         <size>0x3c</size>
         <input_file_ref idref="fl-34"/>
      </object_component>
      <object_component id="oc-8e">
         <name>.debug_line</name>
         <load_address>0xd2f</load_address>
         <run_address>0xd2f</run_address>
         <size>0x4d</size>
         <input_file_ref idref="fl-35"/>
      </object_component>
      <object_component id="oc-92">
         <name>.debug_line</name>
         <load_address>0xd7c</load_address>
         <run_address>0xd7c</run_address>
         <size>0x3c</size>
         <input_file_ref idref="fl-36"/>
      </object_component>
      <object_component id="oc-96">
         <name>.debug_line</name>
         <load_address>0xdb8</load_address>
         <run_address>0xdb8</run_address>
         <size>0x37</size>
         <input_file_ref idref="fl-37"/>
      </object_component>
      <object_component id="oc-9a">
         <name>.debug_line</name>
         <load_address>0xdef</load_address>
         <run_address>0xdef</run_address>
         <size>0x3c</size>
         <input_file_ref idref="fl-38"/>
      </object_component>
      <object_component id="oc-9e">
         <name>.debug_line</name>
         <load_address>0xe2b</load_address>
         <run_address>0xe2b</run_address>
         <size>0x44</size>
         <input_file_ref idref="fl-39"/>
      </object_component>
      <object_component id="oc-a2">
         <name>.debug_line</name>
         <load_address>0xe6f</load_address>
         <run_address>0xe6f</run_address>
         <size>0x37</size>
         <input_file_ref idref="fl-3a"/>
      </object_component>
      <object_component id="oc-a7">
         <name>.debug_line</name>
         <load_address>0xea6</load_address>
         <run_address>0xea6</run_address>
         <size>0x15d</size>
         <input_file_ref idref="fl-3b"/>
      </object_component>
      <object_component id="oc-ad">
         <name>.debug_line</name>
         <load_address>0x1003</load_address>
         <run_address>0x1003</run_address>
         <size>0x6a</size>
         <input_file_ref idref="fl-3c"/>
      </object_component>
      <object_component id="oc-b1">
         <name>.debug_line</name>
         <load_address>0x106d</load_address>
         <run_address>0x106d</run_address>
         <size>0x58</size>
         <input_file_ref idref="fl-3d"/>
      </object_component>
      <object_component id="oc-b5">
         <name>.debug_line</name>
         <load_address>0x10c5</load_address>
         <run_address>0x10c5</run_address>
         <size>0x57</size>
         <input_file_ref idref="fl-3e"/>
      </object_component>
      <object_component id="oc-b9">
         <name>.debug_line</name>
         <load_address>0x111c</load_address>
         <run_address>0x111c</run_address>
         <size>0x5c</size>
         <input_file_ref idref="fl-3f"/>
      </object_component>
      <object_component id="oc-bd">
         <name>.debug_line</name>
         <load_address>0x1178</load_address>
         <run_address>0x1178</run_address>
         <size>0x3c</size>
         <input_file_ref idref="fl-40"/>
      </object_component>
      <object_component id="oc-c1">
         <name>.debug_line</name>
         <load_address>0x11b4</load_address>
         <run_address>0x11b4</run_address>
         <size>0x5b</size>
         <input_file_ref idref="fl-41"/>
      </object_component>
      <object_component id="oc-c5">
         <name>.debug_line</name>
         <load_address>0x120f</load_address>
         <run_address>0x120f</run_address>
         <size>0x3a</size>
         <input_file_ref idref="fl-42"/>
      </object_component>
      <object_component id="oc-c9">
         <name>.debug_line</name>
         <load_address>0x1249</load_address>
         <run_address>0x1249</run_address>
         <size>0x3c</size>
         <input_file_ref idref="fl-43"/>
      </object_component>
      <object_component id="oc-cd">
         <name>.debug_line</name>
         <load_address>0x1285</load_address>
         <run_address>0x1285</run_address>
         <size>0x3f</size>
         <input_file_ref idref="fl-44"/>
      </object_component>
      <object_component id="oc-d3">
         <name>.debug_line</name>
         <load_address>0x12c4</load_address>
         <run_address>0x12c4</run_address>
         <size>0xd7</size>
         <input_file_ref idref="fl-45"/>
      </object_component>
      <object_component id="oc-da">
         <name>.debug_line</name>
         <load_address>0x139b</load_address>
         <run_address>0x139b</run_address>
         <size>0x112</size>
         <input_file_ref idref="fl-46"/>
      </object_component>
      <object_component id="oc-de">
         <name>.debug_line</name>
         <load_address>0x14ad</load_address>
         <run_address>0x14ad</run_address>
         <size>0x3d</size>
         <input_file_ref idref="fl-47"/>
      </object_component>
      <object_component id="oc-e2">
         <name>.debug_line</name>
         <load_address>0x14ea</load_address>
         <run_address>0x14ea</run_address>
         <size>0x39</size>
         <input_file_ref idref="fl-48"/>
      </object_component>
      <object_component id="oc-11">
         <name>.debug_abbrev</name>
         <load_address>0x0</load_address>
         <run_address>0x0</run_address>
         <size>0xd3</size>
         <input_file_ref idref="fl-2"/>
      </object_component>
      <object_component id="oc-15">
         <name>.debug_abbrev</name>
         <load_address>0xd3</load_address>
         <run_address>0xd3</run_address>
         <size>0x3a</size>
         <input_file_ref idref="fl-19"/>
      </object_component>
      <object_component id="oc-1c">
         <name>.debug_abbrev</name>
         <load_address>0x10d</load_address>
         <run_address>0x10d</run_address>
         <size>0xf7</size>
         <input_file_ref idref="fl-1a"/>
      </object_component>
      <object_component id="oc-20">
         <name>.debug_abbrev</name>
         <load_address>0x204</load_address>
         <run_address>0x204</run_address>
         <size>0x38</size>
         <input_file_ref idref="fl-1b"/>
      </object_component>
      <object_component id="oc-24">
         <name>.debug_abbrev</name>
         <load_address>0x23c</load_address>
         <run_address>0x23c</run_address>
         <size>0xb0</size>
         <input_file_ref idref="fl-1c"/>
      </object_component>
      <object_component id="oc-28">
         <name>.debug_abbrev</name>
         <load_address>0x2ec</load_address>
         <run_address>0x2ec</run_address>
         <size>0x145</size>
         <input_file_ref idref="fl-1d"/>
      </object_component>
      <object_component id="oc-2d">
         <name>.debug_abbrev</name>
         <load_address>0x431</load_address>
         <run_address>0x431</run_address>
         <size>0x26</size>
         <input_file_ref idref="fl-1e"/>
      </object_component>
      <object_component id="oc-33">
         <name>.debug_abbrev</name>
         <load_address>0x457</load_address>
         <run_address>0x457</run_address>
         <size>0x9f</size>
         <input_file_ref idref="fl-1f"/>
      </object_component>
      <object_component id="oc-39">
         <name>.debug_abbrev</name>
         <load_address>0x4f6</load_address>
         <run_address>0x4f6</run_address>
         <size>0x1f8</size>
         <input_file_ref idref="fl-20"/>
      </object_component>
      <object_component id="oc-3d">
         <name>.debug_abbrev</name>
         <load_address>0x6ee</load_address>
         <run_address>0x6ee</run_address>
         <size>0xec</size>
         <input_file_ref idref="fl-21"/>
      </object_component>
      <object_component id="oc-41">
         <name>.debug_abbrev</name>
         <load_address>0x7da</load_address>
         <run_address>0x7da</run_address>
         <size>0xd5</size>
         <input_file_ref idref="fl-22"/>
      </object_component>
      <object_component id="oc-45">
         <name>.debug_abbrev</name>
         <load_address>0x8af</load_address>
         <run_address>0x8af</run_address>
         <size>0x44</size>
         <input_file_ref idref="fl-23"/>
      </object_component>
      <object_component id="oc-49">
         <name>.debug_abbrev</name>
         <load_address>0x8f3</load_address>
         <run_address>0x8f3</run_address>
         <size>0xb7</size>
         <input_file_ref idref="fl-24"/>
      </object_component>
      <object_component id="oc-4b">
         <name>.debug_abbrev</name>
         <load_address>0x9aa</load_address>
         <run_address>0x9aa</run_address>
         <size>0x68</size>
         <input_file_ref idref="fl-25"/>
      </object_component>
      <object_component id="oc-4f">
         <name>.debug_abbrev</name>
         <load_address>0xa12</load_address>
         <run_address>0xa12</run_address>
         <size>0x83</size>
         <input_file_ref idref="fl-26"/>
      </object_component>
      <object_component id="oc-53">
         <name>.debug_abbrev</name>
         <load_address>0xa95</load_address>
         <run_address>0xa95</run_address>
         <size>0x112</size>
         <input_file_ref idref="fl-27"/>
      </object_component>
      <object_component id="oc-57">
         <name>.debug_abbrev</name>
         <load_address>0xba7</load_address>
         <run_address>0xba7</run_address>
         <size>0xb5</size>
         <input_file_ref idref="fl-28"/>
      </object_component>
      <object_component id="oc-5b">
         <name>.debug_abbrev</name>
         <load_address>0xc5c</load_address>
         <run_address>0xc5c</run_address>
         <size>0x8f</size>
         <input_file_ref idref="fl-29"/>
      </object_component>
      <object_component id="oc-5f">
         <name>.debug_abbrev</name>
         <load_address>0xceb</load_address>
         <run_address>0xceb</run_address>
         <size>0xb7</size>
         <input_file_ref idref="fl-2a"/>
      </object_component>
      <object_component id="oc-64">
         <name>.debug_abbrev</name>
         <load_address>0xda2</load_address>
         <run_address>0xda2</run_address>
         <size>0xc2</size>
         <input_file_ref idref="fl-2b"/>
      </object_component>
      <object_component id="oc-68">
         <name>.debug_abbrev</name>
         <load_address>0xe64</load_address>
         <run_address>0xe64</run_address>
         <size>0x103</size>
         <input_file_ref idref="fl-2c"/>
      </object_component>
      <object_component id="oc-6d">
         <name>.debug_abbrev</name>
         <load_address>0xf67</load_address>
         <run_address>0xf67</run_address>
         <size>0x140</size>
         <input_file_ref idref="fl-2d"/>
      </object_component>
      <object_component id="oc-71">
         <name>.debug_abbrev</name>
         <load_address>0x10a7</load_address>
         <run_address>0x10a7</run_address>
         <size>0x9a</size>
         <input_file_ref idref="fl-2e"/>
      </object_component>
      <object_component id="oc-75">
         <name>.debug_abbrev</name>
         <load_address>0x1141</load_address>
         <run_address>0x1141</run_address>
         <size>0xd0</size>
         <input_file_ref idref="fl-2f"/>
      </object_component>
      <object_component id="oc-79">
         <name>.debug_abbrev</name>
         <load_address>0x1211</load_address>
         <run_address>0x1211</run_address>
         <size>0xb7</size>
         <input_file_ref idref="fl-30"/>
      </object_component>
      <object_component id="oc-7d">
         <name>.debug_abbrev</name>
         <load_address>0x12c8</load_address>
         <run_address>0x12c8</run_address>
         <size>0x38</size>
         <input_file_ref idref="fl-31"/>
      </object_component>
      <object_component id="oc-83">
         <name>.debug_abbrev</name>
         <load_address>0x1300</load_address>
         <run_address>0x1300</run_address>
         <size>0x225</size>
         <input_file_ref idref="fl-32"/>
      </object_component>
      <object_component id="oc-87">
         <name>.debug_abbrev</name>
         <load_address>0x1525</load_address>
         <run_address>0x1525</run_address>
         <size>0xec</size>
         <input_file_ref idref="fl-33"/>
      </object_component>
      <object_component id="oc-8b">
         <name>.debug_abbrev</name>
         <load_address>0x1611</load_address>
         <run_address>0x1611</run_address>
         <size>0xb7</size>
         <input_file_ref idref="fl-34"/>
      </object_component>
      <object_component id="oc-8f">
         <name>.debug_abbrev</name>
         <load_address>0x16c8</load_address>
         <run_address>0x16c8</run_address>
         <size>0x38</size>
         <input_file_ref idref="fl-35"/>
      </object_component>
      <object_component id="oc-93">
         <name>.debug_abbrev</name>
         <load_address>0x1700</load_address>
         <run_address>0x1700</run_address>
         <size>0xdc</size>
         <input_file_ref idref="fl-36"/>
      </object_component>
      <object_component id="oc-97">
         <name>.debug_abbrev</name>
         <load_address>0x17dc</load_address>
         <run_address>0x17dc</run_address>
         <size>0x81</size>
         <input_file_ref idref="fl-37"/>
      </object_component>
      <object_component id="oc-9b">
         <name>.debug_abbrev</name>
         <load_address>0x185d</load_address>
         <run_address>0x185d</run_address>
         <size>0xa6</size>
         <input_file_ref idref="fl-38"/>
      </object_component>
      <object_component id="oc-9f">
         <name>.debug_abbrev</name>
         <load_address>0x1903</load_address>
         <run_address>0x1903</run_address>
         <size>0xb5</size>
         <input_file_ref idref="fl-39"/>
      </object_component>
      <object_component id="oc-a3">
         <name>.debug_abbrev</name>
         <load_address>0x19b8</load_address>
         <run_address>0x19b8</run_address>
         <size>0x8f</size>
         <input_file_ref idref="fl-3a"/>
      </object_component>
      <object_component id="oc-a8">
         <name>.debug_abbrev</name>
         <load_address>0x1a47</load_address>
         <run_address>0x1a47</run_address>
         <size>0x15a</size>
         <input_file_ref idref="fl-3b"/>
      </object_component>
      <object_component id="oc-ae">
         <name>.debug_abbrev</name>
         <load_address>0x1ba1</load_address>
         <run_address>0x1ba1</run_address>
         <size>0xde</size>
         <input_file_ref idref="fl-3c"/>
      </object_component>
      <object_component id="oc-b2">
         <name>.debug_abbrev</name>
         <load_address>0x1c7f</load_address>
         <run_address>0x1c7f</run_address>
         <size>0x38</size>
         <input_file_ref idref="fl-3d"/>
      </object_component>
      <object_component id="oc-b6">
         <name>.debug_abbrev</name>
         <load_address>0x1cb7</load_address>
         <run_address>0x1cb7</run_address>
         <size>0xd1</size>
         <input_file_ref idref="fl-3e"/>
      </object_component>
      <object_component id="oc-ba">
         <name>.debug_abbrev</name>
         <load_address>0x1d88</load_address>
         <run_address>0x1d88</run_address>
         <size>0xd4</size>
         <input_file_ref idref="fl-3f"/>
      </object_component>
      <object_component id="oc-be">
         <name>.debug_abbrev</name>
         <load_address>0x1e5c</load_address>
         <run_address>0x1e5c</run_address>
         <size>0xa6</size>
         <input_file_ref idref="fl-40"/>
      </object_component>
      <object_component id="oc-c2">
         <name>.debug_abbrev</name>
         <load_address>0x1f02</load_address>
         <run_address>0x1f02</run_address>
         <size>0x136</size>
         <input_file_ref idref="fl-41"/>
      </object_component>
      <object_component id="oc-c6">
         <name>.debug_abbrev</name>
         <load_address>0x2038</load_address>
         <run_address>0x2038</run_address>
         <size>0x81</size>
         <input_file_ref idref="fl-42"/>
      </object_component>
      <object_component id="oc-ca">
         <name>.debug_abbrev</name>
         <load_address>0x20b9</load_address>
         <run_address>0x20b9</run_address>
         <size>0xd1</size>
         <input_file_ref idref="fl-43"/>
      </object_component>
      <object_component id="oc-ce">
         <name>.debug_abbrev</name>
         <load_address>0x218a</load_address>
         <run_address>0x218a</run_address>
         <size>0x10b</size>
         <input_file_ref idref="fl-44"/>
      </object_component>
      <object_component id="oc-d4">
         <name>.debug_abbrev</name>
         <load_address>0x2295</load_address>
         <run_address>0x2295</run_address>
         <size>0x1a2</size>
         <input_file_ref idref="fl-45"/>
      </object_component>
      <object_component id="oc-db">
         <name>.debug_abbrev</name>
         <load_address>0x2437</load_address>
         <run_address>0x2437</run_address>
         <size>0x1de</size>
         <input_file_ref idref="fl-46"/>
      </object_component>
      <object_component id="oc-df">
         <name>.debug_abbrev</name>
         <load_address>0x2615</load_address>
         <run_address>0x2615</run_address>
         <size>0x118</size>
         <input_file_ref idref="fl-47"/>
      </object_component>
      <object_component id="oc-e3">
         <name>.debug_abbrev</name>
         <load_address>0x272d</load_address>
         <run_address>0x272d</run_address>
         <size>0xbf</size>
         <input_file_ref idref="fl-48"/>
      </object_component>
      <object_component id="oc-102">
         <name>.debug_abbrev</name>
         <load_address>0x27ec</load_address>
         <run_address>0x27ec</run_address>
         <size>0xd</size>
      </object_component>
   </object_component_list>
   <logical_group_list>
      <logical_group id="lg-2">
         <name>vectors</name>
         <load_address>0xffff00</load_address>
         <run_address>0xffff00</run_address>
         <size>0x100</size>
         <contents>
            <object_component_ref idref="oc-2a"/>
         </contents>
      </logical_group>
      <logical_group id="lg-3">
         <name>.cinit</name>
         <load_address>0x988</load_address>
         <run_address>0x988</run_address>
         <size>0xe8</size>
         <contents>
            <object_component_ref idref="oc-81"/>
            <object_component_ref idref="oc-4e"/>
            <object_component_ref idref="oc-31"/>
            <object_component_ref idref="oc-19"/>
            <object_component_ref idref="oc-d2"/>
            <object_component_ref idref="oc-d8"/>
         </contents>
      </logical_group>
      <logical_group id="lg-fe">
         <name>.text.1</name>
         <load_address>0x10000</load_address>
         <run_address>0x10000</run_address>
         <size>0x2000</size>
         <contents>
            <object_component_ref idref="oc-34"/>
            <object_component_ref idref="oc-7e"/>
            <object_component_ref idref="oc-d5"/>
            <object_component_ref idref="oc-3e"/>
            <object_component_ref idref="oc-1a"/>
         </contents>
      </logical_group>
      <logical_group id="lg-ff">
         <name>.text.2</name>
         <load_address>0x12000</load_address>
         <run_address>0x12000</run_address>
         <size>0x1ffa</size>
         <contents>
            <object_component_ref idref="oc-a4"/>
            <object_component_ref idref="oc-50"/>
            <object_component_ref idref="oc-cf"/>
            <object_component_ref idref="oc-76"/>
            <object_component_ref idref="oc-b7"/>
            <object_component_ref idref="oc-46"/>
            <object_component_ref idref="oc-69"/>
            <object_component_ref idref="oc-90"/>
            <object_component_ref idref="oc-cb"/>
            <object_component_ref idref="oc-b3"/>
            <object_component_ref idref="oc-d"/>
            <object_component_ref idref="oc-bf"/>
            <object_component_ref idref="oc-ac"/>
            <object_component_ref idref="oc-65"/>
            <object_component_ref idref="oc-54"/>
            <object_component_ref idref="oc-84"/>
            <object_component_ref idref="oc-dc"/>
            <object_component_ref idref="oc-c3"/>
            <object_component_ref idref="oc-6e"/>
            <object_component_ref idref="oc-9c"/>
            <object_component_ref idref="oc-5c"/>
            <object_component_ref idref="oc-a9"/>
            <object_component_ref idref="oc-c7"/>
            <object_component_ref idref="oc-60"/>
            <object_component_ref idref="oc-25"/>
            <object_component_ref idref="oc-42"/>
            <object_component_ref idref="oc-3a"/>
            <object_component_ref idref="oc-98"/>
            <object_component_ref idref="oc-bb"/>
            <object_component_ref idref="oc-8c"/>
            <object_component_ref idref="oc-72"/>
            <object_component_ref idref="oc-29"/>
         </contents>
      </logical_group>
      <logical_group id="lg-100">
         <name>.text.3</name>
         <load_address>0x14000</load_address>
         <run_address>0x14000</run_address>
         <size>0x18a</size>
         <contents>
            <object_component_ref idref="oc-16"/>
            <object_component_ref idref="oc-1d"/>
            <object_component_ref idref="oc-c"/>
            <object_component_ref idref="oc-58"/>
            <object_component_ref idref="oc-af"/>
            <object_component_ref idref="oc-88"/>
            <object_component_ref idref="oc-a0"/>
            <object_component_ref idref="oc-7a"/>
            <object_component_ref idref="oc-2e"/>
            <object_component_ref idref="oc-21"/>
            <object_component_ref idref="oc-94"/>
            <object_component_ref idref="oc-e0"/>
         </contents>
      </logical_group>
      <split_section id="lg-4">
         <name>.text</name>
         <contents>
            <logical_group_ref idref="lg-fe"/>
            <logical_group_ref idref="lg-ff"/>
            <logical_group_ref idref="lg-100"/>
         </contents>
      </split_section>
      <logical_group id="lg-5">
         <name>.stack</name>
         <run_address>0x588</run_address>
         <size>0x200</size>
         <contents>
            <object_component_ref idref="oc-12"/>
            <object_component_ref idref="oc-f8"/>
         </contents>
      </logical_group>
      <logical_group id="lg-6">
         <name>.sysstack</name>
         <run_address>0x788</run_address>
         <size>0x200</size>
         <contents>
            <object_component_ref idref="oc-e4"/>
            <object_component_ref idref="oc-fa"/>
         </contents>
      </logical_group>
      <logical_group id="lg-7">
         <name>.sysmem</name>
         <run_address>0x8000</run_address>
         <size>0x400</size>
         <contents>
            <object_component_ref idref="oc-d9"/>
            <object_component_ref idref="oc-f9"/>
         </contents>
      </logical_group>
      <logical_group id="lg-8">
         <name>.data</name>
         <run_address>0x8000</run_address>
         <size>0x0</size>
         <contents>
         </contents>
      </logical_group>
      <logical_group id="lg-9">
         <name>.cio</name>
         <run_address>0x348</run_address>
         <size>0x240</size>
         <contents>
            <object_component_ref idref="oc-ab"/>
         </contents>
      </logical_group>
      <logical_group id="lg-a">
         <name>.bss</name>
         <run_address>0xa000</run_address>
         <size>0x4d4</size>
         <contents>
            <object_component_ref idref="oc-17"/>
            <object_component_ref idref="oc-2f"/>
            <object_component_ref idref="oc-4c"/>
            <object_component_ref idref="oc-7f"/>
            <object_component_ref idref="oc-a5"/>
            <object_component_ref idref="oc-d0"/>
            <object_component_ref idref="oc-d6"/>
         </contents>
      </logical_group>
      <logical_group id="lg-b">
         <name>.const</name>
         <load_address>0xc0</load_address>
         <run_address>0xc0</run_address>
         <size>0x284</size>
         <contents>
            <object_component_ref idref="oc-e5"/>
            <object_component_ref idref="oc-37"/>
            <object_component_ref idref="oc-36"/>
            <object_component_ref idref="oc-e6"/>
            <object_component_ref idref="oc-f"/>
            <object_component_ref idref="oc-6b"/>
            <object_component_ref idref="oc-62"/>
         </contents>
      </logical_group>
      <logical_group id="lg-f1">
         <name>.debug_info</name>
         <load_address>0x0</load_address>
         <run_address>0x0</run_address>
         <size>0x1428d</size>
         <contents>
            <object_component_ref idref="oc-e"/>
            <object_component_ref idref="oc-13"/>
            <object_component_ref idref="oc-18"/>
            <object_component_ref idref="oc-1e"/>
            <object_component_ref idref="oc-22"/>
            <object_component_ref idref="oc-26"/>
            <object_component_ref idref="oc-2b"/>
            <object_component_ref idref="oc-30"/>
            <object_component_ref idref="oc-35"/>
            <object_component_ref idref="oc-3b"/>
            <object_component_ref idref="oc-3f"/>
            <object_component_ref idref="oc-43"/>
            <object_component_ref idref="oc-47"/>
            <object_component_ref idref="oc-4a"/>
            <object_component_ref idref="oc-4d"/>
            <object_component_ref idref="oc-51"/>
            <object_component_ref idref="oc-55"/>
            <object_component_ref idref="oc-59"/>
            <object_component_ref idref="oc-5d"/>
            <object_component_ref idref="oc-61"/>
            <object_component_ref idref="oc-66"/>
            <object_component_ref idref="oc-6a"/>
            <object_component_ref idref="oc-6f"/>
            <object_component_ref idref="oc-73"/>
            <object_component_ref idref="oc-77"/>
            <object_component_ref idref="oc-7b"/>
            <object_component_ref idref="oc-80"/>
            <object_component_ref idref="oc-85"/>
            <object_component_ref idref="oc-89"/>
            <object_component_ref idref="oc-8d"/>
            <object_component_ref idref="oc-91"/>
            <object_component_ref idref="oc-95"/>
            <object_component_ref idref="oc-99"/>
            <object_component_ref idref="oc-9d"/>
            <object_component_ref idref="oc-a1"/>
            <object_component_ref idref="oc-a6"/>
            <object_component_ref idref="oc-aa"/>
            <object_component_ref idref="oc-b0"/>
            <object_component_ref idref="oc-b4"/>
            <object_component_ref idref="oc-b8"/>
            <object_component_ref idref="oc-bc"/>
            <object_component_ref idref="oc-c0"/>
            <object_component_ref idref="oc-c4"/>
            <object_component_ref idref="oc-c8"/>
            <object_component_ref idref="oc-cc"/>
            <object_component_ref idref="oc-d1"/>
            <object_component_ref idref="oc-d7"/>
            <object_component_ref idref="oc-dd"/>
            <object_component_ref idref="oc-e1"/>
            <object_component_ref idref="oc-101"/>
         </contents>
      </logical_group>
      <logical_group id="lg-f3">
         <name>.debug_line</name>
         <load_address>0x0</load_address>
         <run_address>0x0</run_address>
         <size>0x1523</size>
         <contents>
            <object_component_ref idref="oc-10"/>
            <object_component_ref idref="oc-14"/>
            <object_component_ref idref="oc-1b"/>
            <object_component_ref idref="oc-1f"/>
            <object_component_ref idref="oc-23"/>
            <object_component_ref idref="oc-27"/>
            <object_component_ref idref="oc-2c"/>
            <object_component_ref idref="oc-32"/>
            <object_component_ref idref="oc-38"/>
            <object_component_ref idref="oc-3c"/>
            <object_component_ref idref="oc-40"/>
            <object_component_ref idref="oc-44"/>
            <object_component_ref idref="oc-48"/>
            <object_component_ref idref="oc-52"/>
            <object_component_ref idref="oc-56"/>
            <object_component_ref idref="oc-5a"/>
            <object_component_ref idref="oc-5e"/>
            <object_component_ref idref="oc-63"/>
            <object_component_ref idref="oc-67"/>
            <object_component_ref idref="oc-6c"/>
            <object_component_ref idref="oc-70"/>
            <object_component_ref idref="oc-74"/>
[...]
      <symbol id="sm-a">
         <name>__STACK_END</name>
         <value>0x788</value>
      </symbol>
      <symbol id="sm-b">
         <name>__SYSMEM_SIZE</name>
         <value>0x400</value>
      </symbol>
      <symbol id="sm-c">
         <name>___c_args__</name>
         <value>0xffffffff</value>
      </symbol>
      <symbol id="sm-d">
         <name>__SYSSTACK_SIZE</name>
         <value>0x200</value>
      </symbol>
      <symbol id="sm-e">
         <name>.text</name>
         <value>0xffffffff</value>
      </symbol>
      <symbol id="sm-f">
         <name>___text__</name>
         <value>0xffffffff</value>
      </symbol>
      <symbol id="sm-10">
         <name>etext</name>
         <value>0xffffffff</value>
      </symbol>
      <symbol id="sm-11">
         <name>___etext__</name>
         <value>0xffffffff</value>
      </symbol>
      <symbol id="sm-12">
         <name>.data</name>
         <value>0x8000</value>
      </symbol>
      <symbol id="sm-13">
         <name>___data__</name>
         <value>0x8000</value>
      </symbol>
      <symbol id="sm-14">
         <name>edata</name>
         <value>0x8000</value>
      </symbol>
      <symbol id="sm-15">
         <name>___edata__</name>
         <value>0x8000</value>
      </symbol>
      <symbol id="sm-16">
         <name>.bss</name>
         <value>0xa000</value>
      </symbol>
      <symbol id="sm-17">
         <name>___bss__</name>
         <value>0xa000</value>
      </symbol>
      <symbol id="sm-18">
         <name>end</name>
         <value>0xa4d4</value>
      </symbol>
      <symbol id="sm-19">
         <name>___end__</name>
         <value>0xa4d4</value>
      </symbol>
      <symbol id="sm-43">
         <name>_main</name>
         <value>0x136af</value>
         <object_component_ref idref="oc-d"/>
      </symbol>
      <symbol id="sm-44">
         <name>_fuzzer_log</name>
         <value>0x13687</value>
         <object_component_ref idref="oc-d"/>
      </symbol>
      <symbol id="sm-50">
         <name>__sysstack</name>
         <value>0x788</value>
         <object_component_ref idref="oc-e4"/>
      </symbol>
      <symbol id="sm-51">
         <name>_c_int00</name>
         <value>0x1407a</value>
         <object_component_ref idref="oc-c"/>
      </symbol>
      <symbol id="sm-52">
         <name>__stack</name>
         <value>0x588</value>
         <object_component_ref idref="oc-12"/>
      </symbol>
      <symbol id="sm-62">
         <name>C$$EXIT</name>
         <value>0x11ff9</value>
         <object_component_ref idref="oc-1a"/>
      </symbol>
      <symbol id="sm-63">
         <name>_exit</name>
         <value>0x14000</value>
         <object_component_ref idref="oc-16"/>
      </symbol>
      <symbol id="sm-64">
         <name>_abort</name>
         <value>0x11ff8</value>
         <object_component_ref idref="oc-1a"/>
      </symbol>
      <symbol id="sm-65">
         <name>__cleanup_ptr</name>
         <value>0xa4cc</value>
         <object_component_ref idref="oc-17"/>
      </symbol>
      <symbol id="sm-66">
         <name>__dtors_ptr</name>
         <value>0xa4d0</value>
         <object_component_ref idref="oc-17"/>
      </symbol>
      <symbol id="sm-6e">
         <name>__remi</name>
         <value>0x1405d</value>
         <object_component_ref idref="oc-1d"/>
      </symbol>
      <symbol id="sm-6f">
         <name>__divi</name>
         <value>0x1403e</value>
         <object_component_ref idref="oc-1d"/>
      </symbol>
      <symbol id="sm-70">
         <name>I$$MOD</name>
         <value>0x1405d</value>
         <object_component_ref idref="oc-1d"/>
      </symbol>
      <symbol id="sm-71">
         <name>I$$DIV</name>
         <value>0x1403e</value>
         <object_component_ref idref="oc-1d"/>
      </symbol>
      <symbol id="sm-7b">
         <name>_memset</name>
         <value>0x1415e</value>
         <object_component_ref idref="oc-21"/>
      </symbol>
      <symbol id="sm-85">
         <name>_printf</name>
         <value>0x13e23</value>
         <object_component_ref idref="oc-25"/>
      </symbol>
      <symbol id="sm-8f">
         <name>_Reset</name>
         <value>0xffff00</value>
         <object_component_ref idref="oc-2a"/>
      </symbol>
      <symbol id="sm-9d">
         <name>__unlock</name>
         <value>0xa4c8</value>
         <object_component_ref idref="oc-2f"/>
      </symbol>
      <symbol id="sm-9e">
         <name>__lock</name>
         <value>0xa4c4</value>
         <object_component_ref idref="oc-2f"/>
      </symbol>
      <symbol id="sm-9f">
         <name>__register_lock</name>
         <value>0x14154</value>
         <object_component_ref idref="oc-2e"/>
      </symbol>
      <symbol id="sm-a0">
         <name>__nop</name>
         <value>0x1415c</value>
         <object_component_ref idref="oc-2e"/>
      </symbol>
      <symbol id="sm-a1">
         <name>__register_unlock</name>
         <value>0x1414c</value>
         <object_component_ref idref="oc-2e"/>
      </symbol>
      <symbol id="sm-b3">
         <name>__printfi</name>
         <value>0x11362</value>
         <object_component_ref idref="oc-34"/>
      </symbol>
      <symbol id="sm-bd">
         <name>__args_main</name>
         <value>0x13ec0</value>
         <object_component_ref idref="oc-3a"/>
      </symbol>
      <symbol id="sm-be">
         <name>__TI_args_main</name>
         <value>0x1</value>
      </symbol>
      <symbol id="sm-c8">
         <name>_atoi</name>
         <value>0x11f9c</value>
         <object_component_ref idref="oc-3e"/>
      </symbol>
      <symbol id="sm-d0">
         <name>_auto_init</name>
         <value>0x13e73</value>
         <object_component_ref idref="oc-42"/>
      </symbol>
      <symbol id="sm-da">
         <name>__eqld</name>
         <value>0x13189</value>
         <object_component_ref idref="oc-46"/>
      </symbol>
      <symbol id="sm-db">
         <name>__cmpd</name>
         <value>0x131bd</value>
         <object_component_ref idref="oc-46"/>
      </symbol>
      <symbol id="sm-dc">
         <name>__neqd</name>
         <value>0x1302b</value>
         <object_component_ref idref="oc-46"/>
      </symbol>
      <symbol id="sm-dd">
         <name>__gtrd</name>
         <value>0x130f4</value>
         <object_component_ref idref="oc-46"/>
      </symbol>
      <symbol id="sm-de">
         <name>__geqd</name>
         <value>0x1313f</value>
         <object_component_ref idref="oc-46"/>
      </symbol>
      <symbol id="sm-df">
         <name>__leqd</name>
         <value>0x130a7</value>
         <object_component_ref idref="oc-46"/>
      </symbol>
      <symbol id="sm-e0">
         <name>__lssd</name>
         <value>0x1305f</value>
         <object_component_ref idref="oc-46"/>
      </symbol>
      <symbol id="sm-e8">
         <name>__ctypes_</name>
         <value>0xc0</value>
         <object_component_ref idref="oc-e5"/>
      </symbol>
      <symbol id="sm-f2">
         <name>__tmpnams</name>
         <value>0xa0f0</value>
         <object_component_ref idref="oc-4c"/>
      </symbol>
      <symbol id="sm-f3">
         <name>__ft_end</name>
         <value>0xa230</value>
         <object_component_ref idref="oc-4c"/>
      </symbol>
      <symbol id="sm-f4">
         <name>__ftable</name>
         <value>0xa000</value>
         <object_component_ref idref="oc-4c"/>
      </symbol>
      <symbol id="sm-100">
         <name>__divd</name>
         <value>0x12528</value>
         <object_component_ref idref="oc-50"/>
      </symbol>
      <symbol id="sm-10b">
         <name>__divul</name>
         <value>0x13981</value>
         <object_component_ref idref="oc-54"/>
      </symbol>
      <symbol id="sm-115">
         <name>__fixdi</name>
         <value>0x140ae</value>
         <object_component_ref idref="oc-58"/>
      </symbol>
      <symbol id="sm-11f">
         <name>__fixdli</name>
         <value>0x13c75</value>
         <object_component_ref idref="oc-5c"/>
      </symbol>
      <symbol id="sm-12b">
         <name>__fltlid</name>
         <value>0x13dbc</value>
         <object_component_ref idref="oc-60"/>
      </symbol>
      <symbol id="sm-135">
         <name>_putchar</name>
         <value>0x13972</value>
         <object_component_ref idref="oc-65"/>
      </symbol>
      <symbol id="sm-136">
         <name>_putc</name>
         <value>0x138db</value>
         <object_component_ref idref="oc-65"/>
      </symbol>
      <symbol id="sm-137">
         <name>_fputc</name>
         <value>0x138db</value>
         <object_component_ref idref="oc-65"/>
      </symbol>
      <symbol id="sm-145">
         <name>_puts</name>
         <value>0x1334a</value>
         <object_component_ref idref="oc-69"/>
      </symbol>
      <symbol id="sm-146">
         <name>_fputs</name>
         <value>0x13215</value>
         <object_component_ref idref="oc-69"/>
      </symbol>
      <symbol id="sm-150">
         <name>__frcmpyd_div</name>
         <value>0x13b90</value>
         <object_component_ref idref="oc-6e"/>
      </symbol>
      <symbol id="sm-15a">
         <name>___isinf</name>
         <value>0x13fdd</value>
         <object_component_ref idref="oc-72"/>
      </symbol>
      <symbol id="sm-164">
         <name>__divull</name>
         <value>0x12ca8</value>
         <object_component_ref idref="oc-76"/>
      </symbol>
      <symbol id="sm-165">
         <name>__mpylli</name>
         <value>0x12bf0</value>
         <object_component_ref idref="oc-76"/>
      </symbol>
      <symbol id="sm-166">
         <name>__remlli</name>
         <value>0x12bc1</value>
         <object_component_ref idref="oc-76"/>
      </symbol>
      <symbol id="sm-167">
         <name>__divlli</name>
         <value>0x12d9c</value>
         <object_component_ref idref="oc-76"/>
      </symbol>
      <symbol id="sm-168">
         <name>__remull</name>
         <value>0x12b73</value>
         <object_component_ref idref="oc-76"/>
      </symbol>
      <symbol id="sm-170">
         <name>__mpyli</name>
         <value>0x14139</value>
         <object_component_ref idref="oc-7a"/>
      </symbol>
      <symbol id="sm-171">
         <name>I$$LMPY</name>
         <value>0x14139</value>
         <object_component_ref idref="oc-7a"/>
      </symbol>
      <symbol id="sm-183">
         <name>_add_device</name>
         <value>0x119f7</value>
         <object_component_ref idref="oc-7e"/>
      </symbol>
      <symbol id="sm-184">
         <name>_rename</name>
         <value>0x11719</value>
         <object_component_ref idref="oc-7e"/>
      </symbol>
      <symbol id="sm-185">
         <name>_read</name>
         <value>0x117a8</value>
         <object_component_ref idref="oc-7e"/>
      </symbol>
      <symbol id="sm-186">
         <name>_unlink</name>
         <value>0x116e6</value>
         <object_component_ref idref="oc-7e"/>
      </symbol>
      <symbol id="sm-187">
         <name>_remove_device</name>
         <value>0x11772</value>
         <object_component_ref idref="oc-7e"/>
      </symbol>
      <symbol id="sm-188">
         <name>_open</name>
         <value>0x11856</value>
         <object_component_ref idref="oc-7e"/>
      </symbol>
      <symbol id="sm-189">
         <name>_find_registered_device</name>
         <value>0x1197b</value>
         <object_component_ref idref="oc-7e"/>
      </symbol>
      <symbol id="sm-18a">
         <name>_lseek</name>
         <value>0x11915</value>
         <object_component_ref idref="oc-7e"/>
      </symbol>
      <symbol id="sm-18b">
         <name>_close</name>
         <value>0x11984</value>
         <object_component_ref idref="oc-7e"/>
      </symbol>
      <symbol id="sm-18c">
         <name>_write</name>
         <value>0x115a4</value>
         <object_component_ref idref="oc-7e"/>
      </symbol>
      <symbol id="sm-196">
         <name>_ltoa</name>
         <value>0x13a22</value>
         <object_component_ref idref="oc-84"/>
      </symbol>
      <symbol id="sm-1a1">
         <name>_memccpy</name>
         <value>0x14102</value>
         <object_component_ref idref="oc-88"/>
      </symbol>
      <symbol id="sm-1a9">
         <name>_memcpy</name>
         <value>0x13f9e</value>
         <object_component_ref idref="oc-8c"/>
      </symbol>
      <symbol id="sm-1b3">
         <name>__mpyd</name>
         <value>0x13378</value>
         <object_component_ref idref="oc-90"/>
      </symbol>
      <symbol id="sm-1bd">
         <name>__negd</name>
         <value>0x1416f</value>
         <object_component_ref idref="oc-94"/>
      </symbol>
      <symbol id="sm-1c7">
         <name>__remli</name>
         <value>0x13f0b</value>
         <object_component_ref idref="oc-98"/>
      </symbol>
      <symbol id="sm-1d2">
         <name>__remul</name>
         <value>0x13c03</value>
         <object_component_ref idref="oc-9c"/>
      </symbol>
      <symbol id="sm-1dc">
         <name>__subd</name>
         <value>0x14125</value>
         <object_component_ref idref="oc-a0"/>
      </symbol>
      <symbol id="sm-1e8">
         <name>_HOSTopen</name>
         <value>0x1230b</value>
         <object_component_ref idref="oc-a4"/>
      </symbol>
      <symbol id="sm-1e9">
         <name>_HOSTread</name>
         <value>0x1227e</value>
         <object_component_ref idref="oc-a4"/>
      </symbol>
      <symbol id="sm-1ea">
         <name>_HOSTtime</name>
         <value>0x12172</value>
         <object_component_ref idref="oc-a4"/>
      </symbol>
      <symbol id="sm-1eb">
         <name>_getenv</name>
         <value>0x12000</value>
         <object_component_ref idref="oc-a4"/>
      </symbol>
      <symbol id="sm-1ec">
         <name>_HOSTrename</name>
         <value>0x121d0</value>
         <object_component_ref idref="oc-a4"/>
      </symbol>
      <symbol id="sm-1ed">
         <name>_HOSTclock</name>
         <value>0x124ca</value>
         <object_component_ref idref="oc-a4"/>
      </symbol>
      <symbol id="sm-1ee">
         <name>_HOSTwrite</name>
         <value>0x1207b</value>
         <object_component_ref idref="oc-a4"/>
      </symbol>
      <symbol id="sm-1ef">
         <name>_HOSTlseek</name>
         <value>0x123aa</value>
         <object_component_ref idref="oc-a4"/>
      </symbol>
      <symbol id="sm-1f0">
         <name>_HOSTunlink</name>
         <value>0x12108</value>
         <object_component_ref idref="oc-a4"/>
      </symbol>
      <symbol id="sm-1f1">
         <name>_HOSTclose</name>
         <value>0x1245f</value>
         <object_component_ref idref="oc-a4"/>
      </symbol>
      <symbol id="sm-203">
         <name>C$$IO$$</name>
         <value>0x138d6</value>
         <object_component_ref idref="oc-ac"/>
      </symbol>
      <symbol id="sm-204">
         <name>__CIOBUF_</name>
         <value>0x348</value>
         <object_component_ref idref="oc-ab"/>
      </symbol>
      <symbol id="sm-205">
         <name>_readmsg</name>
         <value>0x13ce4</value>
         <object_component_ref idref="oc-a9"/>
      </symbol>
      <symbol id="sm-206">
         <name>_writemsg</name>
         <value>0x13821</value>
         <object_component_ref idref="oc-ac"/>
      </symbol>
      <symbol id="sm-20e">
         <name>__remu</name>
         <value>0x140ed</value>
         <object_component_ref idref="oc-af"/>
      </symbol>
      <symbol id="sm-20f">
         <name>__divu</name>
         <value>0x140d8</value>
         <object_component_ref idref="oc-af"/>
      </symbol>
      <symbol id="sm-210">
         <name>I$$UMOD</name>
         <value>0x140ed</value>
         <object_component_ref idref="oc-af"/>
      </symbol>
      <symbol id="sm-211">
         <name>I$$UDIV</name>
         <value>0x140d8</value>
         <object_component_ref idref="oc-af"/>
      </symbol>
      <symbol id="sm-21b">
         <name>__rd_ok</name>
         <value>0x1362a</value>
         <object_component_ref idref="oc-b3"/>
      </symbol>
      <symbol id="sm-21c">
         <name>__wrt_ok</name>
         <value>0x135aa</value>
         <object_component_ref idref="oc-b3"/>
      </symbol>
      <symbol id="sm-226">
         <name>__addd</name>
         <value>0x12dd1</value>
         <object_component_ref idref="oc-b7"/>
      </symbol>
      <symbol id="sm-230">
         <name>__divli</name>
         <value>0x13f56</value>
         <object_component_ref idref="oc-bb"/>
      </symbol>
      <symbol id="sm-23a">
         <name>__doflush</name>
         <value>0x1375f</value>
         <object_component_ref idref="oc-bf"/>
      </symbol>
      <symbol id="sm-23b">
         <name>_fflush</name>
         <value>0x137c8</value>
         <object_component_ref idref="oc-bf"/>
      </symbol>
      <symbol id="sm-245">
         <name>__frcmpyd</name>
         <value>0x13b1a</value>
         <object_component_ref idref="oc-c3"/>
      </symbol>
      <symbol id="sm-24f">
         <name>_fseek</name>
         <value>0x13d51</value>
         <object_component_ref idref="oc-c7"/>
      </symbol>
      <symbol id="sm-259">
         <name>_setvbuf</name>
         <value>0x134c4</value>
         <object_component_ref idref="oc-cb"/>
      </symbol>
      <symbol id="sm-268">
         <name>__cleanup</name>
         <value>0x12a15</value>
         <object_component_ref idref="oc-cf"/>
      </symbol>
      <symbol id="sm-269">
         <name>_fopen</name>
         <value>0x12b38</value>
         <object_component_ref idref="oc-cf"/>
      </symbol>
      <symbol id="sm-26a">
         <name>_freopen</name>
         <value>0x12a6f</value>
         <object_component_ref idref="oc-cf"/>
      </symbol>
      <symbol id="sm-27a">
         <name>__sys_memory</name>
         <value>0x8000</value>
         <object_component_ref idref="oc-d9"/>
      </symbol>
      <symbol id="sm-27b">
         <name>_chkheap</name>
         <value>0x11f6e</value>
         <object_component_ref idref="oc-d5"/>
      </symbol>
      <symbol id="sm-27c">
         <name>_realloc</name>
         <value>0x11d0d</value>
         <object_component_ref idref="oc-d5"/>
      </symbol>
      <symbol id="sm-27d">
         <name>_free_memory</name>
         <value>0x11f18</value>
         <object_component_ref idref="oc-d5"/>
      </symbol>
      <symbol id="sm-27e">
         <name>_max_free</name>
         <value>0x11ebe</value>
         <object_component_ref idref="oc-d5"/>
      </symbol>
      <symbol id="sm-27f">
         <name>_free</name>
         <value>0x11ae7</value>
         <object_component_ref idref="oc-d5"/>
      </symbol>
      <symbol id="sm-280">
         <name>_calloc</name>
         <value>0x11f76</value>
         <object_component_ref idref="oc-d5"/>
      </symbol>
      <symbol id="sm-281">
         <name>_malloc</name>
         <value>0x11c18</value>
         <object_component_ref idref="oc-d5"/>
      </symbol>
      <symbol id="sm-282">
         <name>_minit</name>
         <value>0x11bb3</value>
         <object_component_ref idref="oc-d5"/>
      </symbol>
      <symbol id="sm-28c">
         <name>_fclose</name>
         <value>0x13a9f</value>
         <object_component_ref idref="oc-dc"/>
      </symbol>
      <symbol id="sm-296">
         <name>_remove</name>
         <value>0x1417f</value>
         <object_component_ref idref="oc-e0"/>
      </symbol>
   </symbol_table>
</link_info>
