******************************************************************************
              TMS320C55x Linker PC v4.4.1                      
******************************************************************************
>> Linked Thu Jan 11 19:24:49 2024

OUTPUT FILE NAME:   <TeleBench_Benchmark1.out>
ENTRY POINT SYMBOL: "_c_int00"  address: 0001445c


MEMORY CONFIGURATION

         name            origin    length      used     unused   attr    fill
                        (bytes)   (bytes)    (bytes)   (bytes)
----------------------  --------  ---------  --------  --------  ----  --------
  MMR                   00000000   000000c0  00000000  000000c0  RWIX
  SPRAM                 000000c0   00000020  00000000  00000020  RWIX
  DARAM0                00000100   00003f00  00001500  00002a00  RWIX
  DARAM1                00004000   00004000  00001000  00003000  RWIX
  DARAM2                00008000   00004000  00000240  00003dc0  RWIX
  DARAM3                0000c000   00004000  00000a58  000035a8  RWIX
  SARAM01               00010000   00008000  00004b54  000034ac  RWIX
  SARAM2                00018000   00004000  00000000  00004000  RWIX
  SARAM3                0001c000   00004000  00000000  00004000  RWIX
  SARAM4                00020000   00004000  00000000  00004000  RWIX
  SARAM5                00024000   00004000  00000000  00004000  RWIX
  SARAM6                00028000   00004000  00000000  00004000  RWIX
  SARAM7                0002c000   00004000  00000000  00004000  RWIX
  SARAM8                00030000   00004000  00000734  000038cc  RWIX
  SARAM9                00034000   00004000  00000000  00004000  RWIX
  SARAM10               00038000   00004000  00000000  00004000  RWIX
  SARAM11               0003c000   00004000  00000000  00004000  RWIX
  SARAM12               00040000   00004000  00000000  00004000  RWIX
  SARAM13               00044000   00004000  00000000  00004000  RWIX
  SARAM14               00048000   00004000  00000000  00004000  RWIX
  SARAM15               0004c000   00004000  00000000  00004000  RWIX
  CE0                   00050000   003b0000  00000000  003b0000  RWIX
  CE1                   00400000   00400000  00000000  00400000  RWIX
  CE2                   00800000   00400000  00000000  00400000  RWIX
  CE3                   00c00000   003f8000  00000000  003f8000  RWIX
  PDROM                 00ff8000   00007f00  00000000  00007f00  RWIX
  VECS                  00ffff00   00000100  00000000  00000100  RWIX


SECTION ALLOCATION MAP
(Addresses surrounded by []'s are displayed for convenience only!)

output                                                          attributes/
section   page  orgn(bytes) orgn(words) len(bytes) len(words)   input sections
--------  ----  ----------- ----------- ---------- ----------   --------------
.stack       0   [ 00000100 ]  00000080          *   00000800   UNINITIALIZED
                 [ 00000100 ]  00000080          *   00000800   --HOLE--

.sysstack 
*            0   [ 00001100 ]  00000880          *   00000200   UNINITIALIZED
                 [ 00001100 ]  00000880          *   00000200   --HOLE--

vectors      0     00001500  [ 00000a80 ] 00000100          *   NOLOAD SECTION
                   00001500  [ 00000a80 ] 00000100          *   rts55x.lib : vectors.obj (vectors)

.sysmem      0   [ 00004000 ]  00002000          *   00000800   UNINITIALIZED
                 [ 00004000 ]  00002000          *   00000800   --HOLE--

.cio         0   [ 00008000 ]  00004000          *   00000120   UNINITIALIZED
                 [ 00008000 ]  00004000          *   00000120   rts55x.lib : trgmsg.obj (.cio)

.bss         0   [ 0000c000 ]  00006000          *   0000052c   UNINITIALIZED
                 [ 0000c000 ]  00006000          *   000002c2   bmark.obj (.bss)
                 [ 0000c584 ]  000062c2          *   00000119   rts55x.lib : defs.obj (.bss)
                 [ 0000c7b6 ]  000063db          *   000000d0              : trgdrv.obj (.bss)
                 [ 0000c956 ]  000064ab          *   00000001              : fopen.obj (.bss)
                 [ 0000c958 ]  000064ac          *   00000071              : lowlev.obj (.bss)
                 [ 0000ca3a ]  0000651d          *   00000001   --HOLE--
                 [ 0000ca3c ]  0000651e          *   00000006              : memory.obj (.bss)
                 [ 0000ca48 ]  00006524          *   00000004              : _lock.obj (.bss)
                 [ 0000ca50 ]  00006528          *   00000004              : exit.obj (.bss)

.text        0     00010000  [ 00008000 ] 00004594          *   
                   00010000  [ 00008000 ] 000015a4          *   rts55x.lib : _printfi.obj (.text)
                   000115a4  [ 00008ad2 ] 00000543          *              : lowlev.obj (.text)
                   00011ae7  [ 00008d73+] 00000528          *              : trgdrv.obj (.text)
                   0001200f  [ 00009007+] 000004b5          *              : memory.obj (.text)
                   000124c4  [ 00009262 ] 000003d8          *   bmark.obj (.text)
                   0001289c  [ 0000944e ] 000003cc          *   rts55x.lib : divd.obj (.text)
                   00012c68  [ 00009634 ] 0000027f          *              : fopen.obj (.text)
                   00012ee7  [ 00009773+] 0000025e          *              : llmpy.obj (.text)
                   00013145  [ 000098a2+] 0000025a          *              : addd.obj (.text)
                   0001339f  [ 000099cf+] 000001ea          *              : cmpd.obj (.text)
                   00013589  [ 00009ac4+] 00000163          *              : fputs.obj (.text)
                   000136ec  [ 00009b76 ] 0000014c          *              : mpyd.obj (.text)
                   00013838  [ 00009c1c ] 000000e6          *              : setvbuf.obj (.text)
                   0001391e  [ 00009c8f ] 000000dd          *              : _io_perm.obj (.text)
                   000139fb  [ 00009cfd+] 000000c2          *              : fflush.obj (.text)
                   00013abd  [ 00009d5e+] 000000ba          *              : trgmsg.obj (.text:CIO_breakpoint)
                   00013b77  [ 00009dbb+] 000000a6          *              : fputc.obj (.text)
                   00013c1d  [ 00009e0e+] 000000a1          *              : divul.obj (.text)
                   00013cbe  [ 00009e5f ] 0000007e          *   autcor00.obj (.text)
                   00013d3c  [ 00009e9e ] 0000007d          *   rts55x.lib : ltoa.obj (.text)
                   00013db9  [ 00009edc+] 0000007b          *              : fclose.obj (.text)
                   00013e34  [ 00009f1a ] 00000076          *              : frcmpyd.obj (.text)
                   00013eaa  [ 00009f55 ] 00000073          *              : frcmpyd_div.obj (.text)
                   00013f1d  [ 00009f8e+] 00000072          *              : remul.obj (.text)
                   00013f8f  [ 00009fc7+] 00000070          *              : sprintf.obj (.text)
                   00013fff  [ 00009fff+] 0000006f          *              : fixdli.obj (.text)
                   0001406e  [ 0000a037 ] 0000006d          *              : trgmsg.obj (.text)
                   000140db  [ 0000a06d+] 0000006b          *              : fseek.obj (.text)
                   00014146  [ 0000a0a3 ] 00000067          *              : fltlid.obj (.text)
                   000141ad  [ 0000a0d6+] 0000005c          *              : atoi.obj (.text)
                   00014209  [ 0000a104+] 0000005b          *              : fltuld.obj (.text)
                   00014264  [ 0000a132 ] 00000050          *              : printf.obj (.text)
                   000142b4  [ 0000a15a ] 0000004d          *              : autoinit.obj (.text)
                   00014301  [ 0000a180+] 0000004b          *              : args_main.obj (.text)
                   0001434c  [ 0000a1a6 ] 0000004b          *              : remli.obj (.text)
                   00014397  [ 0000a1cb+] 00000048          *              : divli.obj (.text)
                   000143df  [ 0000a1ef+] 0000003f          *              : memcpy.obj (.text)
                   0001441e  [ 0000a20f ] 0000003e          *              : exit.obj (.text)
                   0001445c  [ 0000a22e ] 00000034          *              : boot.obj (.text)
                   00014490  [ 0000a248 ] 0000002a          *              : fixdi.obj (.text)
                   000144ba  [ 0000a25d ] 0000002a          *              : udiv.obj (.text)
                   000144e4  [ 0000a272 ] 00000023          *              : memccpy.obj (.text)
                   00014507  [ 0000a283+] 0000001a          *              : isinf.obj (.text)
                   00014521  [ 0000a290+] 00000014          *              : subd.obj (.text)
                   00014535  [ 0000a29a+] 00000013          *              : lmpy.obj (.text)
                   00014548  [ 0000a2a4 ] 00000012          *              : _lock.obj (.text)
                   0001455a  [ 0000a2ad ] 00000010          *              : negd.obj (.text)
                   0001456a  [ 0000a2b5 ] 0000000c          *              : fltid.obj (.text)
                   00014576  [ 0000a2bb ] 0000000a          *              : clock.obj (.text)
                   00014580  [ 0000a2c0 ] 0000000a          *              : remove.obj (.text)
                   0001458a  [ 0000a2c5 ] 00000007          *              : exit.obj (.text:CIO_breakpoint)
                   00014591  [ 0000a2c8+] 00000002          *              : vectors.obj (.text)
                   00014593  [ 0000a2c9 ] 00000001          *   --HOLE-- [fill = 20]

.cinit       0   [ 00014594 ]  0000a2ca          *   000002e0   
                 [ 00014594 ]  0000a2ca          *   0000026c   bmark.obj (.cinit)
                 [ 00014a6c ]  0000a536          *   0000002d   rts55x.lib : lowlev.obj (.cinit)
                 [ 00014ac6 ]  0000a563          *   0000002a              : defs.obj (.cinit)
                 [ 00014b1a ]  0000a58d          *   0000000a              : _lock.obj (.cinit)
                 [ 00014b2e ]  0000a597          *   0000000a              : exit.obj (.cinit)
                 [ 00014b42 ]  0000a5a1          *   00000004              : fopen.obj (.cinit)
                 [ 00014b4a ]  0000a5a5          *   00000004              : memory.obj (.cinit)
                 [ 00014b52 ]  0000a5a9          *   00000001   --HOLE-- [fill = 0]

.data        0   [ 00030000 ]  00018000          *   00000000   UNINITIALIZED

.const       0   [ 00030000 ]  00018000          *   0000039a   
                 [ 00030000 ]  00018000          *   00000256   bmark.obj (.const:.string)
                 [ 000304ac ]  00018256          *   00000101   rts55x.lib : ctype.obj (.const:__ctypes_)
                 [ 000306ae ]  00018357          *   00000001   --HOLE-- [fill = 0]
                 [ 000306b0 ]  00018358          *   00000024              : _printfi.obj (.const:.string)
                 [ 000306f8 ]  0001837c          *   0000000c              : _printfi.obj (.const)
                 [ 00030710 ]  00018388          *   00000008              : divd.obj (.const:_initial_approx$1)
                 [ 00030720 ]  00018390          *   00000004   bmark.obj (.const)
                 [ 00030728 ]  00018394          *   00000002   rts55x.lib : fputs.obj (.const:.string)
                 [ 0003072c ]  00018396          *   00000002              : fltlid.obj (.const)
                 [ 00030730 ]  00018398          *   00000002              : fltuld.obj (.const)


GLOBAL SYMBOLS: SORTED ALPHABETICALLY BY Name 

abs. value/
byte addr   word addr   name
---------   ---------   ----
00000002                $TI_capability$C5500$CallingConvention
00000002                $TI_capability$C5500$MemoryModel
00000001                $TI_capability_requires_rev3
            00006000    .bss
            00018000    .data
00010000                .text
0001458b                C$$EXIT
00013b72                C$$IO$$
00014535                I$$LMPY
000144ba                I$$UDIV
000144cf                I$$UMOD
00011fb1                _HOSTclock
00011f46                _HOSTclose
00011e91                _HOSTlseek
00011df2                _HOSTopen
00011d65                _HOSTread
00011cb7                _HOSTrename
00011c59                _HOSTtime
00011bef                _HOSTunlink
00011b62                _HOSTwrite
00001500                _Reset
            00004000    __CIOBUF_
            00000880    __STACK_END
00001000                __STACK_SIZE
00001000                __SYSMEM_SIZE
00000400                __SYSSTACK_SIZE
00000001                __TI_args_main
ffffffff                ___binit__
            00006000    ___bss__
ffffffff                ___c_args__
            0000a2ca    ___cinit__
            00018000    ___data__
            00018000    ___edata__
            0000652c    ___end__
00014594                ___etext__
00014507                ___isinf
ffffffff                ___pinit__
00010000                ___text__
00013145                __addd
00014301                __args_main
00012d89                __cleanup
            00006528    __cleanup_ptr
00013531                __cmpd
            00018256    __ctypes_
0001289c                __divd
00014397                __divli
00013110                __divlli
000144ba                __divu
00013c1d                __divul
0001301c                __divull
000139fb                __doflush
            0000652a    __dtors_ptr
000134fd                __eqld
00014490                __fixdi
00013fff                __fixdli
0001456a                __fltid
00014146                __fltlid
00014209                __fltuld
00013e34                __frcmpyd
00013eaa                __frcmpyd_div
            000063da    __ft_end
            000062c2    __ftable
000134b3                __geqd
00013468                __gtrd
0001341b                __leqd
            00006524    __lock
000133d3                __lssd
000136ec                __mpyd
00014535                __mpyli
00012f64                __mpylli
0001455a                __negd
0001339f                __neqd
00014558                __nop
00011362                __printfi
0001399e                __rd_ok
00014550                __register_lock
00014548                __register_unlock
0001434c                __remli
00012f35                __remlli
000144cf                __remu
00013f1d                __remul
00012ee7                __remull
            00000080    __stack
00014521                __subd
            00002000    __sys_memory
            00000880    __sysstack
            0000633a    __tmpnams
            00006526    __unlock
0001391e                __wrt_ok
0001458a                _abort
000119f7                _add_device
000141ad                _atoi
000142b4                _auto_init
0001445c                _c_int00
0001249e                _calloc
00012496                _chkheap
00014576                _clock
00011984                _close
0001441e                _exit
00013db9                _fclose
00013a64                _fflush
0001197b                _find_registered_device
00012eac                _fopen
00013b77                _fputc
00013589                _fputs
0001200f                _free
00012440                _free_memory
00012de3                _freopen
000140db                _fseek
00013cbe                _fxpAutoCorrelation
00011ae7                _getenv
00011915                _lseek
00013d3c                _ltoa
00012867                _main
00012140                _malloc
000123e6                _max_free
000144e4                _memccpy
000143df                _memcpy
000120db                _minit
00011856                _open
00014264                _printf
00013b77                _putc
00013c0e                _putchar
000136be                _puts
000117a8                _read
0001406e                _readmsg
00012235                _realloc
00014580                _remove
00011772                _remove_device
00011719                _rename
000124c4                _report_results
00013838                _setvbuf
00013f8f                _sprintf
00012643                _t_run_test
000116e6                _unlink
000115a4                _write
00013abd                _writemsg
ffffffff                binit
            0000a2ca    cinit
            00018000    edata
            0000652c    end
00014594                etext
ffffffff                pinit


GLOBAL SYMBOLS: SORTED BY Symbol Address 

abs. value/
byte addr   word addr   name
---------   ---------   ----
00000001                $TI_capability_requires_rev3
00000001                __TI_args_main
00000002                $TI_capability$C5500$CallingConvention
00000002                $TI_capability$C5500$MemoryModel
            00000080    __stack
00000400                __SYSSTACK_SIZE
00001000                __STACK_SIZE
00001000                __SYSMEM_SIZE
            00000880    __STACK_END
            00000880    __sysstack
00001500                _Reset
            00002000    __sys_memory
            00004000    __CIOBUF_
            00006000    .bss
            00006000    ___bss__
            000062c2    __ftable
            0000633a    __tmpnams
            000063da    __ft_end
            00006524    __lock
            00006526    __unlock
            00006528    __cleanup_ptr
            0000652a    __dtors_ptr
            0000652c    ___end__
            0000652c    end
00010000                .text
00010000                ___text__
00011362                __printfi
000115a4                _write
000116e6                _unlink
00011719                _rename
00011772                _remove_device
000117a8                _read
00011856                _open
00011915                _lseek
0001197b                _find_registered_device
00011984                _close
000119f7                _add_device
00011ae7                _getenv
00011b62                _HOSTwrite
00011bef                _HOSTunlink
00011c59                _HOSTtime
00011cb7                _HOSTrename
00011d65                _HOSTread
00011df2                _HOSTopen
00011e91                _HOSTlseek
00011f46                _HOSTclose
00011fb1                _HOSTclock
0001200f                _free
000120db                _minit
00012140                _malloc
00012235                _realloc
000123e6                _max_free
00012440                _free_memory
00012496                _chkheap
0001249e                _calloc
000124c4                _report_results
00012643                _t_run_test
00012867                _main
0001289c                __divd
00012d89                __cleanup
00012de3                _freopen
00012eac                _fopen
00012ee7                __remull
00012f35                __remlli
00012f64                __mpylli
0001301c                __divull
00013110                __divlli
00013145                __addd
0001339f                __neqd
000133d3                __lssd
0001341b                __leqd
00013468                __gtrd
000134b3                __geqd
000134fd                __eqld
00013531                __cmpd
00013589                _fputs
000136be                _puts
000136ec                __mpyd
00013838                _setvbuf
0001391e                __wrt_ok
0001399e                __rd_ok
000139fb                __doflush
00013a64                _fflush
00013abd                _writemsg
00013b72                C$$IO$$
00013b77                _fputc
00013b77                _putc
00013c0e                _putchar
00013c1d                __divul
00013cbe                _fxpAutoCorrelation
00013d3c                _ltoa
00013db9                _fclose
00013e34                __frcmpyd
00013eaa                __frcmpyd_div
00013f1d                __remul
00013f8f                _sprintf
00013fff                __fixdli
0001406e                _readmsg
000140db                _fseek
00014146                __fltlid
000141ad                _atoi
00014209                __fltuld
00014264                _printf
000142b4                _auto_init
00014301                __args_main
0001434c                __remli
00014397                __divli
000143df                _memcpy
0001441e                _exit
0001445c                _c_int00
00014490                __fixdi
000144ba                I$$UDIV
000144ba                __divu
000144cf                I$$UMOD
000144cf                __remu
000144e4                _memccpy
00014507                ___isinf
00014521                __subd
00014535                I$$LMPY
00014535                __mpyli
00014548                __register_unlock
00014550                __register_lock
00014558                __nop
0001455a                __negd
0001456a                __fltid
00014576                _clock
00014580                _remove
0001458a                _abort
0001458b                C$$EXIT
            0000a2ca    ___cinit__
00014594                ___etext__
            0000a2ca    cinit
00014594                etext
            00018000    .data
            00018000    ___data__
            00018000    ___edata__
            00018000    edata
            00018256    __ctypes_
ffffffff                ___binit__
ffffffff                ___c_args__
ffffffff                ___pinit__
ffffffff                binit
ffffffff                pinit

[143 symbols]
