******************************************************************************
              TMS320C55x Linker PC v4.4.1                      
******************************************************************************
>> Linked Fri Jul 05 14:18:09 2013

OUTPUT FILE NAME:   <test_rel_c55l_C55L_COFF.out>
ENTRY POINT SYMBOL: "_c_int00"  address: 00039b85


MEMORY CONFIGURATION

         name            origin    length      used     unused   attr    fill
                        (bytes)   (bytes)    (bytes)   (bytes)
----------------------  --------  ---------  --------  --------  ----  --------
PAGE 0:
  VECTORS               00000000   00000100  00000100  00000000  RWIX
  PROG                  00030000   00010000  0000b765  0000489b  RWIX

PAGE 1:
  DATA_STACK            00001000   00002000  00002000  00000000  RWIX
  DATA_SYSSTACK         00003000   00001000  00001000  00000000  RWIX
  DATA_CINIT            00004000   00003000  000001ea  00002e16  RWIX
  DATA_CONSTBSS         00007000   00020000  0000cba6  0001345a  RWIX


SECTION ALLOCATION MAP
(Addresses surrounded by []'s are displayed for convenience only!)

output                                                          attributes/
section   page  orgn(bytes) orgn(words) len(bytes) len(words)   input sections
--------  ----  ----------- ----------- ---------- ----------   --------------
vectors      0     00000000  [ 00000000 ] 00000100          *   
                   00000000  [ 00000000 ] 00000100          *   rts55x.lib : vectors.obj (vectors)

.text        0     00030000  [ 00018000 ] 00009cf5          *   
                   00030000  [ 00018000 ] 000015a4          *   rts55x.lib : _printfi.obj (.text)
                   000315a4  [ 00018ad2 ] 00000edb          *              : _scanfi.obj (.text)
                   0003247f  [ 0001923f+] 00000d4c          *   sdk_c.a55L : sgn.o55L (.text)
                   000331cb  [ 000198e5+] 00000bb6          *   vpesim_setup.obj (.text)
                   00033d81  [ 00019ec0+] 00000843          *   vpesim.obj (.text)
                   000345c4  [ 0001a2e2 ] 00000543          *   rts55x.lib : lowlev.obj (.text)
                   00034b07  [ 0001a583+] 00000528          *              : trgdrv.obj (.text)
                   0003502f  [ 0001a817+] 000004c0          *   vpe_c.a55L : pcm.o55L (.text)
                   000354ef  [ 0001aa77+] 000004b5          *   rts55x.lib : memory.obj (.text)
                   000359a4  [ 0001acd2 ] 00000422          *   nrsim.obj (.text)
                   00035dc6  [ 0001aee3 ] 000003cc          *   rts55x.lib : divd.obj (.text)
                   00036192  [ 0001b0c9 ] 00000376          *   vpe_c.a55L : snl.o55L (.text)
                   00036508  [ 0001b284 ] 00000301          *   rts55x.lib : strtoll.obj (.text)
                   00036809  [ 0001b404+] 000002bd          *              : strtod.obj (.text)
                   00036ac6  [ 0001b563 ] 0000029f          *              : strtold.obj (.text)
                   00036d65  [ 0001b6b2+] 00000290          *   vpe_c.a55L : hlc.o55L (.text)
                   00036ff5  [ 0001b7fa+] 0000027f          *   rts55x.lib : fopen.obj (.text)
                   00037274  [ 0001b93a ] 0000025e          *              : llmpy.obj (.text)
                   000374d2  [ 0001ba69 ] 0000025a          *              : addd.obj (.text)
                   0003772c  [ 0001bb96 ] 0000024b          *              : strtoull.obj (.text)
                   00037977  [ 0001bcbb+] 00000208          *              : strtol.obj (.text)
                   00037b7f  [ 0001bdbf+] 000001ee          *              : fwrite.obj (.text)
                   00037d6d  [ 0001beb6+] 000001ea          *              : cmpd.obj (.text)
                   00037f57  [ 0001bfab+] 000001d1          *              : strtoul.obj (.text)
                   00038128  [ 0001c094 ] 00000163          *              : fputs.obj (.text)
                   0003828b  [ 0001c145+] 00000161          *              : fscanf.obj (.text)
                   000383ec  [ 0001c1f6 ] 0000014c          *              : mpyd.obj (.text)
                   00038538  [ 0001c29c ] 0000010f          *              : fread.obj (.text)
                   00038647  [ 0001c323+] 000000ea          *   vpe_a.a55L : sfc.o55L (.text)
                   00038731  [ 0001c398+] 000000e6          *   rts55x.lib : setvbuf.obj (.text)
                   00038817  [ 0001c40b+] 000000dd          *              : _io_perm.obj (.text)
                   000388f4  [ 0001c47a ] 000000cb          *   sdk_c.a55L : sgnum.o55L (.text)
                   000389bf  [ 0001c4df+] 000000cb          *   vpe_c.a55L : hlcinit.o55L (.text)
                   00038a8a  [ 0001c545 ] 000000c2          *   rts55x.lib : fflush.obj (.text)
                   00038b4c  [ 0001c5a6 ] 000000be          *   vpe_c.a55L : slm.o55L (.text)
                   00038c0a  [ 0001c605 ] 000000bc          *              : svd.o55L (.text)
                   00038cc6  [ 0001c663 ] 000000ba          *   rts55x.lib : trgmsg.obj (.text:CIO_breakpoint)
                   00038d80  [ 0001c6c0 ] 000000ae          *              : _bufread.obj (.text)
                   00038e2e  [ 0001c717 ] 000000a6          *              : fputc.obj (.text)
                   00038ed4  [ 0001c76a ] 000000a1          *              : divul.obj (.text)
                   00038f75  [ 0001c7ba+] 0000009b          *              : fgetc.obj (.text)
                   00039010  [ 0001c808 ] 0000009a          *              : ungetc.obj (.text)
                   000390aa  [ 0001c855 ] 00000096          *   util_a.a55L : utilnum.o55L (.text)
                   00039140  [ 0001c8a0 ] 0000007d          *   rts55x.lib : ltoa.obj (.text)
                   000391bd  [ 0001c8de+] 0000007b          *              : fclose.obj (.text)
                   00039238  [ 0001c91c ] 00000076          *              : frcmpyd.obj (.text)
                   000392ae  [ 0001c957 ] 00000073          *              : frcmpyd_div.obj (.text)
                   00039321  [ 0001c990+] 00000072          *              : remul.obj (.text)
                   00039393  [ 0001c9c9+] 00000070          *              : sprintf.obj (.text)
                   00039403  [ 0001ca01+] 0000006f          *              : fixdli.obj (.text)
                   00039472  [ 0001ca39 ] 0000006d          *              : trgmsg.obj (.text)
                   000394df  [ 0001ca6f+] 0000006c          *   vpe_c.a55L : snlinit.o55L (.text)
                   0003954b  [ 0001caa5+] 0000006b          *   rts55x.lib : fseek.obj (.text)
                   000395b6  [ 0001cadb ] 0000006a          *   util_c.a55L : wng.o55L (.text)
                   00039620  [ 0001cb10 ] 00000067          *   rts55x.lib : fltlid.obj (.text)
                   00039687  [ 0001cb43+] 00000060          *   vpe_c.a55L : svdinit.o55L (.text)
                   000396e7  [ 0001cb73+] 0000005c          *   rts55x.lib : atoi.obj (.text)
                   00039743  [ 0001cba1+] 00000055          *   util_a.a55L : utillin2db.o55L (.text)
                   00039798  [ 0001cbcc ] 00000053          *   vpe_a.a55L : slmnum.o55L (.text)
                   000397eb  [ 0001cbf5+] 00000050          *   rts55x.lib : printf.obj (.text)
                   0003983b  [ 0001cc1d+] 0000004f          *   util_c.a55L : util.o55L (.text)
                   0003988a  [ 0001cc45 ] 0000004d          *   rts55x.lib : autoinit.obj (.text)
                   000398d7  [ 0001cc6b+] 0000004b          *              : args_main.obj (.text)
                   00039922  [ 0001cc91 ] 0000004b          *              : remli.obj (.text)
                   0003996d  [ 0001ccb6+] 00000048          *              : divli.obj (.text)
                   000399b5  [ 0001ccda+] 00000048          *   util_a.a55L : wngnum.o55L (.text)
                   000399fd  [ 0001ccfe+] 00000047          *   vpe_a.a55L : hlcnum.o55L (.text)
                   00039a44  [ 0001cd22 ] 00000047          *   vpe_c.a55L : slminit.o55L (.text)
                   00039a8b  [ 0001cd45+] 00000041          *   util_a.a55L : utildb2lin.o55L (.text)
                   00039acc  [ 0001cd66 ] 0000003f          *   rts55x.lib : memcpy.obj (.text)
                   00039b0b  [ 0001cd85+] 0000003e          *              : exit.obj (.text)
                   00039b49  [ 0001cda4+] 0000003c          *              : idiv.obj (.text)
                   00039b85  [ 0001cdc2+] 00000034          *              : boot.obj (.text)
                   00039bb9  [ 0001cddc+] 0000002a          *              : fixdi.obj (.text)
                   00039be3  [ 0001cdf1+] 0000002a          *              : udiv.obj (.text)
                   00039c0d  [ 0001ce06+] 00000029          *              : strcat.obj (.text)
                   00039c36  [ 0001ce1b ] 00000023          *              : memccpy.obj (.text)
                   00039c59  [ 0001ce2c+] 0000001a          *              : isinf.obj (.text)
                   00039c73  [ 0001ce39+] 00000014          *              : strcpy.obj (.text)
                   00039c87  [ 0001ce43+] 00000014          *              : subd.obj (.text)
                   00039c9b  [ 0001ce4d+] 00000013          *              : lmpy.obj (.text)
                   00039cae  [ 0001ce57 ] 00000012          *              : _lock.obj (.text)
                   00039cc0  [ 0001ce60 ] 00000011          *              : memset.obj (.text)
                   00039cd1  [ 0001ce68+] 00000010          *              : negd.obj (.text)
                   00039ce1  [ 0001ce70+] 0000000a          *              : remove.obj (.text)
                   00039ceb  [ 0001ce75+] 00000007          *              : exit.obj (.text:CIO_breakpoint)
                   00039cf2  [ 0001ce79 ] 00000002          *              : vectors.obj (.text)
                   00039cf4  [ 0001ce7a ] 00000001          *   --HOLE-- [fill = 20]

.asnr_text 
*            0     00039cf5  [ 0001ce7a+] 00001808          *   
                   00039cf5  [ 0001ce7a+] 00000703          *   vpe_c.a55L : nr.o55L (.text)
                   0003a3f8  [ 0001d1fc ] 000004a7          *              : nrprocess.o55L (.text)
                   0003a89f  [ 0001d44f+] 000000c4          *              : nrgain.o55L (.text)
                   0003a963  [ 0001d4b1+] 00000284          *              : nrnum.o55L (.text)
                   0003abe7  [ 0001d5f3+] 0000034a          *   vpe_a.a55L : nrwiener.o55L (.text)
                   0003af31  [ 0001d798+] 000000e4          *              : nrmisc.o55L (.text)
                   0003b015  [ 0001d80a+] 000004e7          *              : nrfft.o55L (.text)
                   0003b4fc  [ 0001da7e ] 00000001          *   --HOLE-- [fill = 20]

.cio         0   [ 0003b500 ]  0001da80          *   00000120   UNINITIALIZED
                 [ 0003b500 ]  0001da80          *   00000120   rts55x.lib : trgmsg.obj (.cio)

.switch      0   [ 0003b740 ]  0001dba0          *   00000014   
                 [ 0003b740 ]  0001dba0          *   00000014   sdk_c.a55L : sgn.o55L (.switch:_sgnControl)

.stack       1   [ 00001000 ]  00000800          *   00001000   UNINITIALIZED
                 [ 00001000 ]  00000800          *   00001000   --HOLE--

.sysstack 
*            1   [ 00003000 ]  00001800          *   00000800   UNINITIALIZED
                 [ 00003000 ]  00001800          *   00000800   --HOLE--

.cinit       1   [ 00004000 ]  00002000          *   000000f5   
                 [ 00004000 ]  00002000          *   00000034   vpesim.obj (.cinit)
                 [ 00004068 ]  00002034          *   0000002d   rts55x.lib : lowlev.obj (.cinit)
                 [ 000040c2 ]  00002061          *   0000002d   vpe_c.a55L : nr.o55L (.cinit)
                 [ 0000411c ]  0000208e          *   0000002a   rts55x.lib : defs.obj (.cinit)
                 [ 00004170 ]  000020b8          *   00000013   vpe_c.a55L : nrtbl.o55L (.cinit)
                 [ 00004196 ]  000020cb          *   0000000a   rts55x.lib : _lock.obj (.cinit)
                 [ 000041aa ]  000020d5          *   0000000a              : exit.obj (.cinit)
                 [ 000041be ]  000020df          *   00000005   nrsim.obj (.cinit)
                 [ 000041c8 ]  000020e4          *   00000004   rts55x.lib : errno.obj (.cinit)
                 [ 000041d0 ]  000020e8          *   00000004              : fopen.obj (.cinit)
                 [ 000041d8 ]  000020ec          *   00000004              : memory.obj (.cinit)
                 [ 000041e0 ]  000020f0          *   00000004   vpesim_setup.obj (.cinit)
                 [ 000041e8 ]  000020f4          *   00000001   --HOLE-- [fill = 0]

.const       1   [ 00007000 ]  00003800          *   000033be   
                 [ 00007000 ]  00003800          *   00000c80   sdk_c.a55L : sgntab.o55L (.const:_sgn_css_n_samples_16k)
                 [ 00008900 ]  00004480          *   00000c80              : sgntab.o55L (.const:_sgn_dtk_n_samples_16k)
                 [ 0000a200 ]  00005100          *   000005d1              : sgntab.o55L (.const:_sgn_css_n_samples)
                 [ 0000ada2 ]  000056d1          *   000005d1              : sgntab.o55L (.const:_sgn_dtk_n_samples)
                 [ 0000b944 ]  00005ca2          *   0000048b              : sgntab.o55L (.const:_sgn_dtk_v_samples_16k)
                 [ 0000c25a ]  0000612d          *   0000030a              : sgntab.o55L (.const:_sgn_css_v_samples_16k)
                 [ 0000c86e ]  00006437          *   00000001   --HOLE-- [fill = 0]
                 [ 0000c870 ]  00006438          *   00000249   nrsim.obj (.const:.string)
                 [ 0000cd02 ]  00006681          *   00000001   --HOLE-- [fill = 0]
                 [ 0000cd04 ]  00006682          *   00000125   vpesim_setup.obj (.const:.string)
                 [ 0000cf4e ]  000067a7          *   00000101   rts55x.lib : ctype.obj (.const:__ctypes_)
                 [ 0000d150 ]  000068a8          *   000000ba   vpesim.obj (.const:.string)
                 [ 0000d2c4 ]  00006962          *   0000005f   vpe_c.a55L : slm.o55L (.const:_slm_tbl)
                 [ 0000d382 ]  000069c1          *   00000053   sdk_c.a55L : sgntab.o55L (.const:_sgn_dtk_v_samples)
                 [ 0000d428 ]  00006a14          *   0000004a              : sgnum.o55L (.const:_sgnHNGainTable)
                 [ 0000d4bc ]  00006a5e          *   00000049              : sgntab.o55L (.const:_sgn_css_v_samples)
                 [ 0000d54e ]  00006aa7          *   00000001   --HOLE-- [fill = 0]
                 [ 0000d550 ]  00006aa8          *   0000002f              : sgn.o55L (.const:.string)
                 [ 0000d5ae ]  00006ad7          *   00000001   --HOLE-- [fill = 0]
                 [ 0000d5b0 ]  00006ad8          *   00000024   rts55x.lib : _printfi.obj (.const:.string)
                 [ 0000d5f8 ]  00006afc          *   00000014              : strtod.obj (.const:_digits)
                 [ 0000d620 ]  00006b10          *   00000014              : strtold.obj (.const:_digits)
                 [ 0000d648 ]  00006b24          *   00000011   vpe_c.a55L : sfc_coef.o55L (.const:_sfc_def_decim_interp_filt)
                 [ 0000d66a ]  00006b35          *   0000000c              : hlc.o55L (.const:_hlcdBLinTable)
                 [ 0000d682 ]  00006b41          *   00000001   --HOLE-- [fill = 0]
                 [ 0000d684 ]  00006b42          *   0000000c   rts55x.lib : strtod.obj (.const:_powerof10)
                 [ 0000d69c ]  00006b4e          *   0000000c              : strtold.obj (.const:_powerof10)
                 [ 0000d6b4 ]  00006b5a          *   0000000c              : _printfi.obj (.const)
                 [ 0000d6cc ]  00006b66          *   00000008              : divd.obj (.const:_initial_approx$1)
                 [ 0000d6dc ]  00006b6e          *   00000008   vpe_c.a55L : pcm.o55L (.const:_pcm_seg_base_alaw)
                 [ 0000d6ec ]  00006b76          *   00000008              : pcm.o55L (.const:_pcm_seg_base_ulaw)
                 [ 0000d6fc ]  00006b7e          *   00000008              : pcm.o55L (.const:_pcm_seg_end)
                 [ 0000d70c ]  00006b86          *   00000008   rts55x.lib : strtod.obj (.const)
                 [ 0000d71c ]  00006b8e          *   00000008              : strtold.obj (.const)
                 [ 0000d72c ]  00006b96          *   00000008   util_a.a55L : utilnum.o55L (.const)
                 [ 0000d73c ]  00006b9e          *   00000007   rts55x.lib : _scanfi.obj (.const:_flit$1)
                 [ 0000d74a ]  00006ba5          *   00000006              : _scanfi.obj (.const:_barr$2)
                 [ 0000d756 ]  00006bab          *   00000006   util_c.a55L : wng.o55L (.const:_wngNoiseTable)
                 [ 0000d762 ]  00006bb1          *   00000004   util_a.a55L : utildb2lin.o55L (.const)
                 [ 0000d76a ]  00006bb5          *   00000004               : utillin2db.o55L (.const)
                 [ 0000d772 ]  00006bb9          *   00000001   --HOLE-- [fill = 0]
                 [ 0000d774 ]  00006bba          *   00000002   rts55x.lib : fputs.obj (.const:.string)
                 [ 0000d778 ]  00006bbc          *   00000002              : fltlid.obj (.const)

.data        1   [ 00007000 ]  00003800          *   00000000   UNINITIALIZED

.bss         1   [ 0000d77c ]  00006bbe          *   00001ecc   UNINITIALIZED
                 [ 0000d77c ]  00006bbe          *   00000e12   vpesim.obj (.bss)
                 [ 0000f3a0 ]  000079d0          *   0000098c   nrbufs.obj (.bss)
                 [ 000106b8 ]  0000835c          *   00000487   vpesim_setup.obj (.bss)
                 [ 00010fc6 ]  000087e3          *   00000001   rts55x.lib : errno.obj (.bss)
                 [ 00010fc8 ]  000087e4          *   00000119              : defs.obj (.bss)
                 [ 000111fa ]  000088fd          *   000000d0              : trgdrv.obj (.bss)
                 [ 0001139a ]  000089cd          *   00000001              : fopen.obj (.bss)
                 [ 0001139c ]  000089ce          *   00000071              : lowlev.obj (.bss)
                 [ 0001147e ]  00008a3f          *   00000001   --HOLE--
                 [ 00011480 ]  00008a40          *   0000002a   vpe_c.a55L : nr.o55L (.bss)
                 [ 000114d4 ]  00008a6a          *   00000010              : nrtbl.o55L (.bss)
                 [ 000114f4 ]  00008a7a          *   00000006   rts55x.lib : memory.obj (.bss)
                 [ 00011500 ]  00008a80          *   00000004              : _lock.obj (.bss)
                 [ 00011508 ]  00008a84          *   00000004              : exit.obj (.bss)
                 [ 00011510 ]  00008a88          *   00000002   nrsim.obj (.bss)

.sysmem      1   [ 00011514 ]  00008a8a          *   00001000   UNINITIALIZED
                 [ 00011514 ]  00008a8a          *   00001000   --HOLE--

.asnr_const 
*            1   [ 00013514 ]  00009a8a          *   00000349   
                 [ 00013514 ]  00009a8a          *   00000060   vpe_c.a55L : nrtbl.o55L (.const:_nr_win_6ms_16k)
                 [ 000135d4 ]  00009aea          *   00000050              : nrtbl.o55L (.const:_nr_win_5ms_16k)
                 [ 00013674 ]  00009b3a          *   00000040              : nrtbl.o55L (.const:_nr_win_4ms_16k)
                 [ 000136f4 ]  00009b7a          *   00000030              : nrtbl.o55L (.const:_nr_win_3ms_16k)
                 [ 00013754 ]  00009baa          *   00000030              : nrtbl.o55L (.const:_nr_win_6ms_8k)
                 [ 000137b4 ]  00009bda          *   00000028              : nrtbl.o55L (.const:_nr_win_5ms_8k)
                 [ 00013804 ]  00009c02          *   00000020              : nrtbl.o55L (.const:_nr_win_4ms_8k)
                 [ 00013844 ]  00009c22          *   00000018              : nrtbl.o55L (.const:_nr_win_3ms_8k)
                 [ 00013874 ]  00009c3a          *   00000180              : nrffttb.o55L (.const:_nr_ffttable)
                 [ 00013b74 ]  00009dba          *   0000000c              : nrgain.o55L (.const:_nrdBLinTable)
                 [ 00013b8c ]  00009dc6          *   00000008              : nrgain.o55L (.const:_nrdBCorrLinTable)
                 [ 00013b9c ]  00009dce          *   00000005              : nrprocess.o55L (.const:_nr_sqrt_coef)


GLOBAL SYMBOLS: SORTED ALPHABETICALLY BY Name 

abs. value/
byte addr   word addr   name
---------   ---------   ----
00000002                $TI_capability$C5500$CallingConvention
00000002                $TI_capability$C5500$MemoryModel
00000001                $TI_capability_requires_rev2
            00006bbe    .bss
            00003800    .data
00030000                .text
00039cec                C$$EXIT
00038d7b                C$$IO$$
00039b49                I$$DIV
00039c9b                I$$LMPY
00039b68                I$$MOD
00039be3                I$$UDIV
00039bf8                I$$UMOD
00034fd1                _HOSTclock
00034f66                _HOSTclose
00034eb1                _HOSTlseek
00034e12                _HOSTopen
00034d85                _HOSTread
00034cd7                _HOSTrename
00034c79                _HOSTtime
00034c0f                _HOSTunlink
00034b82                _HOSTwrite
            000077c0    _Nthresh
00000000                _Reset
0000b505                _WNG_COEF
            0001da80    __CIOBUF_
            00001800    __STACK_END
00002000                __STACK_SIZE
00002000                __SYSMEM_SIZE
00001000                __SYSSTACK_SIZE
00000001                __TI_args_main
ffffffff                ___binit__
            00006bbe    ___bss__
ffffffff                ___c_args__
            00002000    ___cinit__
            00003800    ___data__
            00003800    ___edata__
            00008a8a    ___end__
00039cf5                ___etext__
00039c59                ___isinf
ffffffff                ___pinit__
00030000                ___text__
000374d2                __addd
000398d7                __args_main
00038d80                __buff_read
00037116                __cleanup
            00008a84    __cleanup_ptr
00037eff                __cmpd
            000067a7    __ctypes_
00035dc6                __divd
00039b49                __divi
0003996d                __divli
0003749d                __divlli
00039be3                __divu
00038ed4                __divul
000373a9                __divull
00038a8a                __doflush
            00008a86    __dtors_ptr
00037ecb                __eqld
00039bb9                __fixdi
00039403                __fixdli
00039620                __fltlid
00039238                __frcmpyd
000392ae                __frcmpyd_div
            000088fc    __ft_end
            000087e4    __ftable
00037e81                __geqd
00037e36                __gtrd
00037de9                __leqd
            00008a80    __lock
00037da1                __lssd
000383ec                __mpyd
00039c9b                __mpyli
000372f1                __mpylli
00039cd1                __negd
00037d6d                __neqd
00039cbe                __nop
00031362                __printfi
00038897                __rd_ok
00039cb6                __register_lock
00039cae                __register_unlock
00039b68                __remi
00039922                __remli
000372c2                __remlli
00039bf8                __remu
00039321                __remul
00037274                __remull
00031f77                __scanfi
            00000800    __stack
00039c87                __subd
            00008a8a    __sys_memory
            00001800    __sysstack
            0000885c    __tmpnams
            00008a82    __unlock
00038817                __wrt_ok
00039ceb                _abort
00034a17                _add_device
0003a3e3                _asnrClose
0003a25a                _asnrControl
0003a208                _asnrDelete
0003a18e                _asnrGetSizes
00039ea6                _asnrNew
00039e75                _asnrOpen
00039e0a                _asnrProcess
000396e7                _atoi
0003988a                _auto_init
00039b85                _c_int00
0003597e                _calloc
00035976                _chkheap
000349a4                _close
            00007644    _decimDelayLine
            000087e3    _errno
00039b0b                _exit
000391bd                _fclose
00038af3                _fflush
00038f75                _fgetc
0003499b                _find_registered_device
00037239                _fopen
00038e2e                _fputc
00038128                _fputs
00038538                _fread
000354ef                _free
00035920                _free_memory
00037170                _freopen
000382c7                _fscanf
0003954b                _fseek
00037b7f                _fwrite
00038f75                _getc
00039001                _getchar
00034b07                _getenv
            000077b8    _hctrlInst
            000077ba    _hctrlInst_ptr
00036fad                _hlcControl
00038a7b                _hlcGetSizes
000389bf                _hlcInit
            000077b6    _hlcInst_ptr
00036f2e                _hlcProcess
00036ef7                _hlc_apply_gain
00036dac                _hlc_fsm
00036d80                _hlc_gain_convert
000399fd                _hlc_power_calc
00036d65                _hlc_reset
            00006b35    _hlcdBLinTable
            000087dd    _inCnt
            000087de    _inFrame
            00007704    _interpDelayLine
00034935                _lseek
00039140                _ltoa
00033db9                _main
00035620                _malloc
000358c6                _max_free
00039c36                _memccpy
00039acc                _memcpy
00039cc0                _memset
000355bb                _minit
            000077bf    _noiseLevdB
            00008a40    _nrBufs
            000079cc    _nrInst_ptr
0003a68f                _nr_Xpow_calc
0003abbc                _nr_apply_gain
0003af5c                _nr_apply_gain_opt
0003a929                _nr_atten_dB2lin
            000079d0    _nr_buff0
            000079fc    _nr_buff1
            00007d02    _nr_buff2
            00007f06    _nr_buff3
            0000808a    _nr_buff4
            0000814a    _nr_buff5
            0000834e    _nr_buff6
0003b015                _nr_fft
0003a765                _nr_fft_scale
0003b4fa                _nr_fft_tbl_init
0003a5dc                _nr_fft_win
            00009c3a    _nr_ffttable
0003a89f                _nr_gain_convert
            00008a88    _nr_handle
0003ab9c                _nr_ifft_win
0003afab                _nr_ifft_win_opt
0003af31                _nr_lfxf
0003a798                _nr_main
0003ab2a                _nr_noise_upd
0003ae28                _nr_noise_upd_opt
00039cf5                _nr_reset
0003a42b                _nr_sqrt
            00009dce    _nr_sqrt_coef
0003a498                _nr_thr_glim
0003a3f8                _nr_vad
0003a963                _nr_wiener
0003abe7                _nr_wiener_opt
0003acb7                _nr_wiener_opt1
0003ad45                _nr_wiener_opt2
0003adca                _nr_wiener_opt3
            00008a6a    _nr_win
            00009b7a    _nr_win_3ms_16k
            00009c22    _nr_win_3ms_8k
            00009b3a    _nr_win_4ms_16k
            00009c02    _nr_win_4ms_8k
            00009aea    _nr_win_5ms_16k
            00009bda    _nr_win_5ms_8k
            00009a8a    _nr_win_6ms_16k
            00009baa    _nr_win_6ms_8k
            00009dc6    _nrdBCorrLinTable
            00009dba    _nrdBLinTable
00034876                _open
            000087e2    _outCnt
            000087e0    _outFrame
000354a9                _pcmAlawDecoder
00035429                _pcmAlawDecoderP
00035397                _pcmAlawEncoder
00035284                _pcmAlawEncoderP
0003523f                _pcmUlawDecoder
000351bf                _pcmUlawDecoderP
00035134                _pcmUlawEncoder
0003502f                _pcmUlawEncoderP
            00006b6e    _pcm_seg_base_alaw
            00006b76    _pcm_seg_base_ulaw
000397eb                _printf
00038e2e                _putc
00038ec5                _putchar
0003825d                _puts
000347c8                _read
00039472                _readmsg
00035715                _realloc
00039ce1                _remove
00034792                _remove_device
00034739                _rename
0003828b                _scanf
00038731                _setvbuf
00038647                _sfcDecimationBy2
000386b4                _sfcInterpolationBy2
            00006b24    _sfc_def_decim_interp_filt
00032fe2                _sgnControl
00032938                _sgnGenerateFrame
00032929                _sgnGetSizes
            00006a14    _sgnHNGainTable
000325df                _sgnInit
            000079ce    _sgnInst_ptr
0003247f                _sgn_css_gen_samples
            00005100    _sgn_css_n_samples
            00003800    _sgn_css_n_samples_16k
            00006a5e    _sgn_css_v_samples
            0000612d    _sgn_css_v_samples_16k
            000056d1    _sgn_dtk_n_samples
            00004480    _sgn_dtk_n_samples_16k
            000069c1    _sgn_dtk_v_samples
            00005ca2    _sgn_dtk_v_samples_16k
000388f4                _sgn_hoth_gen_samples
            00007144    _sigInBuffer
            000073c4    _sigOutBuffer
00038bcf                _slmControl
00039a7c                _slmGetSizes
00039a44                _slmInit
            000077b4    _slmInst_ptr
00038b4c                _slmProcess
00039798                _slm_proc
            00006962    _slm_tbl
000364e6                _snlGetLevels
0003953c                _snlGetSizes
000394df                _snlInit
            000077bc    _snlInst_ptr
            000077c2    _snlLevOut
00036192                _snlProcess
            000077be    _spchLevdB
00039393                _sprintf
00039c0d                _strcat
00039c73                _strcpy
00036809                _strtod
00037977                _strtol
00036ac6                _strtold
00036508                _strtoll
00037f57                _strtoul
0003772c                _strtoull
00038c77                _svdGetDecision
00038c65                _svdGetLevels
000396d8                _svdGetSizes
00039687                _svdInit
            000078c6    _svdInst_ptr
            000078c8    _svdOut
00038c38                _svdProcess
00038c0a                _svd_signal_pow
00039010                _ungetc
00034706                _unlink
0003987c                _utlFractMemSet
0003986d                _utlLFractMemSet
000390ef                _utlLFractVecMax
000390d0                _utlLVecSum
00039743                _utlLin2dBPower
0003985f                _utlLsMemSet
00039109                _utlLsVecMax
0003984d                _utlScaleDown6dB
0003983b                _utlScaleUp6dB
000390aa                _utlSin
00039121                _utlVecSum
            00006b96    _utl_SinCTable
00039a8b                _utldB2LinPower
            00006bbe    _vpeIOBufs
            00007142    _vpeSim
            00006cfe    _vpeSimC
00035c3b                _vpe_config_nr
00035cc9                _vpe_deinstantiate_nr
000331cb                _vpe_halt
000337d8                _vpe_init
000359a4                _vpe_instantiate_nr
00033200                _vpe_iprint
000331e3                _vpe_print
0003331b                _vpe_sim_fileio_end
00033256                _vpe_sim_fileio_init
00033d7f                _vpe_sim_flush_cache
00033389                _vpe_sim_fread
            0000855c    _vpe_sim_fsk_data
00033409                _vpe_sim_fwrite
00033d24                _vpe_sim_gen_frame
            0000835c    _vpe_sim_global_str
00033d3b                _vpe_sim_in_file
00033483                _vpe_sim_init
00033bf3                _vpe_sim_open_sgn
00033d5d                _vpe_sim_out_file
            0000845c    _vpe_sim_print_str
000335e8                _vpe_sim_read_cfg
00033c5c                _vpe_sim_set_sgn
0003322b                _vpe_sprint
            0000855d    _vpe_temp_io_buf
000399b5                _wngGenNoiseFrame
000399e7                _wngGenNoiseSample
000395b6                _wngInit
            00006bab    _wngNoiseTable
000345c4                _write
00038cc6                _writemsg
ffffffff                binit
            00002000    cinit
            00003800    edata
            00008a8a    end
00039cf5                etext
ffffffff                pinit


GLOBAL SYMBOLS: SORTED BY Symbol Address 

abs. value/
byte addr   word addr   name
---------   ---------   ----
00000000                _Reset
00000001                $TI_capability_requires_rev2
00000001                __TI_args_main
00000002                $TI_capability$C5500$CallingConvention
00000002                $TI_capability$C5500$MemoryModel
00001000                __SYSSTACK_SIZE
            00000800    __stack
00002000                __STACK_SIZE
00002000                __SYSMEM_SIZE
            00001800    __STACK_END
            00001800    __sysstack
            00002000    ___cinit__
            00002000    cinit
            00003800    .data
            00003800    ___data__
            00003800    ___edata__
            00003800    _sgn_css_n_samples_16k
            00003800    edata
            00004480    _sgn_dtk_n_samples_16k
            00005100    _sgn_css_n_samples
            000056d1    _sgn_dtk_n_samples
0000b505                _WNG_COEF
            00005ca2    _sgn_dtk_v_samples_16k
            0000612d    _sgn_css_v_samples_16k
            000067a7    __ctypes_
            00006962    _slm_tbl
            000069c1    _sgn_dtk_v_samples
            00006a14    _sgnHNGainTable
            00006a5e    _sgn_css_v_samples
            00006b24    _sfc_def_decim_interp_filt
            00006b35    _hlcdBLinTable
            00006b6e    _pcm_seg_base_alaw
            00006b76    _pcm_seg_base_ulaw
            00006b96    _utl_SinCTable
            00006bab    _wngNoiseTable
            00006bbe    .bss
            00006bbe    ___bss__
            00006bbe    _vpeIOBufs
            00006cfe    _vpeSimC
            00007142    _vpeSim
            00007144    _sigInBuffer
            000073c4    _sigOutBuffer
            00007644    _decimDelayLine
            00007704    _interpDelayLine
            000077b4    _slmInst_ptr
            000077b6    _hlcInst_ptr
            000077b8    _hctrlInst
            000077ba    _hctrlInst_ptr
            000077bc    _snlInst_ptr
            000077be    _spchLevdB
            000077bf    _noiseLevdB
            000077c0    _Nthresh
            000077c2    _snlLevOut
            000078c6    _svdInst_ptr
            000078c8    _svdOut
            000079cc    _nrInst_ptr
            000079ce    _sgnInst_ptr
            000079d0    _nr_buff0
            000079fc    _nr_buff1
            00007d02    _nr_buff2
            00007f06    _nr_buff3
            0000808a    _nr_buff4
            0000814a    _nr_buff5
            0000834e    _nr_buff6
            0000835c    _vpe_sim_global_str
            0000845c    _vpe_sim_print_str
            0000855c    _vpe_sim_fsk_data
            0000855d    _vpe_temp_io_buf
            000087dd    _inCnt
            000087de    _inFrame
            000087e0    _outFrame
            000087e2    _outCnt
            000087e3    _errno
            000087e4    __ftable
            0000885c    __tmpnams
            000088fc    __ft_end
            00008a40    _nrBufs
            00008a6a    _nr_win
            00008a80    __lock
            00008a82    __unlock
            00008a84    __cleanup_ptr
            00008a86    __dtors_ptr
            00008a88    _nr_handle
            00008a8a    ___end__
            00008a8a    __sys_memory
            00008a8a    end
            00009a8a    _nr_win_6ms_16k
            00009aea    _nr_win_5ms_16k
            00009b3a    _nr_win_4ms_16k
            00009b7a    _nr_win_3ms_16k
            00009baa    _nr_win_6ms_8k
            00009bda    _nr_win_5ms_8k
            00009c02    _nr_win_4ms_8k
            00009c22    _nr_win_3ms_8k
            00009c3a    _nr_ffttable
            00009dba    _nrdBLinTable
            00009dc6    _nrdBCorrLinTable
            00009dce    _nr_sqrt_coef
00030000                .text
00030000                ___text__
00031362                __printfi
00031f77                __scanfi
0003247f                _sgn_css_gen_samples
000325df                _sgnInit
00032929                _sgnGetSizes
00032938                _sgnGenerateFrame
00032fe2                _sgnControl
000331cb                _vpe_halt
000331e3                _vpe_print
00033200                _vpe_iprint
0003322b                _vpe_sprint
00033256                _vpe_sim_fileio_init
0003331b                _vpe_sim_fileio_end
00033389                _vpe_sim_fread
00033409                _vpe_sim_fwrite
00033483                _vpe_sim_init
000335e8                _vpe_sim_read_cfg
000337d8                _vpe_init
00033bf3                _vpe_sim_open_sgn
00033c5c                _vpe_sim_set_sgn
00033d24                _vpe_sim_gen_frame
00033d3b                _vpe_sim_in_file
00033d5d                _vpe_sim_out_file
00033d7f                _vpe_sim_flush_cache
00033db9                _main
000345c4                _write
00034706                _unlink
00034739                _rename
00034792                _remove_device
000347c8                _read
00034876                _open
00034935                _lseek
0003499b                _find_registered_device
000349a4                _close
00034a17                _add_device
00034b07                _getenv
00034b82                _HOSTwrite
00034c0f                _HOSTunlink
00034c79                _HOSTtime
00034cd7                _HOSTrename
00034d85                _HOSTread
00034e12                _HOSTopen
00034eb1                _HOSTlseek
00034f66                _HOSTclose
00034fd1                _HOSTclock
0003502f                _pcmUlawEncoderP
00035134                _pcmUlawEncoder
000351bf                _pcmUlawDecoderP
0003523f                _pcmUlawDecoder
00035284                _pcmAlawEncoderP
00035397                _pcmAlawEncoder
00035429                _pcmAlawDecoderP
000354a9                _pcmAlawDecoder
000354ef                _free
000355bb                _minit
00035620                _malloc
00035715                _realloc
000358c6                _max_free
00035920                _free_memory
00035976                _chkheap
0003597e                _calloc
000359a4                _vpe_instantiate_nr
00035c3b                _vpe_config_nr
00035cc9                _vpe_deinstantiate_nr
00035dc6                __divd
00036192                _snlProcess
000364e6                _snlGetLevels
00036508                _strtoll
00036809                _strtod
00036ac6                _strtold
00036d65                _hlc_reset
00036d80                _hlc_gain_convert
00036dac                _hlc_fsm
00036ef7                _hlc_apply_gain
00036f2e                _hlcProcess
00036fad                _hlcControl
00037116                __cleanup
00037170                _freopen
00037239                _fopen
00037274                __remull
000372c2                __remlli
000372f1                __mpylli
000373a9                __divull
0003749d                __divlli
000374d2                __addd
0003772c                _strtoull
00037977                _strtol
00037b7f                _fwrite
00037d6d                __neqd
00037da1                __lssd
00037de9                __leqd
00037e36                __gtrd
00037e81                __geqd
00037ecb                __eqld
00037eff                __cmpd
00037f57                _strtoul
00038128                _fputs
0003825d                _puts
0003828b                _scanf
000382c7                _fscanf
000383ec                __mpyd
00038538                _fread
00038647                _sfcDecimationBy2
000386b4                _sfcInterpolationBy2
00038731                _setvbuf
00038817                __wrt_ok
00038897                __rd_ok
000388f4                _sgn_hoth_gen_samples
000389bf                _hlcInit
00038a7b                _hlcGetSizes
00038a8a                __doflush
00038af3                _fflush
00038b4c                _slmProcess
00038bcf                _slmControl
00038c0a                _svd_signal_pow
00038c38                _svdProcess
00038c65                _svdGetLevels
00038c77                _svdGetDecision
00038cc6                _writemsg
00038d7b                C$$IO$$
00038d80                __buff_read
00038e2e                _fputc
00038e2e                _putc
00038ec5                _putchar
00038ed4                __divul
00038f75                _fgetc
00038f75                _getc
00039001                _getchar
00039010                _ungetc
000390aa                _utlSin
000390d0                _utlLVecSum
000390ef                _utlLFractVecMax
00039109                _utlLsVecMax
00039121                _utlVecSum
00039140                _ltoa
000391bd                _fclose
00039238                __frcmpyd
000392ae                __frcmpyd_div
00039321                __remul
00039393                _sprintf
00039403                __fixdli
00039472                _readmsg
000394df                _snlInit
0003953c                _snlGetSizes
0003954b                _fseek
000395b6                _wngInit
00039620                __fltlid
00039687                _svdInit
000396d8                _svdGetSizes
000396e7                _atoi
00039743                _utlLin2dBPower
00039798                _slm_proc
000397eb                _printf
0003983b                _utlScaleUp6dB
0003984d                _utlScaleDown6dB
0003985f                _utlLsMemSet
0003986d                _utlLFractMemSet
0003987c                _utlFractMemSet
0003988a                _auto_init
000398d7                __args_main
00039922                __remli
0003996d                __divli
000399b5                _wngGenNoiseFrame
000399e7                _wngGenNoiseSample
000399fd                _hlc_power_calc
00039a44                _slmInit
00039a7c                _slmGetSizes
00039a8b                _utldB2LinPower
00039acc                _memcpy
00039b0b                _exit
00039b49                I$$DIV
00039b49                __divi
00039b68                I$$MOD
00039b68                __remi
00039b85                _c_int00
00039bb9                __fixdi
00039be3                I$$UDIV
00039be3                __divu
00039bf8                I$$UMOD
00039bf8                __remu
00039c0d                _strcat
00039c36                _memccpy
00039c59                ___isinf
00039c73                _strcpy
00039c87                __subd
00039c9b                I$$LMPY
00039c9b                __mpyli
00039cae                __register_unlock
00039cb6                __register_lock
00039cbe                __nop
00039cc0                _memset
00039cd1                __negd
00039ce1                _remove
00039ceb                _abort
00039cec                C$$EXIT
00039cf5                ___etext__
00039cf5                _nr_reset
00039cf5                etext
00039e0a                _asnrProcess
00039e75                _asnrOpen
00039ea6                _asnrNew
0003a18e                _asnrGetSizes
0003a208                _asnrDelete
0003a25a                _asnrControl
0003a3e3                _asnrClose
0003a3f8                _nr_vad
0003a42b                _nr_sqrt
0003a498                _nr_thr_glim
0003a5dc                _nr_fft_win
0003a68f                _nr_Xpow_calc
0003a765                _nr_fft_scale
0003a798                _nr_main
0003a89f                _nr_gain_convert
0003a929                _nr_atten_dB2lin
0003a963                _nr_wiener
0003ab2a                _nr_noise_upd
0003ab9c                _nr_ifft_win
0003abbc                _nr_apply_gain
0003abe7                _nr_wiener_opt
0003acb7                _nr_wiener_opt1
0003ad45                _nr_wiener_opt2
0003adca                _nr_wiener_opt3
0003ae28                _nr_noise_upd_opt
0003af31                _nr_lfxf
0003af5c                _nr_apply_gain_opt
0003afab                _nr_ifft_win_opt
0003b015                _nr_fft
0003b4fa                _nr_fft_tbl_init
            0001da80    __CIOBUF_
ffffffff                ___binit__
ffffffff                ___c_args__
ffffffff                ___pinit__
ffffffff                binit
ffffffff                pinit

[334 symbols]
