<?xml version="1.0"?>
<link_info>
   <banner>TMS320C55x Linker PC v4.4.1</banner>
   <copyright>Copyright (c) 1996-2012 Texas Instruments Incorporated</copyright>
   <link_time>0x65a086d1</link_time>
   <output_file>TeleBench_Benchmark1.out</output_file>
   <entry_point>
      <name>_c_int00</name>
      <address>0x1445c</address>
   </entry_point>
   <input_file_list>
      <input_file id="fl-2">
         <path>.\</path>
         <kind>object</kind>
         <file>autcor00.obj</file>
         <name>autcor00.obj</name>
      </input_file>
      <input_file id="fl-3">
         <path>.\</path>
         <kind>object</kind>
         <file>bmark.obj</file>
         <name>bmark.obj</name>
      </input_file>
      <input_file id="fl-1a">
         <path>C:\ti\ccs1250\ccs\tools\compiler\c5500_4.4.1\lib\</path>
         <kind>archive</kind>
         <file>rts55x.lib</file>
         <name>boot.obj</name>
      </input_file>
      <input_file id="fl-1b">
         <path>C:\ti\ccs1250\ccs\tools\compiler\c5500_4.4.1\lib\</path>
         <kind>archive</kind>
         <file>rts55x.lib</file>
         <name>clock.obj</name>
      </input_file>
      <input_file id="fl-1c">
         <path>C:\ti\ccs1250\ccs\tools\compiler\c5500_4.4.1\lib\</path>
         <kind>archive</kind>
         <file>rts55x.lib</file>
         <name>divd.obj</name>
      </input_file>
      <input_file id="fl-1d">
         <path>C:\ti\ccs1250\ccs\tools\compiler\c5500_4.4.1\lib\</path>
         <kind>archive</kind>
         <file>rts55x.lib</file>
         <name>exit.obj</name>
      </input_file>
      <input_file id="fl-1e">
         <path>C:\ti\ccs1250\ccs\tools\compiler\c5500_4.4.1\lib\</path>
         <kind>archive</kind>
         <file>rts55x.lib</file>
         <name>fltid.obj</name>
      </input_file>
      <input_file id="fl-1f">
         <path>C:\ti\ccs1250\ccs\tools\compiler\c5500_4.4.1\lib\</path>
         <kind>archive</kind>
         <file>rts55x.lib</file>
         <name>fltlid.obj</name>
      </input_file>
      <input_file id="fl-20">
         <path>C:\ti\ccs1250\ccs\tools\compiler\c5500_4.4.1\lib\</path>
         <kind>archive</kind>
         <file>rts55x.lib</file>
         <name>fltuld.obj</name>
      </input_file>
      <input_file id="fl-21">
         <path>C:\ti\ccs1250\ccs\tools\compiler\c5500_4.4.1\lib\</path>
         <kind>archive</kind>
         <file>rts55x.lib</file>
         <name>frcmpyd_div.obj</name>
      </input_file>
      <input_file id="fl-22">
         <path>C:\ti\ccs1250\ccs\tools\compiler\c5500_4.4.1\lib\</path>
         <kind>archive</kind>
         <file>rts55x.lib</file>
         <name>lmpy.obj</name>
      </input_file>
      <input_file id="fl-23">
         <path>C:\ti\ccs1250\ccs\tools\compiler\c5500_4.4.1\lib\</path>
         <kind>archive</kind>
         <file>rts55x.lib</file>
         <name>memory.obj</name>
      </input_file>
      <input_file id="fl-24">
         <path>C:\ti\ccs1250\ccs\tools\compiler\c5500_4.4.1\lib\</path>
         <kind>archive</kind>
         <file>rts55x.lib</file>
         <name>printf.obj</name>
      </input_file>
      <input_file id="fl-25">
         <path>C:\ti\ccs1250\ccs\tools\compiler\c5500_4.4.1\lib\</path>
         <kind>archive</kind>
         <file>rts55x.lib</file>
         <name>sprintf.obj</name>
      </input_file>
      <input_file id="fl-26">
         <path>C:\ti\ccs1250\ccs\tools\compiler\c5500_4.4.1\lib\</path>
         <kind>archive</kind>
         <file>rts55x.lib</file>
         <name>trgdrv.obj</name>
      </input_file>
      <input_file id="fl-27">
         <path>C:\ti\ccs1250\ccs\tools\compiler\c5500_4.4.1\lib\</path>
         <kind>archive</kind>
         <file>rts55x.lib</file>
         <name>trgmsg.obj</name>
      </input_file>
      <input_file id="fl-28">
         <path>C:\ti\ccs1250\ccs\tools\compiler\c5500_4.4.1\lib\</path>
         <kind>archive</kind>
         <file>rts55x.lib</file>
         <name>vectors.obj</name>
      </input_file>
      <input_file id="fl-29">
         <path>C:\ti\ccs1250\ccs\tools\compiler\c5500_4.4.1\lib\</path>
         <kind>archive</kind>
         <file>rts55x.lib</file>
         <name>_lock.obj</name>
      </input_file>
      <input_file id="fl-2a">
         <path>C:\ti\ccs1250\ccs\tools\compiler\c5500_4.4.1\lib\</path>
         <kind>archive</kind>
         <file>rts55x.lib</file>
         <name>_printfi.obj</name>
      </input_file>
      <input_file id="fl-2b">
         <path>C:\ti\ccs1250\ccs\tools\compiler\c5500_4.4.1\lib\</path>
         <kind>archive</kind>
         <file>rts55x.lib</file>
         <name>args_main.obj</name>
      </input_file>
      <input_file id="fl-2c">
         <path>C:\ti\ccs1250\ccs\tools\compiler\c5500_4.4.1\lib\</path>
         <kind>archive</kind>
         <file>rts55x.lib</file>
         <name>atoi.obj</name>
      </input_file>
      <input_file id="fl-2d">
         <path>C:\ti\ccs1250\ccs\tools\compiler\c5500_4.4.1\lib\</path>
         <kind>archive</kind>
         <file>rts55x.lib</file>
         <name>autoinit.obj</name>
      </input_file>
      <input_file id="fl-2e">
         <path>C:\ti\ccs1250\ccs\tools\compiler\c5500_4.4.1\lib\</path>
         <kind>archive</kind>
         <file>rts55x.lib</file>
         <name>cmpd.obj</name>
      </input_file>
      <input_file id="fl-2f">
         <path>C:\ti\ccs1250\ccs\tools\compiler\c5500_4.4.1\lib\</path>
         <kind>archive</kind>
         <file>rts55x.lib</file>
         <name>ctype.obj</name>
      </input_file>
      <input_file id="fl-30">
         <path>C:\ti\ccs1250\ccs\tools\compiler\c5500_4.4.1\lib\</path>
         <kind>archive</kind>
         <file>rts55x.lib</file>
         <name>defs.obj</name>
      </input_file>
      <input_file id="fl-31">
         <path>C:\ti\ccs1250\ccs\tools\compiler\c5500_4.4.1\lib\</path>
         <kind>archive</kind>
         <file>rts55x.lib</file>
         <name>divul.obj</name>
      </input_file>
      <input_file id="fl-32">
         <path>C:\ti\ccs1250\ccs\tools\compiler\c5500_4.4.1\lib\</path>
         <kind>archive</kind>
         <file>rts55x.lib</file>
         <name>fixdi.obj</name>
      </input_file>
      <input_file id="fl-33">
         <path>C:\ti\ccs1250\ccs\tools\compiler\c5500_4.4.1\lib\</path>
         <kind>archive</kind>
         <file>rts55x.lib</file>
         <name>fixdli.obj</name>
      </input_file>
      <input_file id="fl-34">
         <path>C:\ti\ccs1250\ccs\tools\compiler\c5500_4.4.1\lib\</path>
         <kind>archive</kind>
         <file>rts55x.lib</file>
         <name>fputc.obj</name>
      </input_file>
      <input_file id="fl-35">
         <path>C:\ti\ccs1250\ccs\tools\compiler\c5500_4.4.1\lib\</path>
         <kind>archive</kind>
         <file>rts55x.lib</file>
         <name>fputs.obj</name>
      </input_file>
      <input_file id="fl-36">
         <path>C:\ti\ccs1250\ccs\tools\compiler\c5500_4.4.1\lib\</path>
         <kind>archive</kind>
         <file>rts55x.lib</file>
         <name>isinf.obj</name>
      </input_file>
      <input_file id="fl-37">
         <path>C:\ti\ccs1250\ccs\tools\compiler\c5500_4.4.1\lib\</path>
         <kind>archive</kind>
         <file>rts55x.lib</file>
         <name>llmpy.obj</name>
      </input_file>
      <input_file id="fl-38">
         <path>C:\ti\ccs1250\ccs\tools\compiler\c5500_4.4.1\lib\</path>
         <kind>archive</kind>
         <file>rts55x.lib</file>
         <name>lowlev.obj</name>
      </input_file>
      <input_file id="fl-39">
         <path>C:\ti\ccs1250\ccs\tools\compiler\c5500_4.4.1\lib\</path>
         <kind>archive</kind>
         <file>rts55x.lib</file>
         <name>ltoa.obj</name>
      </input_file>
      <input_file id="fl-3a">
         <path>C:\ti\ccs1250\ccs\tools\compiler\c5500_4.4.1\lib\</path>
         <kind>archive</kind>
         <file>rts55x.lib</file>
         <name>memccpy.obj</name>
      </input_file>
      <input_file id="fl-3b">
         <path>C:\ti\ccs1250\ccs\tools\compiler\c5500_4.4.1\lib\</path>
         <kind>archive</kind>
         <file>rts55x.lib</file>
         <name>memcpy.obj</name>
      </input_file>
      <input_file id="fl-3c">
         <path>C:\ti\ccs1250\ccs\tools\compiler\c5500_4.4.1\lib\</path>
         <kind>archive</kind>
         <file>rts55x.lib</file>
         <name>mpyd.obj</name>
      </input_file>
      <input_file id="fl-3d">
         <path>C:\ti\ccs1250\ccs\tools\compiler\c5500_4.4.1\lib\</path>
         <kind>archive</kind>
         <file>rts55x.lib</file>
         <name>negd.obj</name>
      </input_file>
      <input_file id="fl-3e">
         <path>C:\ti\ccs1250\ccs\tools\compiler\c5500_4.4.1\lib\</path>
         <kind>archive</kind>
         <file>rts55x.lib</file>
         <name>remli.obj</name>
      </input_file>
      <input_file id="fl-3f">
         <path>C:\ti\ccs1250\ccs\tools\compiler\c5500_4.4.1\lib\</path>
         <kind>archive</kind>
         <file>rts55x.lib</file>
         <name>remul.obj</name>
      </input_file>
      <input_file id="fl-40">
         <path>C:\ti\ccs1250\ccs\tools\compiler\c5500_4.4.1\lib\</path>
         <kind>archive</kind>
         <file>rts55x.lib</file>
         <name>subd.obj</name>
      </input_file>
      <input_file id="fl-41">
         <path>C:\ti\ccs1250\ccs\tools\compiler\c5500_4.4.1\lib\</path>
         <kind>archive</kind>
         <file>rts55x.lib</file>
         <name>udiv.obj</name>
      </input_file>
      <input_file id="fl-42">
         <path>C:\ti\ccs1250\ccs\tools\compiler\c5500_4.4.1\lib\</path>
         <kind>archive</kind>
         <file>rts55x.lib</file>
         <name>_io_perm.obj</name>
      </input_file>
      <input_file id="fl-43">
         <path>C:\ti\ccs1250\ccs\tools\compiler\c5500_4.4.1\lib\</path>
         <kind>archive</kind>
         <file>rts55x.lib</file>
         <name>addd.obj</name>
      </input_file>
      <input_file id="fl-44">
         <path>C:\ti\ccs1250\ccs\tools\compiler\c5500_4.4.1\lib\</path>
         <kind>archive</kind>
         <file>rts55x.lib</file>
         <name>divli.obj</name>
      </input_file>
      <input_file id="fl-45">
         <path>C:\ti\ccs1250\ccs\tools\compiler\c5500_4.4.1\lib\</path>
         <kind>archive</kind>
         <file>rts55x.lib</file>
         <name>fflush.obj</name>
      </input_file>
      <input_file id="fl-46">
         <path>C:\ti\ccs1250\ccs\tools\compiler\c5500_4.4.1\lib\</path>
         <kind>archive</kind>
         <file>rts55x.lib</file>
         <name>frcmpyd.obj</name>
      </input_file>
      <input_file id="fl-47">
         <path>C:\ti\ccs1250\ccs\tools\compiler\c5500_4.4.1\lib\</path>
         <kind>archive</kind>
         <file>rts55x.lib</file>
         <name>fseek.obj</name>
      </input_file>
      <input_file id="fl-48">
         <path>C:\ti\ccs1250\ccs\tools\compiler\c5500_4.4.1\lib\</path>
         <kind>archive</kind>
         <file>rts55x.lib</file>
         <name>setvbuf.obj</name>
      </input_file>
      <input_file id="fl-49">
         <path>C:\ti\ccs1250\ccs\tools\compiler\c5500_4.4.1\lib\</path>
         <kind>archive</kind>
         <file>rts55x.lib</file>
         <name>fopen.obj</name>
      </input_file>
      <input_file id="fl-4a">
         <path>C:\ti\ccs1250\ccs\tools\compiler\c5500_4.4.1\lib\</path>
         <kind>archive</kind>
         <file>rts55x.lib</file>
         <name>fclose.obj</name>
      </input_file>
      <input_file id="fl-4b">
         <path>C:\ti\ccs1250\ccs\tools\compiler\c5500_4.4.1\lib\</path>
         <kind>archive</kind>
         <file>rts55x.lib</file>
         <name>remove.obj</name>
      </input_file>
   </input_file_list>
   <object_component_list>
      <object_component id="oc-65">
         <name>vectors</name>
         <load_address>0x1500</load_address>
         <run_address>0x1500</run_address>
         <size>0x100</size>
         <input_file_ref idref="fl-28"/>
      </object_component>
      <object_component id="oc-1b">
         <name>.cinit</name>
         <load_address>0x14594</load_address>
         <run_address>0x14594</run_address>
         <size>0x4d8</size>
         <input_file_ref idref="fl-3"/>
      </object_component>
      <object_component id="oc-ab">
         <name>.cinit</name>
         <load_address>0x14a6c</load_address>
         <run_address>0x14a6c</run_address>
         <size>0x5a</size>
         <input_file_ref idref="fl-38"/>
      </object_component>
      <object_component id="oc-89">
         <name>.cinit</name>
         <load_address>0x14ac6</load_address>
         <run_address>0x14ac6</run_address>
         <size>0x54</size>
         <input_file_ref idref="fl-30"/>
      </object_component>
      <object_component id="oc-6c">
         <name>.cinit</name>
         <load_address>0x14b1a</load_address>
         <run_address>0x14b1a</run_address>
         <size>0x14</size>
         <input_file_ref idref="fl-29"/>
      </object_component>
      <object_component id="oc-30">
         <name>.cinit</name>
         <load_address>0x14b2e</load_address>
         <run_address>0x14b2e</run_address>
         <size>0x14</size>
         <input_file_ref idref="fl-1d"/>
      </object_component>
      <object_component id="oc-f1">
         <name>.cinit</name>
         <load_address>0x14b42</load_address>
         <run_address>0x14b42</run_address>
         <size>0x8</size>
         <input_file_ref idref="fl-49"/>
      </object_component>
      <object_component id="oc-4d">
         <name>.cinit</name>
         <load_address>0x14b4a</load_address>
         <run_address>0x14b4a</run_address>
         <size>0x8</size>
         <input_file_ref idref="fl-23"/>
      </object_component>
      <object_component id="oc-6f">
         <name>.text</name>
         <load_address>0x10000</load_address>
         <run_address>0x10000</run_address>
         <size>0x15a4</size>
         <input_file_ref idref="fl-2a"/>
      </object_component>
      <object_component id="oc-a8">
         <name>.text</name>
         <load_address>0x115a4</load_address>
         <run_address>0x115a4</run_address>
         <size>0x543</size>
         <input_file_ref idref="fl-38"/>
      </object_component>
      <object_component id="oc-59">
         <name>.text</name>
         <load_address>0x11ae7</load_address>
         <run_address>0x11ae7</run_address>
         <size>0x528</size>
         <input_file_ref idref="fl-26"/>
      </object_component>
      <object_component id="oc-4a">
         <name>.text</name>
         <load_address>0x1200f</load_address>
         <run_address>0x1200f</run_address>
         <size>0x4b5</size>
         <input_file_ref idref="fl-23"/>
      </object_component>
      <object_component id="oc-18">
         <name>.text</name>
         <load_address>0x124c4</load_address>
         <run_address>0x124c4</run_address>
         <size>0x3d8</size>
         <input_file_ref idref="fl-3"/>
      </object_component>
      <object_component id="oc-29">
         <name>.text</name>
         <load_address>0x1289c</load_address>
         <run_address>0x1289c</run_address>
         <size>0x3cc</size>
         <input_file_ref idref="fl-1c"/>
      </object_component>
      <object_component id="oc-ee">
         <name>.text</name>
         <load_address>0x12c68</load_address>
         <run_address>0x12c68</run_address>
         <size>0x27f</size>
         <input_file_ref idref="fl-49"/>
      </object_component>
      <object_component id="oc-a4">
         <name>.text</name>
         <load_address>0x12ee7</load_address>
         <run_address>0x12ee7</run_address>
         <size>0x25e</size>
         <input_file_ref idref="fl-37"/>
      </object_component>
      <object_component id="oc-d6">
         <name>.text</name>
         <load_address>0x13145</load_address>
         <run_address>0x13145</run_address>
         <size>0x25a</size>
         <input_file_ref idref="fl-43"/>
      </object_component>
      <object_component id="oc-81">
         <name>.text</name>
         <load_address>0x1339f</load_address>
         <run_address>0x1339f</run_address>
         <size>0x1ea</size>
         <input_file_ref idref="fl-2e"/>
      </object_component>
      <object_component id="oc-9b">
         <name>.text</name>
         <load_address>0x13589</load_address>
         <run_address>0x13589</run_address>
         <size>0x163</size>
         <input_file_ref idref="fl-35"/>
      </object_component>
      <object_component id="oc-ba">
         <name>.text</name>
         <load_address>0x136ec</load_address>
         <run_address>0x136ec</run_address>
         <size>0x14c</size>
         <input_file_ref idref="fl-3c"/>
      </object_component>
      <object_component id="oc-ea">
         <name>.text</name>
         <load_address>0x13838</load_address>
         <run_address>0x13838</run_address>
         <size>0xe6</size>
         <input_file_ref idref="fl-48"/>
      </object_component>
      <object_component id="oc-d2">
         <name>.text</name>
         <load_address>0x1391e</load_address>
         <run_address>0x1391e</run_address>
         <size>0xdd</size>
         <input_file_ref idref="fl-42"/>
      </object_component>
      <object_component id="oc-de">
         <name>.text</name>
         <load_address>0x139fb</load_address>
         <run_address>0x139fb</run_address>
         <size>0xc2</size>
         <input_file_ref idref="fl-45"/>
      </object_component>
      <object_component id="oc-61">
         <name>.text:CIO_breakpoint</name>
         <load_address>0x13abd</load_address>
         <run_address>0x13abd</run_address>
         <size>0xba</size>
         <input_file_ref idref="fl-27"/>
      </object_component>
      <object_component id="oc-97">
         <name>.text</name>
         <load_address>0x13b77</load_address>
         <run_address>0x13b77</run_address>
         <size>0xa6</size>
         <input_file_ref idref="fl-34"/>
      </object_component>
      <object_component id="oc-8b">
         <name>.text</name>
         <load_address>0x13c1d</load_address>
         <run_address>0x13c1d</run_address>
         <size>0xa1</size>
         <input_file_ref idref="fl-31"/>
      </object_component>
      <object_component id="oc-13">
         <name>.text</name>
         <load_address>0x13cbe</load_address>
         <run_address>0x13cbe</run_address>
         <size>0x7e</size>
         <input_file_ref idref="fl-2"/>
      </object_component>
      <object_component id="oc-ae">
         <name>.text</name>
         <load_address>0x13d3c</load_address>
         <run_address>0x13d3c</run_address>
         <size>0x7d</size>
         <input_file_ref idref="fl-39"/>
      </object_component>
      <object_component id="oc-f4">
         <name>.text</name>
         <load_address>0x13db9</load_address>
         <run_address>0x13db9</run_address>
         <size>0x7b</size>
         <input_file_ref idref="fl-4a"/>
      </object_component>
      <object_component id="oc-e2">
         <name>.text</name>
         <load_address>0x13e34</load_address>
         <run_address>0x13e34</run_address>
         <size>0x76</size>
         <input_file_ref idref="fl-46"/>
      </object_component>
      <object_component id="oc-42">
         <name>.text</name>
         <load_address>0x13eaa</load_address>
         <run_address>0x13eaa</run_address>
         <size>0x73</size>
         <input_file_ref idref="fl-21"/>
      </object_component>
      <object_component id="oc-c6">
         <name>.text</name>
         <load_address>0x13f1d</load_address>
         <run_address>0x13f1d</run_address>
         <size>0x72</size>
         <input_file_ref idref="fl-3f"/>
      </object_component>
      <object_component id="oc-55">
         <name>.text</name>
         <load_address>0x13f8f</load_address>
         <run_address>0x13f8f</run_address>
         <size>0x70</size>
         <input_file_ref idref="fl-25"/>
      </object_component>
      <object_component id="oc-93">
         <name>.text</name>
         <load_address>0x13fff</load_address>
         <run_address>0x13fff</run_address>
         <size>0x6f</size>
         <input_file_ref idref="fl-33"/>
      </object_component>
      <object_component id="oc-5e">
         <name>.text</name>
         <load_address>0x1406e</load_address>
         <run_address>0x1406e</run_address>
         <size>0x6d</size>
         <input_file_ref idref="fl-27"/>
      </object_component>
      <object_component id="oc-e6">
         <name>.text</name>
         <load_address>0x140db</load_address>
         <run_address>0x140db</run_address>
         <size>0x6b</size>
         <input_file_ref idref="fl-47"/>
      </object_component>
      <object_component id="oc-38">
         <name>.text</name>
         <load_address>0x14146</load_address>
         <run_address>0x14146</run_address>
         <size>0x67</size>
         <input_file_ref idref="fl-1f"/>
      </object_component>
      <object_component id="oc-79">
         <name>.text</name>
         <load_address>0x141ad</load_address>
         <run_address>0x141ad</run_address>
         <size>0x5c</size>
         <input_file_ref idref="fl-2c"/>
      </object_component>
      <object_component id="oc-3d">
         <name>.text</name>
         <load_address>0x14209</load_address>
         <run_address>0x14209</run_address>
         <size>0x5b</size>
         <input_file_ref idref="fl-20"/>
      </object_component>
      <object_component id="oc-51">
         <name>.text</name>
         <load_address>0x14264</load_address>
         <run_address>0x14264</run_address>
         <size>0x50</size>
         <input_file_ref idref="fl-24"/>
      </object_component>
      <object_component id="oc-7d">
         <name>.text</name>
         <load_address>0x142b4</load_address>
         <run_address>0x142b4</run_address>
         <size>0x4d</size>
         <input_file_ref idref="fl-2d"/>
      </object_component>
      <object_component id="oc-75">
         <name>.text</name>
         <load_address>0x14301</load_address>
         <run_address>0x14301</run_address>
         <size>0x4b</size>
         <input_file_ref idref="fl-2b"/>
      </object_component>
      <object_component id="oc-c2">
         <name>.text</name>
         <load_address>0x1434c</load_address>
         <run_address>0x1434c</run_address>
         <size>0x4b</size>
         <input_file_ref idref="fl-3e"/>
      </object_component>
      <object_component id="oc-da">
         <name>.text</name>
         <load_address>0x14397</load_address>
         <run_address>0x14397</run_address>
         <size>0x48</size>
         <input_file_ref idref="fl-44"/>
      </object_component>
      <object_component id="oc-b6">
         <name>.text</name>
         <load_address>0x143df</load_address>
         <run_address>0x143df</run_address>
         <size>0x3f</size>
         <input_file_ref idref="fl-3b"/>
      </object_component>
      <object_component id="oc-2d">
         <name>.text</name>
         <load_address>0x1441e</load_address>
         <run_address>0x1441e</run_address>
         <size>0x3e</size>
         <input_file_ref idref="fl-1d"/>
      </object_component>
      <object_component id="oc-12">
         <name>.text</name>
         <load_address>0x1445c</load_address>
         <run_address>0x1445c</run_address>
         <size>0x34</size>
         <input_file_ref idref="fl-1a"/>
      </object_component>
      <object_component id="oc-8f">
         <name>.text</name>
         <load_address>0x14490</load_address>
         <run_address>0x14490</run_address>
         <size>0x2a</size>
         <input_file_ref idref="fl-32"/>
      </object_component>
      <object_component id="oc-ce">
         <name>.text</name>
         <load_address>0x144ba</load_address>
         <run_address>0x144ba</run_address>
         <size>0x2a</size>
         <input_file_ref idref="fl-41"/>
      </object_component>
      <object_component id="oc-b2">
         <name>.text</name>
         <load_address>0x144e4</load_address>
         <run_address>0x144e4</run_address>
         <size>0x23</size>
         <input_file_ref idref="fl-3a"/>
      </object_component>
      <object_component id="oc-a0">
         <name>.text</name>
         <load_address>0x14507</load_address>
         <run_address>0x14507</run_address>
         <size>0x1a</size>
         <input_file_ref idref="fl-36"/>
      </object_component>
      <object_component id="oc-ca">
         <name>.text</name>
         <load_address>0x14521</load_address>
         <run_address>0x14521</run_address>
         <size>0x14</size>
         <input_file_ref idref="fl-40"/>
      </object_component>
      <object_component id="oc-46">
         <name>.text</name>
         <load_address>0x14535</load_address>
         <run_address>0x14535</run_address>
         <size>0x13</size>
         <input_file_ref idref="fl-22"/>
      </object_component>
      <object_component id="oc-69">
         <name>.text</name>
         <load_address>0x14548</load_address>
         <run_address>0x14548</run_address>
         <size>0x12</size>
         <input_file_ref idref="fl-29"/>
      </object_component>
      <object_component id="oc-be">
         <name>.text</name>
         <load_address>0x1455a</load_address>
         <run_address>0x1455a</run_address>
         <size>0x10</size>
         <input_file_ref idref="fl-3d"/>
      </object_component>
      <object_component id="oc-34">
         <name>.text</name>
         <load_address>0x1456a</load_address>
         <run_address>0x1456a</run_address>
         <size>0xc</size>
         <input_file_ref idref="fl-1e"/>
      </object_component>
      <object_component id="oc-25">
         <name>.text</name>
         <load_address>0x14576</load_address>
         <run_address>0x14576</run_address>
         <size>0xa</size>
         <input_file_ref idref="fl-1b"/>
      </object_component>
      <object_component id="oc-f8">
         <name>.text</name>
         <load_address>0x14580</load_address>
         <run_address>0x14580</run_address>
         <size>0xa</size>
         <input_file_ref idref="fl-4b"/>
      </object_component>
      <object_component id="oc-31">
         <name>.text:CIO_breakpoint</name>
         <load_address>0x1458a</load_address>
         <run_address>0x1458a</run_address>
         <size>0x7</size>
         <input_file_ref idref="fl-1d"/>
      </object_component>
      <object_component id="oc-64">
         <name>.text</name>
         <load_address>0x14591</load_address>
         <run_address>0x14591</run_address>
         <size>0x2</size>
         <input_file_ref idref="fl-28"/>
      </object_component>
      <object_component id="oc-21">
         <name>.stack</name>
         <uninitialized>true</uninitialized>
         <run_address>0x100</run_address>
         <size>0x0</size>
         <input_file_ref idref="fl-1a"/>
      </object_component>
      <object_component id="oc-118">
         <name>.stack</name>
         <uninitialized>true</uninitialized>
         <run_address>0x100</run_address>
         <size>0x0</size>
      </object_component>
      <object_component id="oc-fc">
         <name>.sysstack</name>
         <uninitialized>true</uninitialized>
         <run_address>0x1100</run_address>
         <size>0x0</size>
         <input_file_ref idref="fl-1a"/>
      </object_component>
      <object_component id="oc-11a">
         <name>.sysstack</name>
         <uninitialized>true</uninitialized>
         <run_address>0x1100</run_address>
         <size>0x0</size>
      </object_component>
      <object_component id="oc-4e">
         <name>.sysmem</name>
         <uninitialized>true</uninitialized>
         <run_address>0x4000</run_address>
         <size>0x0</size>
         <input_file_ref idref="fl-23"/>
      </object_component>
      <object_component id="oc-119">
         <name>.sysmem</name>
         <uninitialized>true</uninitialized>
         <run_address>0x4000</run_address>
         <size>0x0</size>
      </object_component>
      <object_component id="oc-19">
         <name>.bss</name>
         <uninitialized>true</uninitialized>
         <run_address>0xc000</run_address>
         <size>0x584</size>
         <input_file_ref idref="fl-3"/>
      </object_component>
      <object_component id="oc-2e">
         <name>.bss</name>
         <uninitialized>true</uninitialized>
         <run_address>0xca50</run_address>
         <size>0x8</size>
         <input_file_ref idref="fl-1d"/>
      </object_component>
      <object_component id="oc-4b">
         <name>.bss</name>
         <uninitialized>true</uninitialized>
         <run_address>0xca3c</run_address>
         <size>0xc</size>
         <input_file_ref idref="fl-23"/>
      </object_component>
      <object_component id="oc-5a">
         <name>.bss</name>
         <uninitialized>true</uninitialized>
         <run_address>0xc7b6</run_address>
         <size>0x1a0</size>
         <input_file_ref idref="fl-26"/>
      </object_component>
      <object_component id="oc-6a">
         <name>.bss</name>
         <uninitialized>true</uninitialized>
         <run_address>0xca48</run_address>
         <size>0x8</size>
         <input_file_ref idref="fl-29"/>
      </object_component>
      <object_component id="oc-87">
         <name>.bss</name>
         <uninitialized>true</uninitialized>
         <run_address>0xc584</run_address>
         <size>0x232</size>
         <input_file_ref idref="fl-30"/>
      </object_component>
      <object_component id="oc-a9">
         <name>.bss</name>
         <uninitialized>true</uninitialized>
         <run_address>0xc958</run_address>
         <size>0xe2</size>
         <input_file_ref idref="fl-38"/>
      </object_component>
      <object_component id="oc-ef">
         <name>.bss</name>
         <uninitialized>true</uninitialized>
         <run_address>0xc956</run_address>
         <size>0x2</size>
         <input_file_ref idref="fl-49"/>
      </object_component>
      <object_component id="oc-1d">
         <name>.const:.string</name>
         <load_address>0x30000</load_address>
         <run_address>0x30000</run_address>
         <size>0x4ac</size>
         <input_file_ref idref="fl-3"/>
      </object_component>
      <object_component id="oc-fe">
         <name>.const:__ctypes_</name>
         <load_address>0x304ac</load_address>
         <run_address>0x304ac</run_address>
         <size>0x202</size>
         <input_file_ref idref="fl-2f"/>
      </object_component>
      <object_component id="oc-72">
         <name>.const:.string</name>
         <load_address>0x306b0</load_address>
         <run_address>0x306b0</run_address>
         <size>0x48</size>
         <input_file_ref idref="fl-2a"/>
      </object_component>
      <object_component id="oc-71">
         <name>.const</name>
         <load_address>0x306f8</load_address>
         <run_address>0x306f8</run_address>
         <size>0x18</size>
         <input_file_ref idref="fl-2a"/>
      </object_component>
      <object_component id="oc-fd">
         <name>.const:_initial_approx$1</name>
         <load_address>0x30710</load_address>
         <run_address>0x30710</run_address>
         <size>0x10</size>
         <input_file_ref idref="fl-1c"/>
      </object_component>
      <object_component id="oc-1c">
         <name>.const</name>
         <load_address>0x30720</load_address>
         <run_address>0x30720</run_address>
         <size>0x8</size>
         <input_file_ref idref="fl-3"/>
      </object_component>
      <object_component id="oc-9d">
         <name>.const:.string</name>
         <load_address>0x30728</load_address>
         <run_address>0x30728</run_address>
         <size>0x4</size>
         <input_file_ref idref="fl-35"/>
      </object_component>
      <object_component id="oc-3a">
         <name>.const</name>
         <load_address>0x3072c</load_address>
         <run_address>0x3072c</run_address>
         <size>0x4</size>
         <input_file_ref idref="fl-1f"/>
      </object_component>
      <object_component id="oc-3f">
         <name>.const</name>
         <load_address>0x30730</load_address>
         <run_address>0x30730</run_address>
         <size>0x4</size>
         <input_file_ref idref="fl-20"/>
      </object_component>
      <object_component id="oc-60">
         <name>.cio</name>
         <uninitialized>true</uninitialized>
         <run_address>0x8000</run_address>
         <size>0x240</size>
         <input_file_ref idref="fl-27"/>
      </object_component>
      <object_component id="oc-14">
         <name>.debug_info</name>
         <load_address>0x0</load_address>
         <run_address>0x0</run_address>
         <size>0x735</size>
         <input_file_ref idref="fl-2"/>
      </object_component>
      <object_component id="oc-1a">
         <name>.debug_info</name>
         <load_address>0x735</load_address>
         <run_address>0x735</run_address>
         <size>0x110c</size>
         <input_file_ref idref="fl-3"/>
      </object_component>
      <object_component id="oc-22">
         <name>.debug_info</name>
         <load_address>0x1841</load_address>
         <run_address>0x1841</run_address>
         <size>0xe8</size>
         <input_file_ref idref="fl-1a"/>
      </object_component>
      <object_component id="oc-26">
         <name>.debug_info</name>
         <load_address>0x1929</load_address>
         <run_address>0x1929</run_address>
         <size>0x4e9</size>
         <input_file_ref idref="fl-1b"/>
      </object_component>
      <object_component id="oc-2a">
         <name>.debug_info</name>
         <load_address>0x1e12</load_address>
         <run_address>0x1e12</run_address>
         <size>0x7e8</size>
         <input_file_ref idref="fl-1c"/>
      </object_component>
      <object_component id="oc-2f">
         <name>.debug_info</name>
         <load_address>0x25fa</load_address>
         <run_address>0x25fa</run_address>
         <size>0x5fb</size>
         <input_file_ref idref="fl-1d"/>
      </object_component>
      <object_component id="oc-35">
         <name>.debug_info</name>
         <load_address>0x2bf5</load_address>
         <run_address>0x2bf5</run_address>
         <size>0x4cf</size>
         <input_file_ref idref="fl-1e"/>
      </object_component>
      <object_component id="oc-39">
         <name>.debug_info</name>
         <load_address>0x30c4</load_address>
         <run_address>0x30c4</run_address>
         <size>0x549</size>
         <input_file_ref idref="fl-1f"/>
      </object_component>
      <object_component id="oc-3e">
         <name>.debug_info</name>
         <load_address>0x360d</load_address>
         <run_address>0x360d</run_address>
         <size>0x549</size>
         <input_file_ref idref="fl-20"/>
      </object_component>
      <object_component id="oc-43">
         <name>.debug_info</name>
         <load_address>0x3b56</load_address>
         <run_address>0x3b56</run_address>
         <size>0x53e</size>
         <input_file_ref idref="fl-21"/>
      </object_component>
      <object_component id="oc-47">
         <name>.debug_info</name>
         <load_address>0x4094</load_address>
         <run_address>0x4094</run_address>
         <size>0xbd</size>
         <input_file_ref idref="fl-22"/>
      </object_component>
      <object_component id="oc-4c">
         <name>.debug_info</name>
         <load_address>0x4151</load_address>
         <run_address>0x4151</run_address>
         <size>0xb97</size>
         <input_file_ref idref="fl-23"/>
      </object_component>
      <object_component id="oc-52">
         <name>.debug_info</name>
         <load_address>0x4ce8</load_address>
         <run_address>0x4ce8</run_address>
         <size>0x76c</size>
         <input_file_ref idref="fl-24"/>
      </object_component>
      <object_component id="oc-56">
         <name>.debug_info</name>
         <load_address>0x5454</load_address>
         <run_address>0x5454</run_address>
         <size>0x6c6</size>
         <input_file_ref idref="fl-25"/>
      </object_component>
      <object_component id="oc-5b">
         <name>.debug_info</name>
         <load_address>0x5b1a</load_address>
         <run_address>0x5b1a</run_address>
         <size>0xed4</size>
         <input_file_ref idref="fl-26"/>
      </object_component>
      <object_component id="oc-5f">
         <name>.debug_info</name>
         <load_address>0x69ee</load_address>
         <run_address>0x69ee</run_address>
         <size>0x744</size>
         <input_file_ref idref="fl-27"/>
      </object_component>
      <object_component id="oc-66">
         <name>.debug_info</name>
         <load_address>0x7132</load_address>
         <run_address>0x7132</run_address>
         <size>0xbc</size>
         <input_file_ref idref="fl-28"/>
      </object_component>
      <object_component id="oc-6b">
         <name>.debug_info</name>
         <load_address>0x71ee</load_address>
         <run_address>0x71ee</run_address>
         <size>0x5bc</size>
         <input_file_ref idref="fl-29"/>
      </object_component>
      <object_component id="oc-70">
         <name>.debug_info</name>
         <load_address>0x77aa</load_address>
         <run_address>0x77aa</run_address>
         <size>0x27bd</size>
         <input_file_ref idref="fl-2a"/>
      </object_component>
      <object_component id="oc-76">
         <name>.debug_info</name>
         <load_address>0x9f67</load_address>
         <run_address>0x9f67</run_address>
         <size>0x586</size>
         <input_file_ref idref="fl-2b"/>
      </object_component>
      <object_component id="oc-7a">
         <name>.debug_info</name>
         <load_address>0xa4ed</load_address>
         <run_address>0xa4ed</run_address>
         <size>0x5a4</size>
         <input_file_ref idref="fl-2c"/>
      </object_component>
      <object_component id="oc-7e">
         <name>.debug_info</name>
         <load_address>0xaa91</load_address>
         <run_address>0xaa91</run_address>
         <size>0xcd</size>
         <input_file_ref idref="fl-2d"/>
      </object_component>
      <object_component id="oc-82">
         <name>.debug_info</name>
         <load_address>0xab5e</load_address>
         <run_address>0xab5e</run_address>
         <size>0x81f</size>
         <input_file_ref idref="fl-2e"/>
      </object_component>
      <object_component id="oc-85">
         <name>.debug_info</name>
         <load_address>0xb37d</load_address>
         <run_address>0xb37d</run_address>
         <size>0x498</size>
         <input_file_ref idref="fl-2f"/>
      </object_component>
      <object_component id="oc-88">
         <name>.debug_info</name>
         <load_address>0xb815</load_address>
         <run_address>0xb815</run_address>
         <size>0x57e</size>
         <input_file_ref idref="fl-30"/>
      </object_component>
      <object_component id="oc-8c">
         <name>.debug_info</name>
         <load_address>0xbd93</load_address>
         <run_address>0xbd93</run_address>
         <size>0x534</size>
         <input_file_ref idref="fl-31"/>
      </object_component>
      <object_component id="oc-90">
         <name>.debug_info</name>
         <load_address>0xc2c7</load_address>
         <run_address>0xc2c7</run_address>
         <size>0x4cf</size>
         <input_file_ref idref="fl-32"/>
      </object_component>
      <object_component id="oc-94">
         <name>.debug_info</name>
         <load_address>0xc796</load_address>
         <run_address>0xc796</run_address>
         <size>0x534</size>
         <input_file_ref idref="fl-33"/>
      </object_component>
      <object_component id="oc-98">
         <name>.debug_info</name>
         <load_address>0xccca</load_address>
         <run_address>0xccca</run_address>
         <size>0x6aa</size>
         <input_file_ref idref="fl-34"/>
      </object_component>
      <object_component id="oc-9c">
         <name>.debug_info</name>
         <load_address>0xd374</load_address>
         <run_address>0xd374</run_address>
         <size>0x942</size>
         <input_file_ref idref="fl-35"/>
      </object_component>
      <object_component id="oc-a1">
         <name>.debug_info</name>
         <load_address>0xdcb6</load_address>
         <run_address>0xdcb6</run_address>
         <size>0x680</size>
         <input_file_ref idref="fl-36"/>
      </object_component>
      <object_component id="oc-a5">
         <name>.debug_info</name>
         <load_address>0xe336</load_address>
         <run_address>0xe336</run_address>
         <size>0x7d4</size>
         <input_file_ref idref="fl-37"/>
      </object_component>
      <object_component id="oc-aa">
         <name>.debug_info</name>
         <load_address>0xeb0a</load_address>
         <run_address>0xeb0a</run_address>
         <size>0x144b</size>
         <input_file_ref idref="fl-38"/>
      </object_component>
      <object_component id="oc-af">
         <name>.debug_info</name>
         <load_address>0xff55</load_address>
         <run_address>0xff55</run_address>
         <size>0x5ad</size>
         <input_file_ref idref="fl-39"/>
      </object_component>
      <object_component id="oc-b3">
         <name>.debug_info</name>
         <load_address>0x10502</load_address>
         <run_address>0x10502</run_address>
         <size>0x574</size>
         <input_file_ref idref="fl-3a"/>
      </object_component>
      <object_component id="oc-b7">
         <name>.debug_info</name>
         <load_address>0x10a76</load_address>
         <run_address>0x10a76</run_address>
         <size>0xd1</size>
         <input_file_ref idref="fl-3b"/>
      </object_component>
      <object_component id="oc-bb">
         <name>.debug_info</name>
         <load_address>0x10b47</load_address>
         <run_address>0x10b47</run_address>
         <size>0x55b</size>
         <input_file_ref idref="fl-3c"/>
      </object_component>
      <object_component id="oc-bf">
         <name>.debug_info</name>
         <load_address>0x110a2</load_address>
         <run_address>0x110a2</run_address>
         <size>0x4b7</size>
         <input_file_ref idref="fl-3d"/>
      </object_component>
      <object_component id="oc-c3">
         <name>.debug_info</name>
         <load_address>0x11559</load_address>
         <run_address>0x11559</run_address>
         <size>0x4f2</size>
         <input_file_ref idref="fl-3e"/>
      </object_component>
      <object_component id="oc-c7">
         <name>.debug_info</name>
         <load_address>0x11a4b</load_address>
         <run_address>0x11a4b</run_address>
         <size>0x534</size>
         <input_file_ref idref="fl-3f"/>
      </object_component>
      <object_component id="oc-cb">
         <name>.debug_info</name>
         <load_address>0x11f7f</load_address>
         <run_address>0x11f7f</run_address>
         <size>0x4de</size>
         <input_file_ref idref="fl-40"/>
      </object_component>
      <object_component id="oc-cf">
         <name>.debug_info</name>
         <load_address>0x1245d</load_address>
         <run_address>0x1245d</run_address>
         <size>0xef</size>
         <input_file_ref idref="fl-41"/>
      </object_component>
      <object_component id="oc-d3">
         <name>.debug_info</name>
         <load_address>0x1254c</load_address>
         <run_address>0x1254c</run_address>
         <size>0x662</size>
         <input_file_ref idref="fl-42"/>
      </object_component>
      <object_component id="oc-d7">
         <name>.debug_info</name>
         <load_address>0x12bae</load_address>
         <run_address>0x12bae</run_address>
         <size>0x5ab</size>
         <input_file_ref idref="fl-43"/>
      </object_component>
      <object_component id="oc-db">
         <name>.debug_info</name>
         <load_address>0x13159</load_address>
         <run_address>0x13159</run_address>
         <size>0x4f2</size>
         <input_file_ref idref="fl-44"/>
      </object_component>
      <object_component id="oc-df">
         <name>.debug_info</name>
         <load_address>0x1364b</load_address>
         <run_address>0x1364b</run_address>
         <size>0x706</size>
         <input_file_ref idref="fl-45"/>
      </object_component>
      <object_component id="oc-e3">
         <name>.debug_info</name>
         <load_address>0x13d51</load_address>
         <run_address>0x13d51</run_address>
         <size>0x4d2</size>
         <input_file_ref idref="fl-46"/>
      </object_component>
      <object_component id="oc-e7">
         <name>.debug_info</name>
         <load_address>0x14223</load_address>
         <run_address>0x14223</run_address>
         <size>0x5f7</size>
         <input_file_ref idref="fl-47"/>
      </object_component>
      <object_component id="oc-eb">
         <name>.debug_info</name>
         <load_address>0x1481a</load_address>
         <run_address>0x1481a</run_address>
         <size>0x64a</size>
         <input_file_ref idref="fl-48"/>
      </object_component>
      <object_component id="oc-f0">
         <name>.debug_info</name>
         <load_address>0x14e64</load_address>
         <run_address>0x14e64</run_address>
         <size>0xa1c</size>
         <input_file_ref idref="fl-49"/>
      </object_component>
      <object_component id="oc-f5">
         <name>.debug_info</name>
         <load_address>0x15880</load_address>
         <run_address>0x15880</run_address>
         <size>0x64f</size>
         <input_file_ref idref="fl-4a"/>
      </object_component>
      <object_component id="oc-f9">
         <name>.debug_info</name>
         <load_address>0x15ecf</load_address>
         <run_address>0x15ecf</run_address>
         <size>0x510</size>
         <input_file_ref idref="fl-4b"/>
      </object_component>
      <object_component id="oc-11c">
         <name>.debug_info</name>
         <load_address>0x163df</load_address>
         <run_address>0x163df</run_address>
         <size>0x6e</size>
      </object_component>
      <object_component id="oc-15">
         <name>.debug_frame</name>
         <load_address>0x0</load_address>
         <run_address>0x0</run_address>
         <size>0xe4</size>
         <input_file_ref idref="fl-2"/>
      </object_component>
      <object_component id="oc-1e">
         <name>.debug_frame</name>
         <load_address>0xe4</load_address>
         <run_address>0xe4</run_address>
         <size>0x120</size>
         <input_file_ref idref="fl-3"/>
      </object_component>
      <object_component id="oc-16">
         <name>.debug_line</name>
         <load_address>0x0</load_address>
         <run_address>0x0</run_address>
         <size>0x68</size>
         <input_file_ref idref="fl-2"/>
      </object_component>
      <object_component id="oc-1f">
         <name>.debug_line</name>
         <load_address>0x68</load_address>
         <run_address>0x68</run_address>
         <size>0x15b</size>
         <input_file_ref idref="fl-3"/>
      </object_component>
      <object_component id="oc-23">
         <name>.debug_line</name>
         <load_address>0x1c3</load_address>
         <run_address>0x1c3</run_address>
         <size>0x54</size>
         <input_file_ref idref="fl-1a"/>
      </object_component>
      <object_component id="oc-27">
         <name>.debug_line</name>
         <load_address>0x217</load_address>
         <run_address>0x217</run_address>
         <size>0x38</size>
         <input_file_ref idref="fl-1b"/>
      </object_component>
      <object_component id="oc-2b">
         <name>.debug_line</name>
         <load_address>0x24f</load_address>
         <run_address>0x24f</run_address>
         <size>0x5b</size>
         <input_file_ref idref="fl-1c"/>
      </object_component>
      <object_component id="oc-32">
         <name>.debug_line</name>
         <load_address>0x2aa</load_address>
         <run_address>0x2aa</run_address>
         <size>0x51</size>
         <input_file_ref idref="fl-1d"/>
      </object_component>
      <object_component id="oc-36">
         <name>.debug_line</name>
         <load_address>0x2fb</load_address>
         <run_address>0x2fb</run_address>
         <size>0x3d</size>
         <input_file_ref idref="fl-1e"/>
      </object_component>
      <object_component id="oc-3b">
         <name>.debug_line</name>
         <load_address>0x338</load_address>
         <run_address>0x338</run_address>
         <size>0x44</size>
         <input_file_ref idref="fl-1f"/>
      </object_component>
      <object_component id="oc-40">
         <name>.debug_line</name>
         <load_address>0x37c</load_address>
         <run_address>0x37c</run_address>
         <size>0x44</size>
         <input_file_ref idref="fl-20"/>
      </object_component>
      <object_component id="oc-44">
         <name>.debug_line</name>
         <load_address>0x3c0</load_address>
         <run_address>0x3c0</run_address>
         <size>0x40</size>
         <input_file_ref idref="fl-21"/>
      </object_component>
      <object_component id="oc-48">
         <name>.debug_line</name>
         <load_address>0x400</load_address>
         <run_address>0x400</run_address>
         <size>0x3c</size>
         <input_file_ref idref="fl-22"/>
      </object_component>
      <object_component id="oc-4f">
         <name>.debug_line</name>
         <load_address>0x43c</load_address>
         <run_address>0x43c</run_address>
         <size>0x112</size>
         <input_file_ref idref="fl-23"/>
      </object_component>
      <object_component id="oc-53">
         <name>.debug_line</name>
         <load_address>0x54e</load_address>
         <run_address>0x54e</run_address>
         <size>0x69</size>
         <input_file_ref idref="fl-24"/>
      </object_component>
      <object_component id="oc-57">
         <name>.debug_line</name>
         <load_address>0x5b7</load_address>
         <run_address>0x5b7</run_address>
         <size>0x68</size>
         <input_file_ref idref="fl-25"/>
      </object_component>
      <object_component id="oc-5c">
         <name>.debug_line</name>
         <load_address>0x61f</load_address>
         <run_address>0x61f</run_address>
         <size>0x15d</size>
         <input_file_ref idref="fl-26"/>
      </object_component>
      <object_component id="oc-62">
         <name>.debug_line</name>
         <load_address>0x77c</load_address>
         <run_address>0x77c</run_address>
         <size>0x6a</size>
         <input_file_ref idref="fl-27"/>
      </object_component>
      <object_component id="oc-67">
         <name>.debug_line</name>
         <load_address>0x7e6</load_address>
         <run_address>0x7e6</run_address>
         <size>0x37</size>
         <input_file_ref idref="fl-28"/>
      </object_component>
      <object_component id="oc-6d">
         <name>.debug_line</name>
         <load_address>0x81d</load_address>
         <run_address>0x81d</run_address>
         <size>0x57</size>
         <input_file_ref idref="fl-29"/>
      </object_component>
      <object_component id="oc-73">
         <name>.debug_line</name>
         <load_address>0x874</load_address>
         <run_address>0x874</run_address>
         <size>0x328</size>
         <input_file_ref idref="fl-2a"/>
      </object_component>
      <object_component id="oc-77">
         <name>.debug_line</name>
         <load_address>0xb9c</load_address>
         <run_address>0xb9c</run_address>
         <size>0x41</size>
         <input_file_ref idref="fl-2b"/>
      </object_component>
      <object_component id="oc-7b">
         <name>.debug_line</name>
         <load_address>0xbdd</load_address>
         <run_address>0xbdd</run_address>
         <size>0x46</size>
         <input_file_ref idref="fl-2c"/>
      </object_component>
      <object_component id="oc-7f">
         <name>.debug_line</name>
         <load_address>0xc23</load_address>
         <run_address>0xc23</run_address>
         <size>0x55</size>
         <input_file_ref idref="fl-2d"/>
      </object_component>
      <object_component id="oc-83">
         <name>.debug_line</name>
         <load_address>0xc78</load_address>
         <run_address>0xc78</run_address>
         <size>0xad</size>
         <input_file_ref idref="fl-2e"/>
      </object_component>
      <object_component id="oc-8d">
         <name>.debug_line</name>
         <load_address>0xd25</load_address>
         <run_address>0xd25</run_address>
         <size>0x44</size>
         <input_file_ref idref="fl-31"/>
      </object_component>
      <object_component id="oc-91">
         <name>.debug_line</name>
         <load_address>0xd69</load_address>
         <run_address>0xd69</run_address>
         <size>0x3d</size>
         <input_file_ref idref="fl-32"/>
      </object_component>
      <object_component id="oc-95">
         <name>.debug_line</name>
         <load_address>0xda6</load_address>
         <run_address>0xda6</run_address>
         <size>0x3d</size>
         <input_file_ref idref="fl-33"/>
      </object_component>
      <object_component id="oc-99">
         <name>.debug_line</name>
         <load_address>0xde3</load_address>
         <run_address>0xde3</run_address>
         <size>0x56</size>
         <input_file_ref idref="fl-34"/>
      </object_component>
      <object_component id="oc-9e">
         <name>.debug_line</name>
         <load_address>0xe39</load_address>
         <run_address>0xe39</run_address>
         <size>0xa8</size>
         <input_file_ref idref="fl-35"/>
      </object_component>
      <object_component id="oc-a2">
         <name>.debug_line</name>
         <load_address>0xee1</load_address>
         <run_address>0xee1</run_address>
         <size>0x38</size>
         <input_file_ref idref="fl-36"/>
      </object_component>
      <object_component id="oc-a6">
         <name>.debug_line</name>
         <load_address>0xf19</load_address>
         <run_address>0xf19</run_address>
         <size>0xa8</size>
         <input_file_ref idref="fl-37"/>
      </object_component>
      <object_component id="oc-ac">
         <name>.debug_line</name>
         <load_address>0xfc1</load_address>
         <run_address>0xfc1</run_address>
         <size>0x1b0</size>
         <input_file_ref idref="fl-38"/>
      </object_component>
      <object_component id="oc-b0">
         <name>.debug_line</name>
         <load_address>0x1171</load_address>
         <run_address>0x1171</run_address>
         <size>0x40</size>
         <input_file_ref idref="fl-39"/>
      </object_component>
      <object_component id="oc-b4">
         <name>.debug_line</name>
         <load_address>0x11b1</load_address>
         <run_address>0x11b1</run_address>
         <size>0x3c</size>
         <input_file_ref idref="fl-3a"/>
      </object_component>
      <object_component id="oc-b8">
         <name>.debug_line</name>
         <load_address>0x11ed</load_address>
         <run_address>0x11ed</run_address>
         <size>0x4d</size>
         <input_file_ref idref="fl-3b"/>
      </object_component>
      <object_component id="oc-bc">
         <name>.debug_line</name>
         <load_address>0x123a</load_address>
         <run_address>0x123a</run_address>
         <size>0x3c</size>
         <input_file_ref idref="fl-3c"/>
      </object_component>
      <object_component id="oc-c0">
         <name>.debug_line</name>
         <load_address>0x1276</load_address>
         <run_address>0x1276</run_address>
         <size>0x37</size>
         <input_file_ref idref="fl-3d"/>
      </object_component>
      <object_component id="oc-c4">
         <name>.debug_line</name>
         <load_address>0x12ad</load_address>
         <run_address>0x12ad</run_address>
         <size>0x3c</size>
         <input_file_ref idref="fl-3e"/>
      </object_component>
      <object_component id="oc-c8">
         <name>.debug_line</name>
         <load_address>0x12e9</load_address>
         <run_address>0x12e9</run_address>
         <size>0x44</size>
         <input_file_ref idref="fl-3f"/>
      </object_component>
      <object_component id="oc-cc">
         <name>.debug_line</name>
         <load_address>0x132d</load_address>
         <run_address>0x132d</run_address>
         <size>0x37</size>
         <input_file_ref idref="fl-40"/>
      </object_component>
      <object_component id="oc-d0">
         <name>.debug_line</name>
         <load_address>0x1364</load_address>
         <run_address>0x1364</run_address>
         <size>0x58</size>
         <input_file_ref idref="fl-41"/>
      </object_component>
      <object_component id="oc-d4">
         <name>.debug_line</name>
         <load_address>0x13bc</load_address>
         <run_address>0x13bc</run_address>
         <size>0x57</size>
         <input_file_ref idref="fl-42"/>
      </object_component>
      <object_component id="oc-d8">
         <name>.debug_line</name>
         <load_address>0x1413</load_address>
         <run_address>0x1413</run_address>
         <size>0x5c</size>
         <input_file_ref idref="fl-43"/>
      </object_component>
      <object_component id="oc-dc">
         <name>.debug_line</name>
         <load_address>0x146f</load_address>
         <run_address>0x146f</run_address>
         <size>0x3c</size>
         <input_file_ref idref="fl-44"/>
      </object_component>
      <object_component id="oc-e0">
         <name>.debug_line</name>
         <load_address>0x14ab</load_address>
         <run_address>0x14ab</run_address>
         <size>0x5b</size>
         <input_file_ref idref="fl-45"/>
      </object_component>
      <object_component id="oc-e4">
         <name>.debug_line</name>
         <load_address>0x1506</load_address>
         <run_address>0x1506</run_address>
         <size>0x3a</size>
         <input_file_ref idref="fl-46"/>
      </object_component>
      <object_component id="oc-e8">
         <name>.debug_line</name>
         <load_address>0x1540</load_address>
         <run_address>0x1540</run_address>
         <size>0x3c</size>
         <input_file_ref idref="fl-47"/>
      </object_component>
      <object_component id="oc-ec">
         <name>.debug_line</name>
         <load_address>0x157c</load_address>
         <run_address>0x157c</run_address>
         <size>0x3f</size>
         <input_file_ref idref="fl-48"/>
      </object_component>
      <object_component id="oc-f2">
         <name>.debug_line</name>
         <load_address>0x15bb</load_address>
         <run_address>0x15bb</run_address>
         <size>0xd7</size>
         <input_file_ref idref="fl-49"/>
      </object_component>
      <object_component id="oc-f6">
         <name>.debug_line</name>
         <load_address>0x1692</load_address>
         <run_address>0x1692</run_address>
         <size>0x3d</size>
         <input_file_ref idref="fl-4a"/>
      </object_component>
      <object_component id="oc-fa">
         <name>.debug_line</name>
         <load_address>0x16cf</load_address>
         <run_address>0x16cf</run_address>
         <size>0x39</size>
         <input_file_ref idref="fl-4b"/>
      </object_component>
      <object_component id="oc-17">
         <name>.debug_abbrev</name>
         <load_address>0x0</load_address>
         <run_address>0x0</run_address>
         <size>0xab</size>
         <input_file_ref idref="fl-2"/>
      </object_component>
      <object_component id="oc-20">
         <name>.debug_abbrev</name>
         <load_address>0xab</load_address>
         <run_address>0xab</run_address>
         <size>0x184</size>
         <input_file_ref idref="fl-3"/>
      </object_component>
      <object_component id="oc-24">
         <name>.debug_abbrev</name>
         <load_address>0x22f</load_address>
         <run_address>0x22f</run_address>
         <size>0x3a</size>
         <input_file_ref idref="fl-1a"/>
      </object_component>
      <object_component id="oc-28">
         <name>.debug_abbrev</name>
         <load_address>0x269</load_address>
         <run_address>0x269</run_address>
         <size>0x9c</size>
         <input_file_ref idref="fl-1b"/>
      </object_component>
      <object_component id="oc-2c">
         <name>.debug_abbrev</name>
         <load_address>0x305</load_address>
         <run_address>0x305</run_address>
         <size>0x112</size>
         <input_file_ref idref="fl-1c"/>
      </object_component>
      <object_component id="oc-33">
         <name>.debug_abbrev</name>
         <load_address>0x417</load_address>
         <run_address>0x417</run_address>
         <size>0xf7</size>
         <input_file_ref idref="fl-1d"/>
      </object_component>
      <object_component id="oc-37">
         <name>.debug_abbrev</name>
         <load_address>0x50e</load_address>
         <run_address>0x50e</run_address>
         <size>0x8f</size>
         <input_file_ref idref="fl-1e"/>
      </object_component>
      <object_component id="oc-3c">
         <name>.debug_abbrev</name>
         <load_address>0x59d</load_address>
         <run_address>0x59d</run_address>
         <size>0xc2</size>
         <input_file_ref idref="fl-1f"/>
      </object_component>
      <object_component id="oc-41">
         <name>.debug_abbrev</name>
         <load_address>0x65f</load_address>
         <run_address>0x65f</run_address>
         <size>0xc2</size>
         <input_file_ref idref="fl-20"/>
      </object_component>
      <object_component id="oc-45">
         <name>.debug_abbrev</name>
         <load_address>0x721</load_address>
         <run_address>0x721</run_address>
         <size>0x9a</size>
         <input_file_ref idref="fl-21"/>
      </object_component>
      <object_component id="oc-49">
         <name>.debug_abbrev</name>
         <load_address>0x7bb</load_address>
         <run_address>0x7bb</run_address>
         <size>0x38</size>
         <input_file_ref idref="fl-22"/>
      </object_component>
      <object_component id="oc-50">
         <name>.debug_abbrev</name>
         <load_address>0x7f3</load_address>
         <run_address>0x7f3</run_address>
         <size>0x1de</size>
         <input_file_ref idref="fl-23"/>
      </object_component>
      <object_component id="oc-54">
         <name>.debug_abbrev</name>
         <load_address>0x9d1</load_address>
         <run_address>0x9d1</run_address>
         <size>0x145</size>
         <input_file_ref idref="fl-24"/>
      </object_component>
      <object_component id="oc-58">
         <name>.debug_abbrev</name>
         <load_address>0xb16</load_address>
         <run_address>0xb16</run_address>
         <size>0x113</size>
         <input_file_ref idref="fl-25"/>
      </object_component>
      <object_component id="oc-5d">
         <name>.debug_abbrev</name>
         <load_address>0xc29</load_address>
         <run_address>0xc29</run_address>
         <size>0x15a</size>
         <input_file_ref idref="fl-26"/>
      </object_component>
      <object_component id="oc-63">
         <name>.debug_abbrev</name>
         <load_address>0xd83</load_address>
         <run_address>0xd83</run_address>
         <size>0xde</size>
         <input_file_ref idref="fl-27"/>
      </object_component>
      <object_component id="oc-68">
         <name>.debug_abbrev</name>
         <load_address>0xe61</load_address>
         <run_address>0xe61</run_address>
         <size>0x26</size>
         <input_file_ref idref="fl-28"/>
      </object_component>
      <object_component id="oc-6e">
         <name>.debug_abbrev</name>
         <load_address>0xe87</load_address>
         <run_address>0xe87</run_address>
         <size>0x9f</size>
         <input_file_ref idref="fl-29"/>
      </object_component>
      <object_component id="oc-74">
         <name>.debug_abbrev</name>
         <load_address>0xf26</load_address>
         <run_address>0xf26</run_address>
         <size>0x1f8</size>
         <input_file_ref idref="fl-2a"/>
      </object_component>
      <object_component id="oc-78">
         <name>.debug_abbrev</name>
         <load_address>0x111e</load_address>
         <run_address>0x111e</run_address>
         <size>0xec</size>
         <input_file_ref idref="fl-2b"/>
      </object_component>
      <object_component id="oc-7c">
         <name>.debug_abbrev</name>
         <load_address>0x120a</load_address>
         <run_address>0x120a</run_address>
         <size>0xd5</size>
         <input_file_ref idref="fl-2c"/>
      </object_component>
      <object_component id="oc-80">
         <name>.debug_abbrev</name>
         <load_address>0x12df</load_address>
         <run_address>0x12df</run_address>
         <size>0x44</size>
         <input_file_ref idref="fl-2d"/>
      </object_component>
      <object_component id="oc-84">
         <name>.debug_abbrev</name>
         <load_address>0x1323</load_address>
         <run_address>0x1323</run_address>
         <size>0xb7</size>
         <input_file_ref idref="fl-2e"/>
      </object_component>
      <object_component id="oc-86">
         <name>.debug_abbrev</name>
         <load_address>0x13da</load_address>
         <run_address>0x13da</run_address>
         <size>0x68</size>
         <input_file_ref idref="fl-2f"/>
      </object_component>
      <object_component id="oc-8a">
         <name>.debug_abbrev</name>
         <load_address>0x1442</load_address>
         <run_address>0x1442</run_address>
         <size>0x83</size>
         <input_file_ref idref="fl-30"/>
      </object_component>
      <object_component id="oc-8e">
         <name>.debug_abbrev</name>
         <load_address>0x14c5</load_address>
         <run_address>0x14c5</run_address>
         <size>0xb5</size>
         <input_file_ref idref="fl-31"/>
      </object_component>
      <object_component id="oc-92">
         <name>.debug_abbrev</name>
         <load_address>0x157a</load_address>
         <run_address>0x157a</run_address>
         <size>0x8f</size>
         <input_file_ref idref="fl-32"/>
      </object_component>
      <object_component id="oc-96">
         <name>.debug_abbrev</name>
         <load_address>0x1609</load_address>
         <run_address>0x1609</run_address>
         <size>0xb7</size>
         <input_file_ref idref="fl-33"/>
      </object_component>
      <object_component id="oc-9a">
         <name>.debug_abbrev</name>
         <load_address>0x16c0</load_address>
         <run_address>0x16c0</run_address>
         <size>0x103</size>
         <input_file_ref idref="fl-34"/>
      </object_component>
      <object_component id="oc-9f">
         <name>.debug_abbrev</name>
         <load_address>0x17c3</load_address>
         <run_address>0x17c3</run_address>
         <size>0x140</size>
         <input_file_ref idref="fl-35"/>
      </object_component>
      <object_component id="oc-a3">
         <name>.debug_abbrev</name>
         <load_address>0x1903</load_address>
         <run_address>0x1903</run_address>
         <size>0xd0</size>
         <input_file_ref idref="fl-36"/>
      </object_component>
      <object_component id="oc-a7">
         <name>.debug_abbrev</name>
         <load_address>0x19d3</load_address>
         <run_address>0x19d3</run_address>
         <size>0xb7</size>
         <input_file_ref idref="fl-37"/>
      </object_component>
      <object_component id="oc-ad">
         <name>.debug_abbrev</name>
         <load_address>0x1a8a</load_address>
         <run_address>0x1a8a</run_address>
         <size>0x225</size>
         <input_file_ref idref="fl-38"/>
      </object_component>
      <object_component id="oc-b1">
         <name>.debug_abbrev</name>
         <load_address>0x1caf</load_address>
         <run_address>0x1caf</run_address>
         <size>0xec</size>
         <input_file_ref idref="fl-39"/>
      </object_component>
      <object_component id="oc-b5">
         <name>.debug_abbrev</name>
         <load_address>0x1d9b</load_address>
         <run_address>0x1d9b</run_address>
         <size>0xb7</size>
         <input_file_ref idref="fl-3a"/>
      </object_component>
      <object_component id="oc-b9">
         <name>.debug_abbrev</name>
         <load_address>0x1e52</load_address>
         <run_address>0x1e52</run_address>
         <size>0x38</size>
         <input_file_ref idref="fl-3b"/>
      </object_component>
      <object_component id="oc-bd">
         <name>.debug_abbrev</name>
         <load_address>0x1e8a</load_address>
         <run_address>0x1e8a</run_address>
         <size>0xdc</size>
         <input_file_ref idref="fl-3c"/>
      </object_component>
      <object_component id="oc-c1">
         <name>.debug_abbrev</name>
         <load_address>0x1f66</load_address>
         <run_address>0x1f66</run_address>
         <size>0x81</size>
         <input_file_ref idref="fl-3d"/>
      </object_component>
      <object_component id="oc-c5">
         <name>.debug_abbrev</name>
         <load_address>0x1fe7</load_address>
         <run_address>0x1fe7</run_address>
         <size>0xa6</size>
         <input_file_ref idref="fl-3e"/>
      </object_component>
      <object_component id="oc-c9">
         <name>.debug_abbrev</name>
         <load_address>0x208d</load_address>
         <run_address>0x208d</run_address>
         <size>0xb5</size>
         <input_file_ref idref="fl-3f"/>
      </object_component>
      <object_component id="oc-cd">
         <name>.debug_abbrev</name>
         <load_address>0x2142</load_address>
         <run_address>0x2142</run_address>
         <size>0x8f</size>
         <input_file_ref idref="fl-40"/>
      </object_component>
      <object_component id="oc-d1">
         <name>.debug_abbrev</name>
         <load_address>0x21d1</load_address>
         <run_address>0x21d1</run_address>
         <size>0x38</size>
         <input_file_ref idref="fl-41"/>
      </object_component>
      <object_component id="oc-d5">
         <name>.debug_abbrev</name>
         <load_address>0x2209</load_address>
         <run_address>0x2209</run_address>
         <size>0xd1</size>
         <input_file_ref idref="fl-42"/>
      </object_component>
      <object_component id="oc-d9">
         <name>.debug_abbrev</name>
         <load_address>0x22da</load_address>
         <run_address>0x22da</run_address>
         <size>0xd4</size>
         <input_file_ref idref="fl-43"/>
      </object_component>
      <object_component id="oc-dd">
         <name>.debug_abbrev</name>
         <load_address>0x23ae</load_address>
         <run_address>0x23ae</run_address>
         <size>0xa6</size>
         <input_file_ref idref="fl-44"/>
      </object_component>
      <object_component id="oc-e1">
         <name>.debug_abbrev</name>
         <load_address>0x2454</load_address>
         <run_address>0x2454</run_address>
         <size>0x136</size>
         <input_file_ref idref="fl-45"/>
      </object_component>
      <object_component id="oc-e5">
         <name>.debug_abbrev</name>
         <load_address>0x258a</load_address>
         <run_address>0x258a</run_address>
         <size>0x81</size>
         <input_file_ref idref="fl-46"/>
      </object_component>
      <object_component id="oc-e9">
         <name>.debug_abbrev</name>
         <load_address>0x260b</load_address>
         <run_address>0x260b</run_address>
         <size>0xd1</size>
         <input_file_ref idref="fl-47"/>
      </object_component>
      <object_component id="oc-ed">
         <name>.debug_abbrev</name>
         <load_address>0x26dc</load_address>
         <run_address>0x26dc</run_address>
         <size>0x10b</size>
         <input_file_ref idref="fl-48"/>
      </object_component>
      <object_component id="oc-f3">
         <name>.debug_abbrev</name>
         <load_address>0x27e7</load_address>
         <run_address>0x27e7</run_address>
         <size>0x1a2</size>
         <input_file_ref idref="fl-49"/>
      </object_component>
      <object_component id="oc-f7">
         <name>.debug_abbrev</name>
         <load_address>0x2989</load_address>
         <run_address>0x2989</run_address>
         <size>0x118</size>
         <input_file_ref idref="fl-4a"/>
      </object_component>
      <object_component id="oc-fb">
         <name>.debug_abbrev</name>
         <load_address>0x2aa1</load_address>
         <run_address>0x2aa1</run_address>
         <size>0xbf</size>
         <input_file_ref idref="fl-4b"/>
      </object_component>
      <object_component id="oc-11d">
         <name>.debug_abbrev</name>
         <load_address>0x2b60</load_address>
         <run_address>0x2b60</run_address>
         <size>0xd</size>
      </object_component>
   </object_component_list>
   <logical_group_list>
      <logical_group id="lg-2">
         <name>vectors</name>
         <load_address>0x1500</load_address>
         <run_address>0x1500</run_address>
         <size>0x100</size>
         <contents>
            <object_component_ref idref="oc-65"/>
         </contents>
      </logical_group>
      <logical_group id="lg-3">
         <name>.cinit</name>
         <load_address>0x14594</load_address>
         <run_address>0x14594</run_address>
         <size>0x5c0</size>
         <contents>
            <object_component_ref idref="oc-1b"/>
            <object_component_ref idref="oc-ab"/>
            <object_component_ref idref="oc-89"/>
            <object_component_ref idref="oc-6c"/>
            <object_component_ref idref="oc-30"/>
            <object_component_ref idref="oc-f1"/>
            <object_component_ref idref="oc-4d"/>
         </contents>
      </logical_group>
      <logical_group id="lg-4">
         <name>.text</name>
         <load_address>0x10000</load_address>
         <run_address>0x10000</run_address>
         <size>0x4594</size>
         <contents>
            <object_component_ref idref="oc-6f"/>
            <object_component_ref idref="oc-a8"/>
            <object_component_ref idref="oc-59"/>
            <object_component_ref idref="oc-4a"/>
            <object_component_ref idref="oc-18"/>
            <object_component_ref idref="oc-29"/>
            <object_component_ref idref="oc-ee"/>
            <object_component_ref idref="oc-a4"/>
            <object_component_ref idref="oc-d6"/>
            <object_component_ref idref="oc-81"/>
            <object_component_ref idref="oc-9b"/>
            <object_component_ref idref="oc-ba"/>
            <object_component_ref idref="oc-ea"/>
            <object_component_ref idref="oc-d2"/>
            <object_component_ref idref="oc-de"/>
            <object_component_ref idref="oc-61"/>
            <object_component_ref idref="oc-97"/>
            <object_component_ref idref="oc-8b"/>
            <object_component_ref idref="oc-13"/>
            <object_component_ref idref="oc-ae"/>
            <object_component_ref idref="oc-f4"/>
            <object_component_ref idref="oc-e2"/>
            <object_component_ref idref="oc-42"/>
            <object_component_ref idref="oc-c6"/>
            <object_component_ref idref="oc-55"/>
            <object_component_ref idref="oc-93"/>
            <object_component_ref idref="oc-5e"/>
            <object_component_ref idref="oc-e6"/>
            <object_component_ref idref="oc-38"/>
            <object_component_ref idref="oc-79"/>
            <object_component_ref idref="oc-3d"/>
            <object_component_ref idref="oc-51"/>
            <object_component_ref idref="oc-7d"/>
            <object_component_ref idref="oc-75"/>
            <object_component_ref idref="oc-c2"/>
            <object_component_ref idref="oc-da"/>
            <object_component_ref idref="oc-b6"/>
            <object_component_ref idref="oc-2d"/>
            <object_component_ref idref="oc-12"/>
            <object_component_ref idref="oc-8f"/>
            <object_component_ref idref="oc-ce"/>
            <object_component_ref idref="oc-b2"/>
            <object_component_ref idref="oc-a0"/>
            <object_component_ref idref="oc-ca"/>
            <object_component_ref idref="oc-46"/>
            <object_component_ref idref="oc-69"/>
            <object_component_ref idref="oc-be"/>
            <object_component_ref idref="oc-34"/>
            <object_component_ref idref="oc-25"/>
            <object_component_ref idref="oc-f8"/>
            <object_component_ref idref="oc-31"/>
            <object_component_ref idref="oc-64"/>
         </contents>
      </logical_group>
      <logical_group id="lg-5">
         <name>isrs</name>
         <run_address>0x0</run_address>
         <size>0x0</size>
         <contents>
         </contents>
      </logical_group>
      <logical_group id="lg-6">
         <name>.stack</name>
         <run_address>0x100</run_address>
         <size>0x1000</size>
         <contents>
            <object_component_ref idref="oc-21"/>
            <object_component_ref idref="oc-118"/>
         </contents>
      </logical_group>
      <logical_group id="lg-7">
         <name>.sysstack</name>
         <run_address>0x1100</run_address>
         <size>0x400</size>
         <contents>
            <object_component_ref idref="oc-fc"/>
            <object_component_ref idref="oc-11a"/>
         </contents>
      </logical_group>
      <logical_group id="lg-8">
         <name>.sysmem</name>
         <run_address>0x4000</run_address>
         <size>0x1000</size>
         <contents>
            <object_component_ref idref="oc-4e"/>
            <object_component_ref idref="oc-119"/>
         </contents>
      </logical_group>
      <logical_group id="lg-9">
         <name>.data</name>
         <run_address>0x30000</run_address>
         <size>0x0</size>
         <contents>
         </contents>
      </logical_group>
      <logical_group id="lg-a">
         <name>.bss:saram</name>
         <run_address>0x0</run_address>
         <size>0x0</size>
         <contents>
         </contents>
      </logical_group>
      <logical_group id="lg-b">
         <name>.bss:saram2</name>
         <run_address>0x0</run_address>
         <size>0x0</size>
         <contents>
         </contents>
      </logical_group>
      <logical_group id="lg-c">
         <name>.bss</name>
         <run_address>0xc000</run_address>
         <size>0xa58</size>
         <contents>
[...]
      </symbol>
      <symbol id="sm-c">
         <name>___c_args__</name>
         <value>0xffffffff</value>
      </symbol>
      <symbol id="sm-d">
         <name>__SYSSTACK_SIZE</name>
         <value>0x400</value>
      </symbol>
      <symbol id="sm-e">
         <name>.text</name>
         <value>0x10000</value>
      </symbol>
      <symbol id="sm-f">
         <name>___text__</name>
         <value>0x10000</value>
      </symbol>
      <symbol id="sm-10">
         <name>etext</name>
         <value>0x14594</value>
      </symbol>
      <symbol id="sm-11">
         <name>___etext__</name>
         <value>0x14594</value>
      </symbol>
      <symbol id="sm-12">
         <name>.data</name>
         <value>0x30000</value>
      </symbol>
      <symbol id="sm-13">
         <name>___data__</name>
         <value>0x30000</value>
      </symbol>
      <symbol id="sm-14">
         <name>edata</name>
         <value>0x30000</value>
      </symbol>
      <symbol id="sm-15">
         <name>___edata__</name>
         <value>0x30000</value>
      </symbol>
      <symbol id="sm-16">
         <name>.bss</name>
         <value>0xc000</value>
      </symbol>
      <symbol id="sm-17">
         <name>___bss__</name>
         <value>0xc000</value>
      </symbol>
      <symbol id="sm-18">
         <name>end</name>
         <value>0xca58</value>
      </symbol>
      <symbol id="sm-19">
         <name>___end__</name>
         <value>0xca58</value>
      </symbol>
      <symbol id="sm-55">
         <name>_fxpAutoCorrelation</name>
         <value>0x13cbe</value>
         <object_component_ref idref="oc-13"/>
      </symbol>
      <symbol id="sm-9a">
         <name>_main</name>
         <value>0x12867</value>
         <object_component_ref idref="oc-18"/>
      </symbol>
      <symbol id="sm-9b">
         <name>_t_run_test</name>
         <value>0x12643</value>
         <object_component_ref idref="oc-18"/>
      </symbol>
      <symbol id="sm-9c">
         <name>_report_results</name>
         <value>0x124c4</value>
         <object_component_ref idref="oc-18"/>
      </symbol>
      <symbol id="sm-a8">
         <name>__sysstack</name>
         <value>0x1100</value>
         <object_component_ref idref="oc-fc"/>
      </symbol>
      <symbol id="sm-a9">
         <name>_c_int00</name>
         <value>0x1445c</value>
         <object_component_ref idref="oc-12"/>
      </symbol>
      <symbol id="sm-aa">
         <name>__stack</name>
         <value>0x100</value>
         <object_component_ref idref="oc-21"/>
      </symbol>
      <symbol id="sm-b4">
         <name>_clock</name>
         <value>0x14576</value>
         <object_component_ref idref="oc-25"/>
      </symbol>
      <symbol id="sm-c0">
         <name>__divd</name>
         <value>0x1289c</value>
         <object_component_ref idref="oc-29"/>
      </symbol>
      <symbol id="sm-d0">
         <name>C$$EXIT</name>
         <value>0x1458b</value>
         <object_component_ref idref="oc-31"/>
      </symbol>
      <symbol id="sm-d1">
         <name>_exit</name>
         <value>0x1441e</value>
         <object_component_ref idref="oc-2d"/>
      </symbol>
      <symbol id="sm-d2">
         <name>_abort</name>
         <value>0x1458a</value>
         <object_component_ref idref="oc-31"/>
      </symbol>
      <symbol id="sm-d3">
         <name>__cleanup_ptr</name>
         <value>0xca50</value>
         <object_component_ref idref="oc-2e"/>
      </symbol>
      <symbol id="sm-d4">
         <name>__dtors_ptr</name>
         <value>0xca54</value>
         <object_component_ref idref="oc-2e"/>
      </symbol>
      <symbol id="sm-de">
         <name>__fltid</name>
         <value>0x1456a</value>
         <object_component_ref idref="oc-34"/>
      </symbol>
      <symbol id="sm-ea">
         <name>__fltlid</name>
         <value>0x14146</value>
         <object_component_ref idref="oc-38"/>
      </symbol>
      <symbol id="sm-f6">
         <name>__fltuld</name>
         <value>0x14209</value>
         <object_component_ref idref="oc-3d"/>
      </symbol>
      <symbol id="sm-100">
         <name>__frcmpyd_div</name>
         <value>0x13eaa</value>
         <object_component_ref idref="oc-42"/>
      </symbol>
      <symbol id="sm-108">
         <name>__mpyli</name>
         <value>0x14535</value>
         <object_component_ref idref="oc-46"/>
      </symbol>
      <symbol id="sm-109">
         <name>I$$LMPY</name>
         <value>0x14535</value>
         <object_component_ref idref="oc-46"/>
      </symbol>
      <symbol id="sm-119">
         <name>__sys_memory</name>
         <value>0x4000</value>
         <object_component_ref idref="oc-4e"/>
      </symbol>
      <symbol id="sm-11a">
         <name>_chkheap</name>
         <value>0x12496</value>
         <object_component_ref idref="oc-4a"/>
      </symbol>
      <symbol id="sm-11b">
         <name>_realloc</name>
         <value>0x12235</value>
         <object_component_ref idref="oc-4a"/>
      </symbol>
      <symbol id="sm-11c">
         <name>_free_memory</name>
         <value>0x12440</value>
         <object_component_ref idref="oc-4a"/>
      </symbol>
      <symbol id="sm-11d">
         <name>_max_free</name>
         <value>0x123e6</value>
         <object_component_ref idref="oc-4a"/>
      </symbol>
      <symbol id="sm-11e">
         <name>_free</name>
         <value>0x1200f</value>
         <object_component_ref idref="oc-4a"/>
      </symbol>
      <symbol id="sm-11f">
         <name>_calloc</name>
         <value>0x1249e</value>
         <object_component_ref idref="oc-4a"/>
      </symbol>
      <symbol id="sm-120">
         <name>_malloc</name>
         <value>0x12140</value>
         <object_component_ref idref="oc-4a"/>
      </symbol>
      <symbol id="sm-121">
         <name>_minit</name>
         <value>0x120db</value>
         <object_component_ref idref="oc-4a"/>
      </symbol>
      <symbol id="sm-12b">
         <name>_printf</name>
         <value>0x14264</value>
         <object_component_ref idref="oc-51"/>
      </symbol>
      <symbol id="sm-135">
         <name>_sprintf</name>
         <value>0x13f8f</value>
         <object_component_ref idref="oc-55"/>
      </symbol>
      <symbol id="sm-141">
         <name>_HOSTopen</name>
         <value>0x11df2</value>
         <object_component_ref idref="oc-59"/>
      </symbol>
      <symbol id="sm-142">
         <name>_HOSTread</name>
         <value>0x11d65</value>
         <object_component_ref idref="oc-59"/>
      </symbol>
      <symbol id="sm-143">
         <name>_HOSTtime</name>
         <value>0x11c59</value>
         <object_component_ref idref="oc-59"/>
      </symbol>
      <symbol id="sm-144">
         <name>_getenv</name>
         <value>0x11ae7</value>
         <object_component_ref idref="oc-59"/>
      </symbol>
      <symbol id="sm-145">
         <name>_HOSTrename</name>
         <value>0x11cb7</value>
         <object_component_ref idref="oc-59"/>
      </symbol>
      <symbol id="sm-146">
         <name>_HOSTclock</name>
         <value>0x11fb1</value>
         <object_component_ref idref="oc-59"/>
      </symbol>
      <symbol id="sm-147">
         <name>_HOSTwrite</name>
         <value>0x11b62</value>
         <object_component_ref idref="oc-59"/>
      </symbol>
      <symbol id="sm-148">
         <name>_HOSTlseek</name>
         <value>0x11e91</value>
         <object_component_ref idref="oc-59"/>
      </symbol>
      <symbol id="sm-149">
         <name>_HOSTunlink</name>
         <value>0x11bef</value>
         <object_component_ref idref="oc-59"/>
      </symbol>
      <symbol id="sm-14a">
         <name>_HOSTclose</name>
         <value>0x11f46</value>
         <object_component_ref idref="oc-59"/>
      </symbol>
      <symbol id="sm-15c">
         <name>C$$IO$$</name>
         <value>0x13b72</value>
         <object_component_ref idref="oc-61"/>
      </symbol>
      <symbol id="sm-15d">
         <name>__CIOBUF_</name>
         <value>0x8000</value>
         <object_component_ref idref="oc-60"/>
      </symbol>
      <symbol id="sm-15e">
         <name>_readmsg</name>
         <value>0x1406e</value>
         <object_component_ref idref="oc-5e"/>
      </symbol>
      <symbol id="sm-15f">
         <name>_writemsg</name>
         <value>0x13abd</value>
         <object_component_ref idref="oc-61"/>
      </symbol>
      <symbol id="sm-169">
         <name>_Reset</name>
         <value>0x1500</value>
         <object_component_ref idref="oc-65"/>
      </symbol>
      <symbol id="sm-177">
         <name>__unlock</name>
         <value>0xca4c</value>
         <object_component_ref idref="oc-6a"/>
      </symbol>
      <symbol id="sm-178">
         <name>__lock</name>
         <value>0xca48</value>
         <object_component_ref idref="oc-6a"/>
      </symbol>
      <symbol id="sm-179">
         <name>__register_lock</name>
         <value>0x14550</value>
         <object_component_ref idref="oc-69"/>
      </symbol>
      <symbol id="sm-17a">
         <name>__nop</name>
         <value>0x14558</value>
         <object_component_ref idref="oc-69"/>
      </symbol>
      <symbol id="sm-17b">
         <name>__register_unlock</name>
         <value>0x14548</value>
         <object_component_ref idref="oc-69"/>
      </symbol>
      <symbol id="sm-18d">
         <name>__printfi</name>
         <value>0x11362</value>
         <object_component_ref idref="oc-6f"/>
      </symbol>
      <symbol id="sm-197">
         <name>__args_main</name>
         <value>0x14301</value>
         <object_component_ref idref="oc-75"/>
      </symbol>
      <symbol id="sm-198">
         <name>__TI_args_main</name>
         <value>0x1</value>
      </symbol>
      <symbol id="sm-1a2">
         <name>_atoi</name>
         <value>0x141ad</value>
         <object_component_ref idref="oc-79"/>
      </symbol>
      <symbol id="sm-1aa">
         <name>_auto_init</name>
         <value>0x142b4</value>
         <object_component_ref idref="oc-7d"/>
      </symbol>
      <symbol id="sm-1b4">
         <name>__eqld</name>
         <value>0x134fd</value>
         <object_component_ref idref="oc-81"/>
      </symbol>
      <symbol id="sm-1b5">
         <name>__cmpd</name>
         <value>0x13531</value>
         <object_component_ref idref="oc-81"/>
      </symbol>
      <symbol id="sm-1b6">
         <name>__neqd</name>
         <value>0x1339f</value>
         <object_component_ref idref="oc-81"/>
      </symbol>
      <symbol id="sm-1b7">
         <name>__gtrd</name>
         <value>0x13468</value>
         <object_component_ref idref="oc-81"/>
      </symbol>
      <symbol id="sm-1b8">
         <name>__geqd</name>
         <value>0x134b3</value>
         <object_component_ref idref="oc-81"/>
      </symbol>
      <symbol id="sm-1b9">
         <name>__leqd</name>
         <value>0x1341b</value>
         <object_component_ref idref="oc-81"/>
      </symbol>
      <symbol id="sm-1ba">
         <name>__lssd</name>
         <value>0x133d3</value>
         <object_component_ref idref="oc-81"/>
      </symbol>
      <symbol id="sm-1c2">
         <name>__ctypes_</name>
         <value>0x304ac</value>
         <object_component_ref idref="oc-fe"/>
      </symbol>
      <symbol id="sm-1cc">
         <name>__tmpnams</name>
         <value>0xc674</value>
         <object_component_ref idref="oc-87"/>
      </symbol>
      <symbol id="sm-1cd">
         <name>__ft_end</name>
         <value>0xc7b4</value>
         <object_component_ref idref="oc-87"/>
      </symbol>
      <symbol id="sm-1ce">
         <name>__ftable</name>
         <value>0xc584</value>
         <object_component_ref idref="oc-87"/>
      </symbol>
      <symbol id="sm-1d9">
         <name>__divul</name>
         <value>0x13c1d</value>
         <object_component_ref idref="oc-8b"/>
      </symbol>
      <symbol id="sm-1e3">
         <name>__fixdi</name>
         <value>0x14490</value>
         <object_component_ref idref="oc-8f"/>
      </symbol>
      <symbol id="sm-1ed">
         <name>__fixdli</name>
         <value>0x13fff</value>
         <object_component_ref idref="oc-93"/>
      </symbol>
      <symbol id="sm-1f7">
         <name>_putchar</name>
         <value>0x13c0e</value>
         <object_component_ref idref="oc-97"/>
      </symbol>
      <symbol id="sm-1f8">
         <name>_putc</name>
         <value>0x13b77</value>
         <object_component_ref idref="oc-97"/>
      </symbol>
      <symbol id="sm-1f9">
         <name>_fputc</name>
         <value>0x13b77</value>
         <object_component_ref idref="oc-97"/>
      </symbol>
      <symbol id="sm-207">
         <name>_puts</name>
         <value>0x136be</value>
         <object_component_ref idref="oc-9b"/>
      </symbol>
      <symbol id="sm-208">
         <name>_fputs</name>
         <value>0x13589</value>
         <object_component_ref idref="oc-9b"/>
      </symbol>
      <symbol id="sm-212">
         <name>___isinf</name>
         <value>0x14507</value>
         <object_component_ref idref="oc-a0"/>
      </symbol>
      <symbol id="sm-21c">
         <name>__divull</name>
         <value>0x1301c</value>
         <object_component_ref idref="oc-a4"/>
      </symbol>
      <symbol id="sm-21d">
         <name>__mpylli</name>
         <value>0x12f64</value>
         <object_component_ref idref="oc-a4"/>
      </symbol>
      <symbol id="sm-21e">
         <name>__remlli</name>
         <value>0x12f35</value>
         <object_component_ref idref="oc-a4"/>
      </symbol>
      <symbol id="sm-21f">
         <name>__divlli</name>
         <value>0x13110</value>
         <object_component_ref idref="oc-a4"/>
      </symbol>
      <symbol id="sm-220">
         <name>__remull</name>
         <value>0x12ee7</value>
         <object_component_ref idref="oc-a4"/>
      </symbol>
      <symbol id="sm-232">
         <name>_add_device</name>
         <value>0x119f7</value>
         <object_component_ref idref="oc-a8"/>
      </symbol>
      <symbol id="sm-233">
         <name>_rename</name>
         <value>0x11719</value>
         <object_component_ref idref="oc-a8"/>
      </symbol>
      <symbol id="sm-234">
         <name>_read</name>
         <value>0x117a8</value>
         <object_component_ref idref="oc-a8"/>
      </symbol>
      <symbol id="sm-235">
         <name>_unlink</name>
         <value>0x116e6</value>
         <object_component_ref idref="oc-a8"/>
      </symbol>
      <symbol id="sm-236">
         <name>_remove_device</name>
         <value>0x11772</value>
         <object_component_ref idref="oc-a8"/>
      </symbol>
      <symbol id="sm-237">
         <name>_open</name>
         <value>0x11856</value>
         <object_component_ref idref="oc-a8"/>
      </symbol>
      <symbol id="sm-238">
         <name>_find_registered_device</name>
         <value>0x1197b</value>
         <object_component_ref idref="oc-a8"/>
      </symbol>
      <symbol id="sm-239">
         <name>_lseek</name>
         <value>0x11915</value>
         <object_component_ref idref="oc-a8"/>
      </symbol>
      <symbol id="sm-23a">
         <name>_close</name>
         <value>0x11984</value>
         <object_component_ref idref="oc-a8"/>
      </symbol>
      <symbol id="sm-23b">
         <name>_write</name>
         <value>0x115a4</value>
         <object_component_ref idref="oc-a8"/>
      </symbol>
      <symbol id="sm-245">
         <name>_ltoa</name>
         <value>0x13d3c</value>
         <object_component_ref idref="oc-ae"/>
      </symbol>
      <symbol id="sm-250">
         <name>_memccpy</name>
         <value>0x144e4</value>
         <object_component_ref idref="oc-b2"/>
      </symbol>
      <symbol id="sm-258">
         <name>_memcpy</name>
         <value>0x143df</value>
         <object_component_ref idref="oc-b6"/>
      </symbol>
      <symbol id="sm-262">
         <name>__mpyd</name>
         <value>0x136ec</value>
         <object_component_ref idref="oc-ba"/>
      </symbol>
      <symbol id="sm-26c">
         <name>__negd</name>
         <value>0x1455a</value>
         <object_component_ref idref="oc-be"/>
      </symbol>
      <symbol id="sm-276">
         <name>__remli</name>
         <value>0x1434c</value>
         <object_component_ref idref="oc-c2"/>
      </symbol>
      <symbol id="sm-281">
         <name>__remul</name>
         <value>0x13f1d</value>
         <object_component_ref idref="oc-c6"/>
      </symbol>
      <symbol id="sm-28b">
         <name>__subd</name>
         <value>0x14521</value>
         <object_component_ref idref="oc-ca"/>
      </symbol>
      <symbol id="sm-293">
         <name>__remu</name>
         <value>0x144cf</value>
         <object_component_ref idref="oc-ce"/>
      </symbol>
      <symbol id="sm-294">
         <name>__divu</name>
         <value>0x144ba</value>
         <object_component_ref idref="oc-ce"/>
      </symbol>
      <symbol id="sm-295">
         <name>I$$UMOD</name>
         <value>0x144cf</value>
         <object_component_ref idref="oc-ce"/>
      </symbol>
      <symbol id="sm-296">
         <name>I$$UDIV</name>
         <value>0x144ba</value>
         <object_component_ref idref="oc-ce"/>
      </symbol>
      <symbol id="sm-2a0">
         <name>__rd_ok</name>
         <value>0x1399e</value>
         <object_component_ref idref="oc-d2"/>
      </symbol>
      <symbol id="sm-2a1">
         <name>__wrt_ok</name>
         <value>0x1391e</value>
         <object_component_ref idref="oc-d2"/>
      </symbol>
      <symbol id="sm-2ab">
         <name>__addd</name>
         <value>0x13145</value>
         <object_component_ref idref="oc-d6"/>
      </symbol>
      <symbol id="sm-2b5">
         <name>__divli</name>
         <value>0x14397</value>
         <object_component_ref idref="oc-da"/>
      </symbol>
      <symbol id="sm-2bf">
         <name>__doflush</name>
         <value>0x139fb</value>
         <object_component_ref idref="oc-de"/>
      </symbol>
      <symbol id="sm-2c0">
         <name>_fflush</name>
         <value>0x13a64</value>
         <object_component_ref idref="oc-de"/>
      </symbol>
      <symbol id="sm-2ca">
         <name>__frcmpyd</name>
         <value>0x13e34</value>
         <object_component_ref idref="oc-e2"/>
      </symbol>
      <symbol id="sm-2d4">
         <name>_fseek</name>
         <value>0x140db</value>
         <object_component_ref idref="oc-e6"/>
      </symbol>
      <symbol id="sm-2de">
         <name>_setvbuf</name>
         <value>0x13838</value>
         <object_component_ref idref="oc-ea"/>
      </symbol>
      <symbol id="sm-2ed">
         <name>__cleanup</name>
         <value>0x12d89</value>
         <object_component_ref idref="oc-ee"/>
      </symbol>
      <symbol id="sm-2ee">
         <name>_fopen</name>
         <value>0x12eac</value>
         <object_component_ref idref="oc-ee"/>
      </symbol>
      <symbol id="sm-2ef">
         <name>_freopen</name>
         <value>0x12de3</value>
         <object_component_ref idref="oc-ee"/>
      </symbol>
      <symbol id="sm-2f9">
         <name>_fclose</name>
         <value>0x13db9</value>
         <object_component_ref idref="oc-f4"/>
      </symbol>
      <symbol id="sm-303">
         <name>_remove</name>
         <value>0x14580</value>
         <object_component_ref idref="oc-f8"/>
      </symbol>
   </symbol_table>
</link_info>
