******************************************************************************
              TMS320C55x Linker PC v4.4.1                      
******************************************************************************
>> Linked Fri Jul 05 14:11:15 2013

OUTPUT FILE NAME:   <test_rel_c5510_C55L_COFF.out>
ENTRY POINT SYMBOL: "_c_int00"  address: 00027571


MEMORY CONFIGURATION

         name            origin    length      used     unused   attr    fill
                        (bytes)   (bytes)    (bytes)   (bytes)
----------------------  --------  ---------  --------  --------  ----  --------
  IMEM1                 00000100   0001ff00  0000d266  00012c9a  RWIX
  IMEM2                 00020000   00020000  0000769f  00018961  RWIX
  IMEM3                 00040000   00010000  00000100  0000ff00  RWIX
  EMEM1                 00050000   00030000  00000000  00030000  RWIX


SECTION ALLOCATION MAP
(Addresses surrounded by []'s are displayed for convenience only!)

output                                                          attributes/
section   page  orgn(bytes) orgn(words) len(bytes) len(words)   input sections
--------  ----  ----------- ----------- ---------- ----------   --------------
.const       0   [ 00000100 ]  00000080          *   00003128   
                 [ 00000100 ]  00000080          *   00000c80   sdk_c.a55L : sgntab.o55L (.const:_sgn_css_n_samples_16k)
                 [ 00001a00 ]  00000d00          *   00000c80              : sgntab.o55L (.const:_sgn_dtk_n_samples_16k)
                 [ 00003300 ]  00001980          *   000005d1              : sgntab.o55L (.const:_sgn_css_n_samples)
                 [ 00003ea2 ]  00001f51          *   000005d1              : sgntab.o55L (.const:_sgn_dtk_n_samples)
                 [ 00004a44 ]  00002522          *   0000048b              : sgntab.o55L (.const:_sgn_dtk_v_samples_16k)
                 [ 0000535a ]  000029ad          *   0000030a              : sgntab.o55L (.const:_sgn_css_v_samples_16k)
                 [ 0000596e ]  00002cb7          *   00000001   --HOLE-- [fill = 0]
                 [ 00005970 ]  00002cb8          *   00000246   cidsim.obj (.const:.string)
                 [ 00005dfc ]  00002efe          *   00000101   rts55x.lib : ctype.obj (.const:__ctypes_)
                 [ 00005ffe ]  00002fff          *   00000053   sdk_c.a55L : sgntab.o55L (.const:_sgn_dtk_v_samples)
                 [ 000060a4 ]  00003052          *   0000004a              : sgnum.o55L (.const:_sgnHNGainTable)
                 [ 00006138 ]  0000309c          *   00000049              : sgntab.o55L (.const:_sgn_css_v_samples)
                 [ 000061ca ]  000030e5          *   00000040   cid_c.a55L : cid.o55L (.const:_cidPowerLevel)
                 [ 0000624a ]  00003125          *   00000001   --HOLE-- [fill = 0]
                 [ 0000624c ]  00003126          *   0000002f   sdk_c.a55L : sgn.o55L (.const:.string)
                 [ 000062aa ]  00003155          *   00000001   --HOLE-- [fill = 0]
                 [ 000062ac ]  00003156          *   00000024   rts55x.lib : _printfi.obj (.const:.string)
                 [ 000062f4 ]  0000317a          *   0000000c              : _printfi.obj (.const)
                 [ 0000630c ]  00003186          *   00000008              : divd.obj (.const:_initial_approx$1)
                 [ 0000631c ]  0000318e          *   00000008   util_a.a55L : utilnum.o55L (.const)
                 [ 0000632c ]  00003196          *   00000006   util_c.a55L : wng.o55L (.const:_wngNoiseTable)
                 [ 00006338 ]  0000319c          *   00000004   cidsim.obj (.const)
                 [ 00006340 ]  000031a0          *   00000004   util_a.a55L : utildb2lin.o55L (.const)
                 [ 00006348 ]  000031a4          *   00000002   rts55x.lib : fputs.obj (.const:.string)
                 [ 0000634c ]  000031a6          *   00000002              : fltlid.obj (.const)

.data        0   [ 00000100 ]  00000080          *   00000000   UNINITIALIZED

.sysmem      0   [ 00006350 ]  000031a8          *   00002000   UNINITIALIZED
                 [ 00006350 ]  000031a8          *   00002000   --HOLE--

.stack       0   [ 0000a350 ]  000051a8          *   00000800   UNINITIALIZED
                 [ 0000a350 ]  000051a8          *   00000800   --HOLE--

.sysstack 
*            0   [ 0000b350 ]  000059a8          *   00000800   UNINITIALIZED
                 [ 0000b350 ]  000059a8          *   00000800   --HOLE--

.bss         0   [ 0000c350 ]  000061a8          *   000004fe   UNINITIALIZED
                 [ 0000c350 ]  000061a8          *   0000024f   cidsim.obj (.bss)
                 [ 0000c7ee ]  000063f7          *   00000001   rts55x.lib : fopen.obj (.bss)
                 [ 0000c7f0 ]  000063f8          *   00000119              : defs.obj (.bss)
                 [ 0000ca22 ]  00006511          *   000000d0              : trgdrv.obj (.bss)
                 [ 0000cbc2 ]  000065e1          *   00000001   --HOLE--
                 [ 0000cbc4 ]  000065e2          *   00000071              : lowlev.obj (.bss)
                 [ 0000cca6 ]  00006653          *   00000001   --HOLE--
                 [ 0000cca8 ]  00006654          *   0000002c   cid_c.a55L : cid.o55L (.bss)
                 [ 0000cd00 ]  00006680          *   00000018              : cidinit.o55L (.bss)
                 [ 0000cd30 ]  00006698          *   00000006   rts55x.lib : memory.obj (.bss)
                 [ 0000cd3c ]  0000669e          *   00000004              : _lock.obj (.bss)
                 [ 0000cd44 ]  000066a2          *   00000004              : exit.obj (.bss)

.cinit       0   [ 0000cd4c ]  000066a6          *   00000181   
                 [ 0000cd4c ]  000066a6          *   000000c3   cidsim.obj (.cinit)
                 [ 0000ced2 ]  00006769          *   0000002f   cid_c.a55L : cid.o55L (.cinit)
                 [ 0000cf30 ]  00006798          *   0000002d   rts55x.lib : lowlev.obj (.cinit)
                 [ 0000cf8a ]  000067c5          *   0000002a              : defs.obj (.cinit)
                 [ 0000cfde ]  000067ef          *   0000001b   cid_c.a55L : cidinit.o55L (.cinit)
                 [ 0000d014 ]  0000680a          *   0000000a   rts55x.lib : _lock.obj (.cinit)
                 [ 0000d028 ]  00006814          *   0000000a              : exit.obj (.cinit)
                 [ 0000d03c ]  0000681e          *   00000004              : fopen.obj (.cinit)
                 [ 0000d044 ]  00006822          *   00000004              : memory.obj (.cinit)
                 [ 0000d04c ]  00006826          *   00000001   --HOLE-- [fill = 0]

.cio         0   [ 0000d050 ]  00006828          *   00000120   UNINITIALIZED
                 [ 0000d050 ]  00006828          *   00000120   rts55x.lib : trgmsg.obj (.cio)

.switch      0   [ 0000d290 ]  00006948          *   0000006c   
                 [ 0000d290 ]  00006948          *   0000001e   cid_c.a55L : cid_ntt_gen.o55L (.switch:_cidGnrtFsmNtt)
                 [ 0000d2cc ]  00006966          *   0000001a              : cid_ntt_det.o55L (.switch:_cidDtctFsmNtt)
                 [ 0000d300 ]  00006980          *   00000014   sdk_c.a55L : sgn.o55L (.switch:_sgnControl)
                 [ 0000d328 ]  00006994          *   00000010   cid_c.a55L : cid_us_etsi_det.o55L (.switch:_cidDtctFsmUsEtsi)
                 [ 0000d348 ]  000069a4          *   00000010              : cid_us_etsi_gen.o55L (.switch:_cidGnrtFsmUsEtsi)

.text        0     00020000  [ 00010000 ] 0000769f          *   
                   00020000  [ 00010000 ] 000015a4          *   rts55x.lib : _printfi.obj (.text)
                   000215a4  [ 00010ad2 ] 00000d4c          *   sdk_c.a55L : sgn.o55L (.text)
                   000222f0  [ 00011178 ] 00000d32          *   cidsim.obj (.text)
                   00023022  [ 00011811 ] 00000543          *   rts55x.lib : lowlev.obj (.text)
                   00023565  [ 00011ab2+] 00000528          *              : trgdrv.obj (.text)
                   00023a8d  [ 00011d46+] 000004b5          *              : memory.obj (.text)
                   00023f42  [ 00011fa1 ] 000003d0          *   cid_c.a55L : cid_us_etsi_det.o55L (.text)
                   00024312  [ 00012189 ] 000003cc          *   rts55x.lib : divd.obj (.text)
                   000246de  [ 0001236f ] 000003b6          *   cid_c.a55L : ciddet.o55L (.text)
                   00024a94  [ 0001254a ] 00000377          *              : cidgen.o55L (.text)
                   00024e0b  [ 00012705+] 0000036b          *              : cid_ntt_det.o55L (.text)
                   00025176  [ 000128bb ] 000002b5          *              : cidinit.o55L (.text)
                   0002542b  [ 00012a15+] 0000027f          *   rts55x.lib : fopen.obj (.text)
                   000256aa  [ 00012b55 ] 0000025e          *              : llmpy.obj (.text)
                   00025908  [ 00012c84 ] 0000025a          *              : addd.obj (.text)
                   00025b62  [ 00012db1 ] 000001fd          *   cid_c.a55L : cid_ntt_gen.o55L (.text)
                   00025d5f  [ 00012eaf+] 000001ea          *   rts55x.lib : cmpd.obj (.text)
                   00025f49  [ 00012fa4+] 000001d2          *   cid_c.a55L : cid_us_etsi_gen.o55L (.text)
                   0002611b  [ 0001308d+] 000001b1          *              : cid.o55L (.text)
                   000262cc  [ 00013166 ] 0000019f          *              : cidtxrx.o55L (.text)
                   0002646b  [ 00013235+] 00000163          *   rts55x.lib : fputs.obj (.text)
                   000265ce  [ 000132e7 ] 0000014c          *              : mpyd.obj (.text)
                   0002671a  [ 0001338d ] 000000e6          *              : setvbuf.obj (.text)
                   00026800  [ 00013400 ] 000000dd          *              : _io_perm.obj (.text)
                   000268dd  [ 0001346e+] 000000cb          *   sdk_c.a55L : sgnum.o55L (.text)
                   000269a8  [ 000134d4 ] 000000c2          *   rts55x.lib : fflush.obj (.text)
                   00026a6a  [ 00013535 ] 000000ba          *              : trgmsg.obj (.text:CIO_breakpoint)
                   00026b24  [ 00013592 ] 000000a6          *              : fputc.obj (.text)
                   00026bca  [ 000135e5 ] 000000a3          *   cid_c.a55L : cidnum.o55L (.text)
                   00026c6d  [ 00013636+] 000000a1          *   rts55x.lib : divul.obj (.text)
                   00026d0e  [ 00013687 ] 00000096          *   util_a.a55L : utilnum.o55L (.text)
                   00026da4  [ 000136d2 ] 0000007d          *   rts55x.lib : ltoa.obj (.text)
                   00026e21  [ 00013710+] 0000007b          *              : fclose.obj (.text)
                   00026e9c  [ 0001374e ] 00000076          *              : frcmpyd.obj (.text)
                   00026f12  [ 00013789 ] 00000073          *              : frcmpyd_div.obj (.text)
                   00026f85  [ 000137c2+] 00000072          *              : remul.obj (.text)
                   00026ff7  [ 000137fb+] 0000006f          *              : fixdli.obj (.text)
                   00027066  [ 00013833 ] 0000006d          *              : trgmsg.obj (.text)
                   000270d3  [ 00013869+] 0000006b          *              : fseek.obj (.text)
                   0002713e  [ 0001389f ] 0000006a          *   util_c.a55L : wng.o55L (.text)
                   000271a8  [ 000138d4 ] 00000067          *   rts55x.lib : fltlid.obj (.text)
                   0002720f  [ 00013907+] 0000005c          *              : atoi.obj (.text)
                   0002726b  [ 00013935+] 00000050          *              : printf.obj (.text)
                   000272bb  [ 0001395d+] 0000004d          *              : autoinit.obj (.text)
                   00027308  [ 00013984 ] 0000004b          *              : args_main.obj (.text)
                   00027353  [ 000139a9+] 0000004b          *              : remli.obj (.text)
                   0002739e  [ 000139cf ] 0000004a          *              : fprintf.obj (.text)
                   000273e8  [ 000139f4 ] 00000048          *              : divli.obj (.text)
                   00027430  [ 00013a18 ] 00000048          *   util_a.a55L : wngnum.o55L (.text)
                   00027478  [ 00013a3c ] 00000041          *               : utildb2lin.o55L (.text)
                   000274b9  [ 00013a5c+] 0000003f          *   rts55x.lib : memcpy.obj (.text)
                   000274f8  [ 00013a7c ] 0000003e          *              : exit.obj (.text)
                   00027536  [ 00013a9b ] 0000003b          *   cid_c.a55L : cid_ntt_helper.o55L (.text)
                   00027571  [ 00013ab8+] 00000034          *   rts55x.lib : boot.obj (.text)
                   000275a5  [ 00013ad2+] 0000002a          *              : fixdi.obj (.text)
                   000275cf  [ 00013ae7+] 0000002a          *              : udiv.obj (.text)
                   000275f9  [ 00013afc+] 00000023          *              : memccpy.obj (.text)
                   0002761c  [ 00013b0e ] 0000001a          *              : isinf.obj (.text)
                   00027636  [ 00013b1b ] 00000014          *              : subd.obj (.text)
                   0002764a  [ 00013b25 ] 00000013          *              : lmpy.obj (.text)
                   0002765d  [ 00013b2e+] 00000012          *              : _lock.obj (.text)
                   0002766f  [ 00013b37+] 00000010          *              : negd.obj (.text)
                   0002767f  [ 00013b3f+] 0000000c          *              : fltid.obj (.text)
                   0002768b  [ 00013b45+] 0000000a          *              : remove.obj (.text)
                   00027695  [ 00013b4a+] 00000007          *              : exit.obj (.text:CIO_breakpoint)
                   0002769c  [ 00013b4e ] 00000002          *              : vectors.obj (.text)
                   0002769e  [ 00013b4f ] 00000001          *   --HOLE-- [fill = 20]

vectors      0     00040000  [ 00020000 ] 00000100          *   
                   00040000  [ 00020000 ] 00000100          *   rts55x.lib : vectors.obj (vectors)


GLOBAL SYMBOLS: SORTED ALPHABETICALLY BY Name 

abs. value/
byte addr   word addr   name
---------   ---------   ----
00000002                $TI_capability$C5500$CallingConvention
00000002                $TI_capability$C5500$MemoryModel
00000001                $TI_capability_requires_rev2
            000061a8    .bss
            00000080    .data
00020000                .text
00027696                C$$EXIT
00026b1f                C$$IO$$
0002764a                I$$LMPY
000275cf                I$$UDIV
000275e4                I$$UMOD
00023a2f                _HOSTclock
000239c4                _HOSTclose
0002390f                _HOSTlseek
00023870                _HOSTopen
000237e3                _HOSTread
00023735                _HOSTrename
000236d7                _HOSTtime
0002366d                _HOSTunlink
000235e0                _HOSTwrite
00040000                _Reset
0000b505                _WNG_COEF
            00006828    __CIOBUF_
            000059a8    __STACK_END
00001000                __STACK_SIZE
00004000                __SYSMEM_SIZE
00001000                __SYSSTACK_SIZE
00000001                __TI_args_main
ffffffff                ___binit__
            000061a8    ___bss__
ffffffff                ___c_args__
            000066a6    ___cinit__
            00000080    ___data__
            00000080    ___edata__
            000066a6    ___end__
0002769f                ___etext__
0002761c                ___isinf
ffffffff                ___pinit__
00020000                ___text__
00025908                __addd
00027308                __args_main
0002554c                __cleanup
            000066a2    __cleanup_ptr
00025ef1                __cmpd
            00002efe    __ctypes_
00024312                __divd
000273e8                __divli
000258d3                __divlli
000275cf                __divu
00026c6d                __divul
000257df                __divull
000269a8                __doflush
            000066a4    __dtors_ptr
00025ebd                __eqld
000275a5                __fixdi
00026ff7                __fixdli
0002767f                __fltid
000271a8                __fltlid
00026e9c                __frcmpyd
00026f12                __frcmpyd_div
            00006510    __ft_end
            000063f8    __ftable
00025e73                __geqd
00025e28                __gtrd
00025ddb                __leqd
            0000669e    __lock
00025d93                __lssd
000265ce                __mpyd
0002764a                __mpyli
00025727                __mpylli
0002766f                __negd
00025d5f                __neqd
0002766d                __nop
00021362                __printfi
00026880                __rd_ok
00027665                __register_lock
0002765d                __register_unlock
00027353                __remli
000256f8                __remlli
000275e4                __remu
00026f85                __remul
000256aa                __remull
            000051a8    __stack
00027636                __subd
            000031a8    __sys_memory
            000059a8    __sysstack
            00006470    __tmpnams
            000066a0    __unlock
00026800                __wrt_ok
00027695                _abort
00023475                _add_device
0002720f                _atoi
000272bb                _auto_init
            000063b9    _bellcore_message
00027571                _c_int00
00023f1c                _calloc
00023f14                _chkheap
00025319                _cidBind
            00006360    _cidBindConfig
            00006680    _cidBufs
000262b5                _cidClose
            00006654    _cidContext
000261e3                _cidControl
000252ae                _cidCreate
0002619b                _cidDelete
000249a0                _cidDemodCtrl
0002498e                _cidDetect
00024e0b                _cidDtctFsmNtt
00023f42                _cidDtctFsmUsEtsi
0002525c                _cidGetSizes
00025b62                _cidGnrtFsmNtt
00025f82                _cidGnrtFsmUsEtsi
00024c49                _cidModCtrl
00024b9c                _cidModulator
00025176                _cidNew
0002613c                _cidOpen
            000030e5    _cidPowerLevel
            0000634c    _cidProfile
0002640e                _cidReceiveIn
000263d9                _cidSendIn
0002755b                _cid_byte_reflect
000263c7                _cid_calc_even_parity
00026bca                _cid_demod_bp_flt
0002486c                _cid_demodulator
00024783                _cid_dtct_bitstrm
00024762                _cid_dtct_fsm
000246de                _cid_dtct_msgbyte
0002611b                _cid_exception
00024b7f                _cid_gnrt_fsm
00024ab6                _cid_gnrt_getword
00025f49                _cid_gnrt_msg_msb
00024a94                _cid_gnrt_msgbit
00027536                _cid_ntt_crc16
000262cc                _cid_report_out
00022624                _cidsim_profile_close
0002259c                _cidsim_profile_init
0002263a                _cidsim_profile_print
00023402                _close
            0000635e    _csmInst
000274f8                _exit
00026e21                _fclose
00026a11                _fflush
000233f9                _find_registered_device
            00006347    _flog
0002566f                _fopen
0002739e                _fprintf
00026b24                _fputc
0002646b                _fputs
            00006242    _frame_in
00023a8d                _free
00023ebe                _free_memory
000255a6                _freopen
000270d3                _fseek
00022558                _generate_rx_frame
00023565                _getenv
            000063ee    _glob_flg
            000063f2    _glob_messageCode
            000063f0    _glob_moduleID
            000063f3    _glob_msgData
            000063ef    _glob_msgLength
            000063f1    _glob_msgType
00023393                _lseek
00026da4                _ltoa
00022c41                _main
00023bbe                _malloc
00023e64                _max_free
000275f9                _memccpy
000274b9                _memcpy
00023b59                _minit
            00006348    _multi_msg
            00006345    _multi_msg_idx
            00006346    _multi_msg_len
            0000638c    _ntt_message
000232d4                _open
0002726b                _printf
00026b24                _putc
00026bbb                _putchar
000265a0                _puts
00023226                _read
00027066                _readmsg
00023cb3                _realloc
0002768b                _remove
000231f0                _remove_device
00023197                _rename
            00006344    _rptBuff
0002671a                _setvbuf
00022107                _sgnControl
00021a5d                _sgnGenerateFrame
00021a4e                _sgnGetSizes
            00003052    _sgnHNGainTable
00021704                _sgnInit
            0000634a    _sgnRxInst
000215a4                _sgn_css_gen_samples
            00001980    _sgn_css_n_samples
            00000080    _sgn_css_n_samples_16k
            0000309c    _sgn_css_v_samples
            000029ad    _sgn_css_v_samples_16k
            00001f51    _sgn_dtk_n_samples
            00000d00    _sgn_dtk_n_samples_16k
            00002fff    _sgn_dtk_v_samples
            00002522    _sgn_dtk_v_samples_16k
000268dd                _sgn_hoth_gen_samples
0002270e                _siuChSim
0002279f                _siuCidRptIn
000224ce                _siuDebugInfo
000224b3                _siuException
            0000622e    _siuInst
            00006200    _siuPcmInStream
            000061d4    _siuPcmOutStream
            000061a8    _siuRxInStream
            000063c6    _siuSetup
000229de                _siu_close_cid
            0000622d    _siu_dbg_id
            00006244    _siu_dbg_message
00022a01                _siu_delete_cid
00022850                _siu_new_cid
000229a1                _siu_open_cid
00022aa1                _siu_open_csm
00022ac1                _siu_open_rxsgn
00022549                _siu_rx_file
00022b7c                _siu_set_sgn
00023164                _unlink
00026d53                _utlLFractVecMax
00026d34                _utlLVecSum
00026d6d                _utlLsVecMax
00026d0e                _utlSin
00026d85                _utlVecSum
            0000318e    _utl_SinCTable
00027478                _utldB2LinPower
            0000622c    _v21_flags
00027430                _wngGenNoiseFrame
00027462                _wngGenNoiseSample
0002713e                _wngInit
            00003196    _wngNoiseTable
00023022                _write
00026a6a                _writemsg
ffffffff                binit
            000066a6    cinit
            00000080    edata
            000066a6    end
0002769f                etext
ffffffff                pinit


GLOBAL SYMBOLS: SORTED BY Symbol Address 

abs. value/
byte addr   word addr   name
---------   ---------   ----
00000001                $TI_capability_requires_rev2
00000001                __TI_args_main
00000002                $TI_capability$C5500$CallingConvention
00000002                $TI_capability$C5500$MemoryModel
            00000080    .data
            00000080    ___data__
            00000080    ___edata__
            00000080    _sgn_css_n_samples_16k
            00000080    edata
00001000                __STACK_SIZE
00001000                __SYSSTACK_SIZE
            00000d00    _sgn_dtk_n_samples_16k
            00001980    _sgn_css_n_samples
            00001f51    _sgn_dtk_n_samples
00004000                __SYSMEM_SIZE
            00002522    _sgn_dtk_v_samples_16k
            000029ad    _sgn_css_v_samples_16k
            00002efe    __ctypes_
            00002fff    _sgn_dtk_v_samples
            00003052    _sgnHNGainTable
            0000309c    _sgn_css_v_samples
            000030e5    _cidPowerLevel
            0000318e    _utl_SinCTable
            00003196    _wngNoiseTable
            000031a8    __sys_memory
            000051a8    __stack
            000059a8    __STACK_END
            000059a8    __sysstack
0000b505                _WNG_COEF
            000061a8    .bss
            000061a8    ___bss__
            000061a8    _siuRxInStream
            000061d4    _siuPcmOutStream
            00006200    _siuPcmInStream
            0000622c    _v21_flags
            0000622d    _siu_dbg_id
            0000622e    _siuInst
            00006242    _frame_in
            00006244    _siu_dbg_message
            00006344    _rptBuff
            00006345    _multi_msg_idx
            00006346    _multi_msg_len
            00006347    _flog
            00006348    _multi_msg
            0000634a    _sgnRxInst
            0000634c    _cidProfile
            0000635e    _csmInst
            00006360    _cidBindConfig
            0000638c    _ntt_message
            000063b9    _bellcore_message
            000063c6    _siuSetup
            000063ee    _glob_flg
            000063ef    _glob_msgLength
            000063f0    _glob_moduleID
            000063f1    _glob_msgType
            000063f2    _glob_messageCode
            000063f3    _glob_msgData
            000063f8    __ftable
            00006470    __tmpnams
            00006510    __ft_end
            00006654    _cidContext
            00006680    _cidBufs
            0000669e    __lock
            000066a0    __unlock
            000066a2    __cleanup_ptr
            000066a4    __dtors_ptr
            000066a6    ___cinit__
            000066a6    ___end__
            000066a6    cinit
            000066a6    end
            00006828    __CIOBUF_
00020000                .text
00020000                ___text__
00021362                __printfi
000215a4                _sgn_css_gen_samples
00021704                _sgnInit
00021a4e                _sgnGetSizes
00021a5d                _sgnGenerateFrame
00022107                _sgnControl
000224b3                _siuException
000224ce                _siuDebugInfo
00022549                _siu_rx_file
00022558                _generate_rx_frame
0002259c                _cidsim_profile_init
00022624                _cidsim_profile_close
0002263a                _cidsim_profile_print
0002270e                _siuChSim
0002279f                _siuCidRptIn
00022850                _siu_new_cid
000229a1                _siu_open_cid
000229de                _siu_close_cid
00022a01                _siu_delete_cid
00022aa1                _siu_open_csm
00022ac1                _siu_open_rxsgn
00022b7c                _siu_set_sgn
00022c41                _main
00023022                _write
00023164                _unlink
00023197                _rename
000231f0                _remove_device
00023226                _read
000232d4                _open
00023393                _lseek
000233f9                _find_registered_device
00023402                _close
00023475                _add_device
00023565                _getenv
000235e0                _HOSTwrite
0002366d                _HOSTunlink
000236d7                _HOSTtime
00023735                _HOSTrename
000237e3                _HOSTread
00023870                _HOSTopen
0002390f                _HOSTlseek
000239c4                _HOSTclose
00023a2f                _HOSTclock
00023a8d                _free
00023b59                _minit
00023bbe                _malloc
00023cb3                _realloc
00023e64                _max_free
00023ebe                _free_memory
00023f14                _chkheap
00023f1c                _calloc
00023f42                _cidDtctFsmUsEtsi
00024312                __divd
000246de                _cid_dtct_msgbyte
00024762                _cid_dtct_fsm
00024783                _cid_dtct_bitstrm
0002486c                _cid_demodulator
0002498e                _cidDetect
000249a0                _cidDemodCtrl
00024a94                _cid_gnrt_msgbit
00024ab6                _cid_gnrt_getword
00024b7f                _cid_gnrt_fsm
00024b9c                _cidModulator
00024c49                _cidModCtrl
00024e0b                _cidDtctFsmNtt
00025176                _cidNew
0002525c                _cidGetSizes
000252ae                _cidCreate
00025319                _cidBind
0002554c                __cleanup
000255a6                _freopen
0002566f                _fopen
000256aa                __remull
000256f8                __remlli
00025727                __mpylli
000257df                __divull
000258d3                __divlli
00025908                __addd
00025b62                _cidGnrtFsmNtt
00025d5f                __neqd
00025d93                __lssd
00025ddb                __leqd
00025e28                __gtrd
00025e73                __geqd
00025ebd                __eqld
00025ef1                __cmpd
00025f49                _cid_gnrt_msg_msb
00025f82                _cidGnrtFsmUsEtsi
0002611b                _cid_exception
0002613c                _cidOpen
0002619b                _cidDelete
000261e3                _cidControl
000262b5                _cidClose
000262cc                _cid_report_out
000263c7                _cid_calc_even_parity
000263d9                _cidSendIn
0002640e                _cidReceiveIn
0002646b                _fputs
000265a0                _puts
000265ce                __mpyd
0002671a                _setvbuf
00026800                __wrt_ok
00026880                __rd_ok
000268dd                _sgn_hoth_gen_samples
000269a8                __doflush
00026a11                _fflush
00026a6a                _writemsg
00026b1f                C$$IO$$
00026b24                _fputc
00026b24                _putc
00026bbb                _putchar
00026bca                _cid_demod_bp_flt
00026c6d                __divul
00026d0e                _utlSin
00026d34                _utlLVecSum
00026d53                _utlLFractVecMax
00026d6d                _utlLsVecMax
00026d85                _utlVecSum
00026da4                _ltoa
00026e21                _fclose
00026e9c                __frcmpyd
00026f12                __frcmpyd_div
00026f85                __remul
00026ff7                __fixdli
00027066                _readmsg
000270d3                _fseek
0002713e                _wngInit
000271a8                __fltlid
0002720f                _atoi
0002726b                _printf
000272bb                _auto_init
00027308                __args_main
00027353                __remli
0002739e                _fprintf
000273e8                __divli
00027430                _wngGenNoiseFrame
00027462                _wngGenNoiseSample
00027478                _utldB2LinPower
000274b9                _memcpy
000274f8                _exit
00027536                _cid_ntt_crc16
0002755b                _cid_byte_reflect
00027571                _c_int00
000275a5                __fixdi
000275cf                I$$UDIV
000275cf                __divu
000275e4                I$$UMOD
000275e4                __remu
000275f9                _memccpy
0002761c                ___isinf
00027636                __subd
0002764a                I$$LMPY
0002764a                __mpyli
0002765d                __register_unlock
00027665                __register_lock
0002766d                __nop
0002766f                __negd
0002767f                __fltid
0002768b                _remove
00027695                _abort
00027696                C$$EXIT
0002769f                ___etext__
0002769f                etext
00040000                _Reset
ffffffff                ___binit__
ffffffff                ___c_args__
ffffffff                ___pinit__
ffffffff                binit
ffffffff                pinit

[242 symbols]
