<?xml version="1.0"?>
<link_info>
   <banner>TMS320C55x Linker PC v4.4.1</banner>
   <copyright>Copyright (c) 1996-2012 Texas Instruments Incorporated</copyright>
   <link_time>0x65d3f433</link_time>
   <output_file>Intial_Fuzz.out</output_file>
   <entry_point>
      <name>_c_int00</name>
      <address>0x1403c</address>
   </entry_point>
   <input_file_list>
      <input_file id="fl-2">
         <path>.\</path>
         <kind>object</kind>
         <file>main.obj</file>
         <name>main.obj</name>
      </input_file>
      <input_file id="fl-19">
         <path>C:\ti\ccs1250\ccs\tools\compiler\c5500_4.4.1\lib\</path>
         <kind>archive</kind>
         <file>rts55x.lib</file>
         <name>boot.obj</name>
      </input_file>
      <input_file id="fl-1a">
         <path>C:\ti\ccs1250\ccs\tools\compiler\c5500_4.4.1\lib\</path>
         <kind>archive</kind>
         <file>rts55x.lib</file>
         <name>exit.obj</name>
      </input_file>
      <input_file id="fl-1b">
         <path>C:\ti\ccs1250\ccs\tools\compiler\c5500_4.4.1\lib\</path>
         <kind>archive</kind>
         <file>rts55x.lib</file>
         <name>idiv.obj</name>
      </input_file>
      <input_file id="fl-1c">
         <path>C:\ti\ccs1250\ccs\tools\compiler\c5500_4.4.1\lib\</path>
         <kind>archive</kind>
         <file>rts55x.lib</file>
         <name>printf.obj</name>
      </input_file>
      <input_file id="fl-1d">
         <path>C:\ti\ccs1250\ccs\tools\compiler\c5500_4.4.1\lib\</path>
         <kind>archive</kind>
         <file>rts55x.lib</file>
         <name>vectors.obj</name>
      </input_file>
      <input_file id="fl-1e">
         <path>C:\ti\ccs1250\ccs\tools\compiler\c5500_4.4.1\lib\</path>
         <kind>archive</kind>
         <file>rts55x.lib</file>
         <name>_lock.obj</name>
      </input_file>
      <input_file id="fl-1f">
         <path>C:\ti\ccs1250\ccs\tools\compiler\c5500_4.4.1\lib\</path>
         <kind>archive</kind>
         <file>rts55x.lib</file>
         <name>_printfi.obj</name>
      </input_file>
      <input_file id="fl-20">
         <path>C:\ti\ccs1250\ccs\tools\compiler\c5500_4.4.1\lib\</path>
         <kind>archive</kind>
         <file>rts55x.lib</file>
         <name>args_main.obj</name>
      </input_file>
      <input_file id="fl-21">
         <path>C:\ti\ccs1250\ccs\tools\compiler\c5500_4.4.1\lib\</path>
         <kind>archive</kind>
         <file>rts55x.lib</file>
         <name>atoi.obj</name>
      </input_file>
      <input_file id="fl-22">
         <path>C:\ti\ccs1250\ccs\tools\compiler\c5500_4.4.1\lib\</path>
         <kind>archive</kind>
         <file>rts55x.lib</file>
         <name>autoinit.obj</name>
      </input_file>
      <input_file id="fl-23">
         <path>C:\ti\ccs1250\ccs\tools\compiler\c5500_4.4.1\lib\</path>
         <kind>archive</kind>
         <file>rts55x.lib</file>
         <name>cmpd.obj</name>
      </input_file>
      <input_file id="fl-24">
         <path>C:\ti\ccs1250\ccs\tools\compiler\c5500_4.4.1\lib\</path>
         <kind>archive</kind>
         <file>rts55x.lib</file>
         <name>ctype.obj</name>
      </input_file>
      <input_file id="fl-25">
         <path>C:\ti\ccs1250\ccs\tools\compiler\c5500_4.4.1\lib\</path>
         <kind>archive</kind>
         <file>rts55x.lib</file>
         <name>defs.obj</name>
      </input_file>
      <input_file id="fl-26">
         <path>C:\ti\ccs1250\ccs\tools\compiler\c5500_4.4.1\lib\</path>
         <kind>archive</kind>
         <file>rts55x.lib</file>
         <name>divd.obj</name>
      </input_file>
      <input_file id="fl-27">
         <path>C:\ti\ccs1250\ccs\tools\compiler\c5500_4.4.1\lib\</path>
         <kind>archive</kind>
         <file>rts55x.lib</file>
         <name>divul.obj</name>
      </input_file>
      <input_file id="fl-28">
         <path>C:\ti\ccs1250\ccs\tools\compiler\c5500_4.4.1\lib\</path>
         <kind>archive</kind>
         <file>rts55x.lib</file>
         <name>fixdi.obj</name>
      </input_file>
      <input_file id="fl-29">
         <path>C:\ti\ccs1250\ccs\tools\compiler\c5500_4.4.1\lib\</path>
         <kind>archive</kind>
         <file>rts55x.lib</file>
         <name>fixdli.obj</name>
      </input_file>
      <input_file id="fl-2a">
         <path>C:\ti\ccs1250\ccs\tools\compiler\c5500_4.4.1\lib\</path>
         <kind>archive</kind>
         <file>rts55x.lib</file>
         <name>fltlid.obj</name>
      </input_file>
      <input_file id="fl-2b">
         <path>C:\ti\ccs1250\ccs\tools\compiler\c5500_4.4.1\lib\</path>
         <kind>archive</kind>
         <file>rts55x.lib</file>
         <name>fputc.obj</name>
      </input_file>
      <input_file id="fl-2c">
         <path>C:\ti\ccs1250\ccs\tools\compiler\c5500_4.4.1\lib\</path>
         <kind>archive</kind>
         <file>rts55x.lib</file>
         <name>fputs.obj</name>
      </input_file>
      <input_file id="fl-2d">
         <path>C:\ti\ccs1250\ccs\tools\compiler\c5500_4.4.1\lib\</path>
         <kind>archive</kind>
         <file>rts55x.lib</file>
         <name>frcmpyd_div.obj</name>
      </input_file>
      <input_file id="fl-2e">
         <path>C:\ti\ccs1250\ccs\tools\compiler\c5500_4.4.1\lib\</path>
         <kind>archive</kind>
         <file>rts55x.lib</file>
         <name>isinf.obj</name>
      </input_file>
      <input_file id="fl-2f">
         <path>C:\ti\ccs1250\ccs\tools\compiler\c5500_4.4.1\lib\</path>
         <kind>archive</kind>
         <file>rts55x.lib</file>
         <name>llmpy.obj</name>
      </input_file>
      <input_file id="fl-30">
         <path>C:\ti\ccs1250\ccs\tools\compiler\c5500_4.4.1\lib\</path>
         <kind>archive</kind>
         <file>rts55x.lib</file>
         <name>lmpy.obj</name>
      </input_file>
      <input_file id="fl-31">
         <path>C:\ti\ccs1250\ccs\tools\compiler\c5500_4.4.1\lib\</path>
         <kind>archive</kind>
         <file>rts55x.lib</file>
         <name>lowlev.obj</name>
      </input_file>
      <input_file id="fl-32">
         <path>C:\ti\ccs1250\ccs\tools\compiler\c5500_4.4.1\lib\</path>
         <kind>archive</kind>
         <file>rts55x.lib</file>
         <name>ltoa.obj</name>
      </input_file>
      <input_file id="fl-33">
         <path>C:\ti\ccs1250\ccs\tools\compiler\c5500_4.4.1\lib\</path>
         <kind>archive</kind>
         <file>rts55x.lib</file>
         <name>memccpy.obj</name>
      </input_file>
      <input_file id="fl-34">
         <path>C:\ti\ccs1250\ccs\tools\compiler\c5500_4.4.1\lib\</path>
         <kind>archive</kind>
         <file>rts55x.lib</file>
         <name>memcpy.obj</name>
      </input_file>
      <input_file id="fl-35">
         <path>C:\ti\ccs1250\ccs\tools\compiler\c5500_4.4.1\lib\</path>
         <kind>archive</kind>
         <file>rts55x.lib</file>
         <name>mpyd.obj</name>
      </input_file>
      <input_file id="fl-36">
         <path>C:\ti\ccs1250\ccs\tools\compiler\c5500_4.4.1\lib\</path>
         <kind>archive</kind>
         <file>rts55x.lib</file>
         <name>negd.obj</name>
      </input_file>
      <input_file id="fl-37">
         <path>C:\ti\ccs1250\ccs\tools\compiler\c5500_4.4.1\lib\</path>
         <kind>archive</kind>
         <file>rts55x.lib</file>
         <name>remli.obj</name>
      </input_file>
      <input_file id="fl-38">
         <path>C:\ti\ccs1250\ccs\tools\compiler\c5500_4.4.1\lib\</path>
         <kind>archive</kind>
         <file>rts55x.lib</file>
         <name>remul.obj</name>
      </input_file>
      <input_file id="fl-39">
         <path>C:\ti\ccs1250\ccs\tools\compiler\c5500_4.4.1\lib\</path>
         <kind>archive</kind>
         <file>rts55x.lib</file>
         <name>subd.obj</name>
      </input_file>
      <input_file id="fl-3a">
         <path>C:\ti\ccs1250\ccs\tools\compiler\c5500_4.4.1\lib\</path>
         <kind>archive</kind>
         <file>rts55x.lib</file>
         <name>trgdrv.obj</name>
      </input_file>
      <input_file id="fl-3b">
         <path>C:\ti\ccs1250\ccs\tools\compiler\c5500_4.4.1\lib\</path>
         <kind>archive</kind>
         <file>rts55x.lib</file>
         <name>trgmsg.obj</name>
      </input_file>
      <input_file id="fl-3c">
         <path>C:\ti\ccs1250\ccs\tools\compiler\c5500_4.4.1\lib\</path>
         <kind>archive</kind>
         <file>rts55x.lib</file>
         <name>udiv.obj</name>
      </input_file>
      <input_file id="fl-3d">
         <path>C:\ti\ccs1250\ccs\tools\compiler\c5500_4.4.1\lib\</path>
         <kind>archive</kind>
         <file>rts55x.lib</file>
         <name>_io_perm.obj</name>
      </input_file>
      <input_file id="fl-3e">
         <path>C:\ti\ccs1250\ccs\tools\compiler\c5500_4.4.1\lib\</path>
         <kind>archive</kind>
         <file>rts55x.lib</file>
         <name>addd.obj</name>
      </input_file>
      <input_file id="fl-3f">
         <path>C:\ti\ccs1250\ccs\tools\compiler\c5500_4.4.1\lib\</path>
         <kind>archive</kind>
         <file>rts55x.lib</file>
         <name>divli.obj</name>
      </input_file>
      <input_file id="fl-40">
         <path>C:\ti\ccs1250\ccs\tools\compiler\c5500_4.4.1\lib\</path>
         <kind>archive</kind>
         <file>rts55x.lib</file>
         <name>fflush.obj</name>
      </input_file>
      <input_file id="fl-41">
         <path>C:\ti\ccs1250\ccs\tools\compiler\c5500_4.4.1\lib\</path>
         <kind>archive</kind>
         <file>rts55x.lib</file>
         <name>frcmpyd.obj</name>
      </input_file>
      <input_file id="fl-42">
         <path>C:\ti\ccs1250\ccs\tools\compiler\c5500_4.4.1\lib\</path>
         <kind>archive</kind>
         <file>rts55x.lib</file>
         <name>fseek.obj</name>
      </input_file>
      <input_file id="fl-43">
         <path>C:\ti\ccs1250\ccs\tools\compiler\c5500_4.4.1\lib\</path>
         <kind>archive</kind>
         <file>rts55x.lib</file>
         <name>setvbuf.obj</name>
      </input_file>
      <input_file id="fl-44">
         <path>C:\ti\ccs1250\ccs\tools\compiler\c5500_4.4.1\lib\</path>
         <kind>archive</kind>
         <file>rts55x.lib</file>
         <name>fopen.obj</name>
      </input_file>
      <input_file id="fl-45">
         <path>C:\ti\ccs1250\ccs\tools\compiler\c5500_4.4.1\lib\</path>
         <kind>archive</kind>
         <file>rts55x.lib</file>
         <name>memory.obj</name>
      </input_file>
      <input_file id="fl-46">
         <path>C:\ti\ccs1250\ccs\tools\compiler\c5500_4.4.1\lib\</path>
         <kind>archive</kind>
         <file>rts55x.lib</file>
         <name>fclose.obj</name>
      </input_file>
      <input_file id="fl-47">
         <path>C:\ti\ccs1250\ccs\tools\compiler\c5500_4.4.1\lib\</path>
         <kind>archive</kind>
         <file>rts55x.lib</file>
         <name>remove.obj</name>
      </input_file>
   </input_file_list>
   <object_component_list>
      <object_component id="oc-27">
         <name>vectors</name>
         <load_address>0xffff00</load_address>
         <run_address>0xffff00</run_address>
         <size>0x100</size>
         <input_file_ref idref="fl-1d"/>
      </object_component>
      <object_component id="oc-7e">
         <name>.cinit</name>
         <load_address>0x9a0</load_address>
         <run_address>0x9a0</run_address>
         <size>0x5a</size>
         <input_file_ref idref="fl-31"/>
      </object_component>
      <object_component id="oc-4b">
         <name>.cinit</name>
         <load_address>0x9fa</load_address>
         <run_address>0x9fa</run_address>
         <size>0x54</size>
         <input_file_ref idref="fl-25"/>
      </object_component>
      <object_component id="oc-2e">
         <name>.cinit</name>
         <load_address>0xa4e</load_address>
         <run_address>0xa4e</run_address>
         <size>0x14</size>
         <input_file_ref idref="fl-1e"/>
      </object_component>
      <object_component id="oc-1a">
         <name>.cinit</name>
         <load_address>0xa62</load_address>
         <run_address>0xa62</run_address>
         <size>0x14</size>
         <input_file_ref idref="fl-1a"/>
      </object_component>
      <object_component id="oc-cf">
         <name>.cinit</name>
         <load_address>0xa76</load_address>
         <run_address>0xa76</run_address>
         <size>0x8</size>
         <input_file_ref idref="fl-44"/>
      </object_component>
      <object_component id="oc-d5">
         <name>.cinit</name>
         <load_address>0xa7e</load_address>
         <run_address>0xa7e</run_address>
         <size>0x8</size>
         <input_file_ref idref="fl-45"/>
      </object_component>
      <object_component id="oc-31">
         <name>.text</name>
         <load_address>0x10000</load_address>
         <run_address>0x10000</run_address>
         <size>0x15a4</size>
         <input_file_ref idref="fl-1f"/>
      </object_component>
      <object_component id="oc-7b">
         <name>.text</name>
         <load_address>0x115a4</load_address>
         <run_address>0x115a4</run_address>
         <size>0x543</size>
         <input_file_ref idref="fl-31"/>
      </object_component>
      <object_component id="oc-d2">
         <name>.text</name>
         <load_address>0x11ae7</load_address>
         <run_address>0x11ae7</run_address>
         <size>0x4b5</size>
         <input_file_ref idref="fl-45"/>
      </object_component>
      <object_component id="oc-3b">
         <name>.text</name>
         <load_address>0x11f9c</load_address>
         <run_address>0x11f9c</run_address>
         <size>0x5c</size>
         <input_file_ref idref="fl-21"/>
      </object_component>
      <object_component id="oc-1b">
         <name>.text:CIO_breakpoint</name>
         <load_address>0x11ff8</load_address>
         <run_address>0x11ff8</run_address>
         <size>0x7</size>
         <input_file_ref idref="fl-1a"/>
      </object_component>
      <object_component id="oc-a1">
         <name>.text</name>
         <load_address>0x12000</load_address>
         <run_address>0x12000</run_address>
         <size>0x528</size>
         <input_file_ref idref="fl-3a"/>
      </object_component>
      <object_component id="oc-4d">
         <name>.text</name>
         <load_address>0x12528</load_address>
         <run_address>0x12528</run_address>
         <size>0x3cc</size>
         <input_file_ref idref="fl-26"/>
      </object_component>
      <object_component id="oc-cc">
         <name>.text</name>
         <load_address>0x128f4</load_address>
         <run_address>0x128f4</run_address>
         <size>0x27f</size>
         <input_file_ref idref="fl-44"/>
      </object_component>
      <object_component id="oc-73">
         <name>.text</name>
         <load_address>0x12b73</load_address>
         <run_address>0x12b73</run_address>
         <size>0x25e</size>
         <input_file_ref idref="fl-2f"/>
      </object_component>
      <object_component id="oc-b4">
         <name>.text</name>
         <load_address>0x12dd1</load_address>
         <run_address>0x12dd1</run_address>
         <size>0x25a</size>
         <input_file_ref idref="fl-3e"/>
      </object_component>
      <object_component id="oc-43">
         <name>.text</name>
         <load_address>0x1302b</load_address>
         <run_address>0x1302b</run_address>
         <size>0x1ea</size>
         <input_file_ref idref="fl-23"/>
      </object_component>
      <object_component id="oc-66">
         <name>.text</name>
         <load_address>0x13215</load_address>
         <run_address>0x13215</run_address>
         <size>0x163</size>
         <input_file_ref idref="fl-2c"/>
      </object_component>
      <object_component id="oc-8d">
         <name>.text</name>
         <load_address>0x13378</load_address>
         <run_address>0x13378</run_address>
         <size>0x14c</size>
         <input_file_ref idref="fl-35"/>
      </object_component>
      <object_component id="oc-c8">
         <name>.text</name>
         <load_address>0x134c4</load_address>
         <run_address>0x134c4</run_address>
         <size>0xe6</size>
         <input_file_ref idref="fl-43"/>
      </object_component>
      <object_component id="oc-b0">
         <name>.text</name>
         <load_address>0x135aa</load_address>
         <run_address>0x135aa</run_address>
         <size>0xdd</size>
         <input_file_ref idref="fl-3d"/>
      </object_component>
      <object_component id="oc-bc">
         <name>.text</name>
         <load_address>0x13687</load_address>
         <run_address>0x13687</run_address>
         <size>0xc2</size>
         <input_file_ref idref="fl-40"/>
      </object_component>
      <object_component id="oc-a9">
         <name>.text:CIO_breakpoint</name>
         <load_address>0x13749</load_address>
         <run_address>0x13749</run_address>
         <size>0xba</size>
         <input_file_ref idref="fl-3b"/>
      </object_component>
      <object_component id="oc-62">
         <name>.text</name>
         <load_address>0x13803</load_address>
         <run_address>0x13803</run_address>
         <size>0xa6</size>
         <input_file_ref idref="fl-2b"/>
      </object_component>
      <object_component id="oc-d">
         <name>.text</name>
         <load_address>0x138a9</load_address>
         <run_address>0x138a9</run_address>
         <size>0xa5</size>
         <input_file_ref idref="fl-2"/>
      </object_component>
      <object_component id="oc-51">
         <name>.text</name>
         <load_address>0x1394e</load_address>
         <run_address>0x1394e</run_address>
         <size>0xa1</size>
         <input_file_ref idref="fl-27"/>
      </object_component>
      <object_component id="oc-81">
         <name>.text</name>
         <load_address>0x139ef</load_address>
         <run_address>0x139ef</run_address>
         <size>0x7d</size>
         <input_file_ref idref="fl-32"/>
      </object_component>
      <object_component id="oc-d9">
         <name>.text</name>
         <load_address>0x13a6c</load_address>
         <run_address>0x13a6c</run_address>
         <size>0x7b</size>
         <input_file_ref idref="fl-46"/>
      </object_component>
      <object_component id="oc-c0">
         <name>.text</name>
         <load_address>0x13ae7</load_address>
         <run_address>0x13ae7</run_address>
         <size>0x76</size>
         <input_file_ref idref="fl-41"/>
      </object_component>
      <object_component id="oc-6b">
         <name>.text</name>
         <load_address>0x13b5d</load_address>
         <run_address>0x13b5d</run_address>
         <size>0x73</size>
         <input_file_ref idref="fl-2d"/>
      </object_component>
      <object_component id="oc-99">
         <name>.text</name>
         <load_address>0x13bd0</load_address>
         <run_address>0x13bd0</run_address>
         <size>0x72</size>
         <input_file_ref idref="fl-38"/>
      </object_component>
      <object_component id="oc-59">
         <name>.text</name>
         <load_address>0x13c42</load_address>
         <run_address>0x13c42</run_address>
         <size>0x6f</size>
         <input_file_ref idref="fl-29"/>
      </object_component>
      <object_component id="oc-a6">
         <name>.text</name>
         <load_address>0x13cb1</load_address>
         <run_address>0x13cb1</run_address>
         <size>0x6d</size>
         <input_file_ref idref="fl-3b"/>
      </object_component>
      <object_component id="oc-c4">
         <name>.text</name>
         <load_address>0x13d1e</load_address>
         <run_address>0x13d1e</run_address>
         <size>0x6b</size>
         <input_file_ref idref="fl-42"/>
      </object_component>
      <object_component id="oc-5d">
         <name>.text</name>
         <load_address>0x13d89</load_address>
         <run_address>0x13d89</run_address>
         <size>0x67</size>
         <input_file_ref idref="fl-2a"/>
      </object_component>
      <object_component id="oc-22">
         <name>.text</name>
         <load_address>0x13df0</load_address>
         <run_address>0x13df0</run_address>
         <size>0x50</size>
         <input_file_ref idref="fl-1c"/>
      </object_component>
      <object_component id="oc-3f">
         <name>.text</name>
         <load_address>0x13e40</load_address>
         <run_address>0x13e40</run_address>
         <size>0x4d</size>
         <input_file_ref idref="fl-22"/>
      </object_component>
      <object_component id="oc-37">
         <name>.text</name>
         <load_address>0x13e8d</load_address>
         <run_address>0x13e8d</run_address>
         <size>0x4b</size>
         <input_file_ref idref="fl-20"/>
      </object_component>
      <object_component id="oc-95">
         <name>.text</name>
         <load_address>0x13ed8</load_address>
         <run_address>0x13ed8</run_address>
         <size>0x4b</size>
         <input_file_ref idref="fl-37"/>
      </object_component>
      <object_component id="oc-b8">
         <name>.text</name>
         <load_address>0x13f23</load_address>
         <run_address>0x13f23</run_address>
         <size>0x48</size>
         <input_file_ref idref="fl-3f"/>
      </object_component>
      <object_component id="oc-89">
         <name>.text</name>
         <load_address>0x13f6b</load_address>
         <run_address>0x13f6b</run_address>
         <size>0x3f</size>
         <input_file_ref idref="fl-34"/>
      </object_component>
      <object_component id="oc-17">
         <name>.text</name>
         <load_address>0x13faa</load_address>
         <run_address>0x13faa</run_address>
         <size>0x3e</size>
         <input_file_ref idref="fl-1a"/>
      </object_component>
      <object_component id="oc-9d">
         <name>.text</name>
         <load_address>0x13fe8</load_address>
         <run_address>0x13fe8</run_address>
         <size>0x14</size>
         <input_file_ref idref="fl-39"/>
      </object_component>
      <object_component id="oc-26">
         <name>.text</name>
         <load_address>0x13ffc</load_address>
         <run_address>0x13ffc</run_address>
         <size>0x2</size>
         <input_file_ref idref="fl-1d"/>
      </object_component>
      <object_component id="oc-1e">
         <name>.text</name>
         <load_address>0x14000</load_address>
         <run_address>0x14000</run_address>
         <size>0x3c</size>
         <input_file_ref idref="fl-1b"/>
      </object_component>
      <object_component id="oc-c">
         <name>.text</name>
         <load_address>0x1403c</load_address>
         <run_address>0x1403c</run_address>
         <size>0x34</size>
         <input_file_ref idref="fl-19"/>
      </object_component>
      <object_component id="oc-55">
         <name>.text</name>
         <load_address>0x14070</load_address>
         <run_address>0x14070</run_address>
         <size>0x2a</size>
         <input_file_ref idref="fl-28"/>
      </object_component>
      <object_component id="oc-ac">
         <name>.text</name>
         <load_address>0x1409a</load_address>
         <run_address>0x1409a</run_address>
         <size>0x2a</size>
         <input_file_ref idref="fl-3c"/>
      </object_component>
      <object_component id="oc-85">
         <name>.text</name>
         <load_address>0x140c4</load_address>
         <run_address>0x140c4</run_address>
         <size>0x23</size>
         <input_file_ref idref="fl-33"/>
      </object_component>
      <object_component id="oc-6f">
         <name>.text</name>
         <load_address>0x140e7</load_address>
         <run_address>0x140e7</run_address>
         <size>0x1a</size>
         <input_file_ref idref="fl-2e"/>
      </object_component>
      <object_component id="oc-77">
         <name>.text</name>
         <load_address>0x14101</load_address>
         <run_address>0x14101</run_address>
         <size>0x13</size>
         <input_file_ref idref="fl-30"/>
      </object_component>
      <object_component id="oc-2b">
         <name>.text</name>
         <load_address>0x14114</load_address>
         <run_address>0x14114</run_address>
         <size>0x12</size>
         <input_file_ref idref="fl-1e"/>
      </object_component>
      <object_component id="oc-91">
         <name>.text</name>
         <load_address>0x14126</load_address>
         <run_address>0x14126</run_address>
         <size>0x10</size>
         <input_file_ref idref="fl-36"/>
      </object_component>
      <object_component id="oc-dd">
         <name>.text</name>
         <load_address>0x14136</load_address>
         <run_address>0x14136</run_address>
         <size>0xa</size>
         <input_file_ref idref="fl-47"/>
      </object_component>
      <object_component id="oc-13">
         <name>.stack</name>
         <uninitialized>true</uninitialized>
         <run_address>0x5a0</run_address>
         <size>0x0</size>
         <input_file_ref idref="fl-19"/>
      </object_component>
      <object_component id="oc-f7">
         <name>.stack</name>
         <uninitialized>true</uninitialized>
         <run_address>0x5a0</run_address>
         <size>0x0</size>
      </object_component>
      <object_component id="oc-e1">
         <name>.sysstack</name>
         <uninitialized>true</uninitialized>
         <run_address>0x7a0</run_address>
         <size>0x0</size>
         <input_file_ref idref="fl-19"/>
      </object_component>
      <object_component id="oc-f9">
         <name>.sysstack</name>
         <uninitialized>true</uninitialized>
         <run_address>0x7a0</run_address>
         <size>0x0</size>
      </object_component>
      <object_component id="oc-d6">
         <name>.sysmem</name>
         <uninitialized>true</uninitialized>
         <run_address>0x8000</run_address>
         <size>0x0</size>
         <input_file_ref idref="fl-45"/>
      </object_component>
      <object_component id="oc-f8">
         <name>.sysmem</name>
         <uninitialized>true</uninitialized>
         <run_address>0x8000</run_address>
         <size>0x0</size>
      </object_component>
      <object_component id="oc-a8">
         <name>.cio</name>
         <uninitialized>true</uninitialized>
         <run_address>0x360</run_address>
         <size>0x240</size>
         <input_file_ref idref="fl-3b"/>
      </object_component>
      <object_component id="oc-18">
         <name>.bss</name>
         <uninitialized>true</uninitialized>
         <run_address>0xa4cc</run_address>
         <size>0x8</size>
         <input_file_ref idref="fl-1a"/>
      </object_component>
      <object_component id="oc-2c">
         <name>.bss</name>
         <uninitialized>true</uninitialized>
         <run_address>0xa4c4</run_address>
         <size>0x8</size>
         <input_file_ref idref="fl-1e"/>
      </object_component>
      <object_component id="oc-49">
         <name>.bss</name>
         <uninitialized>true</uninitialized>
         <run_address>0xa000</run_address>
         <size>0x232</size>
         <input_file_ref idref="fl-25"/>
      </object_component>
      <object_component id="oc-7c">
         <name>.bss</name>
         <uninitialized>true</uninitialized>
         <run_address>0xa3d4</run_address>
         <size>0xe2</size>
         <input_file_ref idref="fl-31"/>
      </object_component>
      <object_component id="oc-a2">
         <name>.bss</name>
         <uninitialized>true</uninitialized>
         <run_address>0xa232</run_address>
         <size>0x1a0</size>
         <input_file_ref idref="fl-3a"/>
      </object_component>
      <object_component id="oc-cd">
         <name>.bss</name>
         <uninitialized>true</uninitialized>
         <run_address>0xa3d2</run_address>
         <size>0x2</size>
         <input_file_ref idref="fl-44"/>
      </object_component>
      <object_component id="oc-d3">
         <name>.bss</name>
         <uninitialized>true</uninitialized>
         <run_address>0xa4b8</run_address>
         <size>0xc</size>
         <input_file_ref idref="fl-45"/>
      </object_component>
      <object_component id="oc-e2">
         <name>.const:__ctypes_</name>
         <load_address>0xc0</load_address>
         <run_address>0xc0</run_address>
         <size>0x202</size>
         <input_file_ref idref="fl-24"/>
      </object_component>
      <object_component id="oc-34">
         <name>.const:.string</name>
         <load_address>0x2c4</load_address>
         <run_address>0x2c4</run_address>
         <size>0x48</size>
         <input_file_ref idref="fl-1f"/>
      </object_component>
      <object_component id="oc-f">
         <name>.const:.string</name>
         <load_address>0x30c</load_address>
         <run_address>0x30c</run_address>
         <size>0x20</size>
         <input_file_ref idref="fl-2"/>
      </object_component>
      <object_component id="oc-33">
         <name>.const</name>
         <load_address>0x32c</load_address>
         <run_address>0x32c</run_address>
         <size>0x18</size>
         <input_file_ref idref="fl-1f"/>
      </object_component>
      <object_component id="oc-e3">
         <name>.const:_initial_approx$1</name>
         <load_address>0x344</load_address>
         <run_address>0x344</run_address>
         <size>0x10</size>
         <input_file_ref idref="fl-26"/>
      </object_component>
      <object_component id="oc-68">
         <name>.const:.string</name>
         <load_address>0x354</load_address>
         <run_address>0x354</run_address>
         <size>0x4</size>
         <input_file_ref idref="fl-2c"/>
      </object_component>
      <object_component id="oc-5f">
         <name>.const</name>
         <load_address>0x358</load_address>
         <run_address>0x358</run_address>
         <size>0x4</size>
         <input_file_ref idref="fl-2a"/>
      </object_component>
      <object_component id="oc-e">
         <name>.debug_info</name>
         <load_address>0x0</load_address>
         <run_address>0x0</run_address>
         <size>0x5ab</size>
         <input_file_ref idref="fl-2"/>
      </object_component>
      <object_component id="oc-14">
         <name>.debug_info</name>
         <load_address>0x5ab</load_address>
         <run_address>0x5ab</run_address>
         <size>0xe8</size>
         <input_file_ref idref="fl-19"/>
      </object_component>
      <object_component id="oc-19">
         <name>.debug_info</name>
         <load_address>0x693</load_address>
         <run_address>0x693</run_address>
         <size>0x5fb</size>
         <input_file_ref idref="fl-1a"/>
      </object_component>
      <object_component id="oc-1f">
         <name>.debug_info</name>
         <load_address>0xc8e</load_address>
         <run_address>0xc8e</run_address>
         <size>0xeb</size>
         <input_file_ref idref="fl-1b"/>
      </object_component>
      <object_component id="oc-23">
         <name>.debug_info</name>
         <load_address>0xd79</load_address>
         <run_address>0xd79</run_address>
         <size>0x76c</size>
         <input_file_ref idref="fl-1c"/>
      </object_component>
      <object_component id="oc-28">
         <name>.debug_info</name>
         <load_address>0x14e5</load_address>
         <run_address>0x14e5</run_address>
         <size>0xbc</size>
         <input_file_ref idref="fl-1d"/>
      </object_component>
      <object_component id="oc-2d">
         <name>.debug_info</name>
         <load_address>0x15a1</load_address>
         <run_address>0x15a1</run_address>
         <size>0x5bc</size>
         <input_file_ref idref="fl-1e"/>
      </object_component>
      <object_component id="oc-32">
         <name>.debug_info</name>
         <load_address>0x1b5d</load_address>
         <run_address>0x1b5d</run_address>
         <size>0x27bd</size>
         <input_file_ref idref="fl-1f"/>
      </object_component>
      <object_component id="oc-38">
         <name>.debug_info</name>
         <load_address>0x431a</load_address>
         <run_address>0x431a</run_address>
         <size>0x586</size>
         <input_file_ref idref="fl-20"/>
      </object_component>
      <object_component id="oc-3c">
         <name>.debug_info</name>
         <load_address>0x48a0</load_address>
         <run_address>0x48a0</run_address>
         <size>0x5a4</size>
         <input_file_ref idref="fl-21"/>
      </object_component>
      <object_component id="oc-40">
         <name>.debug_info</name>
         <load_address>0x4e44</load_address>
         <run_address>0x4e44</run_address>
         <size>0xcd</size>
         <input_file_ref idref="fl-22"/>
      </object_component>
      <object_component id="oc-44">
         <name>.debug_info</name>
         <load_address>0x4f11</load_address>
         <run_address>0x4f11</run_address>
         <size>0x81f</size>
         <input_file_ref idref="fl-23"/>
      </object_component>
      <object_component id="oc-47">
         <name>.debug_info</name>
         <load_address>0x5730</load_address>
         <run_address>0x5730</run_address>
         <size>0x498</size>
         <input_file_ref idref="fl-24"/>
      </object_component>
      <object_component id="oc-4a">
         <name>.debug_info</name>
         <load_address>0x5bc8</load_address>
         <run_address>0x5bc8</run_address>
         <size>0x57e</size>
         <input_file_ref idref="fl-25"/>
      </object_component>
      <object_component id="oc-4e">
         <name>.debug_info</name>
         <load_address>0x6146</load_address>
         <run_address>0x6146</run_address>
         <size>0x7e8</size>
         <input_file_ref idref="fl-26"/>
      </object_component>
      <object_component id="oc-52">
         <name>.debug_info</name>
         <load_address>0x692e</load_address>
         <run_address>0x692e</run_address>
         <size>0x534</size>
         <input_file_ref idref="fl-27"/>
      </object_component>
      <object_component id="oc-56">
         <name>.debug_info</name>
         <load_address>0x6e62</load_address>
         <run_address>0x6e62</run_address>
         <size>0x4cf</size>
         <input_file_ref idref="fl-28"/>
      </object_component>
      <object_component id="oc-5a">
         <name>.debug_info</name>
         <load_address>0x7331</load_address>
         <run_address>0x7331</run_address>
         <size>0x534</size>
         <input_file_ref idref="fl-29"/>
      </object_component>
      <object_component id="oc-5e">
         <name>.debug_info</name>
         <load_address>0x7865</load_address>
         <run_address>0x7865</run_address>
         <size>0x549</size>
         <input_file_ref idref="fl-2a"/>
      </object_component>
      <object_component id="oc-63">
         <name>.debug_info</name>
         <load_address>0x7dae</load_address>
         <run_address>0x7dae</run_address>
         <size>0x6aa</size>
         <input_file_ref idref="fl-2b"/>
      </object_component>
      <object_component id="oc-67">
         <name>.debug_info</name>
         <load_address>0x8458</load_address>
         <run_address>0x8458</run_address>
         <size>0x942</size>
         <input_file_ref idref="fl-2c"/>
      </object_component>
      <object_component id="oc-6c">
         <name>.debug_info</name>
         <load_address>0x8d9a</load_address>
         <run_address>0x8d9a</run_address>
         <size>0x53e</size>
         <input_file_ref idref="fl-2d"/>
      </object_component>
      <object_component id="oc-70">
         <name>.debug_info</name>
         <load_address>0x92d8</load_address>
         <run_address>0x92d8</run_address>
         <size>0x680</size>
         <input_file_ref idref="fl-2e"/>
      </object_component>
      <object_component id="oc-74">
         <name>.debug_info</name>
         <load_address>0x9958</load_address>
         <run_address>0x9958</run_address>
         <size>0x7d4</size>
         <input_file_ref idref="fl-2f"/>
      </object_component>
      <object_component id="oc-78">
         <name>.debug_info</name>
         <load_address>0xa12c</load_address>
         <run_address>0xa12c</run_address>
         <size>0xbd</size>
         <input_file_ref idref="fl-30"/>
      </object_component>
      <object_component id="oc-7d">
         <name>.debug_info</name>
         <load_address>0xa1e9</load_address>
         <run_address>0xa1e9</run_address>
         <size>0x144b</size>
         <input_file_ref idref="fl-31"/>
      </object_component>
      <object_component id="oc-82">
         <name>.debug_info</name>
         <load_address>0xb634</load_address>
         <run_address>0xb634</run_address>
         <size>0x5ad</size>
         <input_file_ref idref="fl-32"/>
      </object_component>
      <object_component id="oc-86">
         <name>.debug_info</name>
         <load_address>0xbbe1</load_address>
         <run_address>0xbbe1</run_address>
         <size>0x574</size>
         <input_file_ref idref="fl-33"/>
      </object_component>
      <object_component id="oc-8a">
         <name>.debug_info</name>
         <load_address>0xc155</load_address>
         <run_address>0xc155</run_address>
         <size>0xd1</size>
         <input_file_ref idref="fl-34"/>
      </object_component>
      <object_component id="oc-8e">
         <name>.debug_info</name>
         <load_address>0xc226</load_address>
         <run_address>0xc226</run_address>
         <size>0x55b</size>
         <input_file_ref idref="fl-35"/>
      </object_component>
      <object_component id="oc-92">
         <name>.debug_info</name>
         <load_address>0xc781</load_address>
         <run_address>0xc781</run_address>
         <size>0x4b7</size>
         <input_file_ref idref="fl-36"/>
      </object_component>
      <object_component id="oc-96">
         <name>.debug_info</name>
         <load_address>0xcc38</load_address>
         <run_address>0xcc38</run_address>
         <size>0x4f2</size>
         <input_file_ref idref="fl-37"/>
      </object_component>
      <object_component id="oc-9a">
         <name>.debug_info</name>
         <load_address>0xd12a</load_address>
         <run_address>0xd12a</run_address>
         <size>0x534</size>
         <input_file_ref idref="fl-38"/>
      </object_component>
      <object_component id="oc-9e">
         <name>.debug_info</name>
         <load_address>0xd65e</load_address>
         <run_address>0xd65e</run_address>
         <size>0x4de</size>
         <input_file_ref idref="fl-39"/>
      </object_component>
      <object_component id="oc-a3">
         <name>.debug_info</name>
         <load_address>0xdb3c</load_address>
         <run_address>0xdb3c</run_address>
         <size>0xed4</size>
         <input_file_ref idref="fl-3a"/>
      </object_component>
      <object_component id="oc-a7">
         <name>.debug_info</name>
         <load_address>0xea10</load_address>
         <run_address>0xea10</run_address>
         <size>0x744</size>
         <input_file_ref idref="fl-3b"/>
      </object_component>
      <object_component id="oc-ad">
         <name>.debug_info</name>
         <load_address>0xf154</load_address>
         <run_address>0xf154</run_address>
         <size>0xef</size>
         <input_file_ref idref="fl-3c"/>
      </object_component>
      <object_component id="oc-b1">
         <name>.debug_info</name>
         <load_address>0xf243</load_address>
         <run_address>0xf243</run_address>
         <size>0x662</size>
         <input_file_ref idref="fl-3d"/>
      </object_component>
      <object_component id="oc-b5">
         <name>.debug_info</name>
         <load_address>0xf8a5</load_address>
         <run_address>0xf8a5</run_address>
         <size>0x5ab</size>
         <input_file_ref idref="fl-3e"/>
      </object_component>
      <object_component id="oc-b9">
         <name>.debug_info</name>
         <load_address>0xfe50</load_address>
         <run_address>0xfe50</run_address>
         <size>0x4f2</size>
         <input_file_ref idref="fl-3f"/>
      </object_component>
      <object_component id="oc-bd">
         <name>.debug_info</name>
         <load_address>0x10342</load_address>
         <run_address>0x10342</run_address>
         <size>0x706</size>
         <input_file_ref idref="fl-40"/>
      </object_component>
      <object_component id="oc-c1">
         <name>.debug_info</name>
         <load_address>0x10a48</load_address>
         <run_address>0x10a48</run_address>
         <size>0x4d2</size>
         <input_file_ref idref="fl-41"/>
      </object_component>
      <object_component id="oc-c5">
         <name>.debug_info</name>
         <load_address>0x10f1a</load_address>
         <run_address>0x10f1a</run_address>
         <size>0x5f7</size>
         <input_file_ref idref="fl-42"/>
      </object_component>
      <object_component id="oc-c9">
         <name>.debug_info</name>
         <load_address>0x11511</load_address>
         <run_address>0x11511</run_address>
         <size>0x64a</size>
         <input_file_ref idref="fl-43"/>
      </object_component>
      <object_component id="oc-ce">
         <name>.debug_info</name>
         <load_address>0x11b5b</load_address>
         <run_address>0x11b5b</run_address>
         <size>0xa1c</size>
         <input_file_ref idref="fl-44"/>
      </object_component>
      <object_component id="oc-d4">
         <name>.debug_info</name>
         <load_address>0x12577</load_address>
         <run_address>0x12577</run_address>
         <size>0xb97</size>
         <input_file_ref idref="fl-45"/>
      </object_component>
      <object_component id="oc-da">
         <name>.debug_info</name>
         <load_address>0x1310e</load_address>
         <run_address>0x1310e</run_address>
         <size>0x64f</size>
         <input_file_ref idref="fl-46"/>
      </object_component>
      <object_component id="oc-de">
         <name>.debug_info</name>
         <load_address>0x1375d</load_address>
         <run_address>0x1375d</run_address>
         <size>0x510</size>
         <input_file_ref idref="fl-47"/>
      </object_component>
      <object_component id="oc-100">
         <name>.debug_info</name>
         <load_address>0x13c6d</load_address>
         <run_address>0x13c6d</run_address>
         <size>0x6e</size>
      </object_component>
      <object_component id="oc-10">
         <name>.debug_frame</name>
         <load_address>0x0</load_address>
         <run_address>0x0</run_address>
         <size>0xfb</size>
         <input_file_ref idref="fl-2"/>
      </object_component>
      <object_component id="oc-11">
         <name>.debug_line</name>
         <load_address>0x0</load_address>
         <run_address>0x0</run_address>
         <size>0x77</size>
         <input_file_ref idref="fl-2"/>
      </object_component>
      <object_component id="oc-15">
         <name>.debug_line</name>
         <load_address>0x77</load_address>
         <run_address>0x77</run_address>
         <size>0x54</size>
         <input_file_ref idref="fl-19"/>
      </object_component>
      <object_component id="oc-1c">
         <name>.debug_line</name>
         <load_address>0xcb</load_address>
         <run_address>0xcb</run_address>
         <size>0x51</size>
         <input_file_ref idref="fl-1a"/>
      </object_component>
      <object_component id="oc-20">
         <name>.debug_line</name>
         <load_address>0x11c</load_address>
         <run_address>0x11c</run_address>
         <size>0x5c</size>
         <input_file_ref idref="fl-1b"/>
      </object_component>
      <object_component id="oc-24">
         <name>.debug_line</name>
         <load_address>0x178</load_address>
         <run_address>0x178</run_address>
         <size>0x69</size>
         <input_file_ref idref="fl-1c"/>
      </object_component>
      <object_component id="oc-29">
         <name>.debug_line</name>
         <load_address>0x1e1</load_address>
         <run_address>0x1e1</run_address>
         <size>0x37</size>
         <input_file_ref idref="fl-1d"/>
      </object_component>
      <object_component id="oc-2f">
         <name>.debug_line</name>
         <load_address>0x218</load_address>
         <run_address>0x218</run_address>
         <size>0x57</size>
         <input_file_ref idref="fl-1e"/>
      </object_component>
      <object_component id="oc-35">
         <name>.debug_line</name>
         <load_address>0x26f</load_address>
         <run_address>0x26f</run_address>
         <size>0x328</size>
         <input_file_ref idref="fl-1f"/>
      </object_component>
      <object_component id="oc-39">
         <name>.debug_line</name>
         <load_address>0x597</load_address>
         <run_address>0x597</run_address>
         <size>0x41</size>
         <input_file_ref idref="fl-20"/>
      </object_component>
      <object_component id="oc-3d">
         <name>.debug_line</name>
         <load_address>0x5d8</load_address>
         <run_address>0x5d8</run_address>
         <size>0x46</size>
         <input_file_ref idref="fl-21"/>
      </object_component>
      <object_component id="oc-41">
         <name>.debug_line</name>
         <load_address>0x61e</load_address>
         <run_address>0x61e</run_address>
         <size>0x55</size>
         <input_file_ref idref="fl-22"/>
      </object_component>
      <object_component id="oc-45">
         <name>.debug_line</name>
         <load_address>0x673</load_address>
         <run_address>0x673</run_address>
         <size>0xad</size>
         <input_file_ref idref="fl-23"/>
      </object_component>
      <object_component id="oc-4f">
         <name>.debug_line</name>
         <load_address>0x720</load_address>
         <run_address>0x720</run_address>
         <size>0x5b</size>
         <input_file_ref idref="fl-26"/>
      </object_component>
      <object_component id="oc-53">
         <name>.debug_line</name>
         <load_address>0x77b</load_address>
         <run_address>0x77b</run_address>
         <size>0x44</size>
         <input_file_ref idref="fl-27"/>
      </object_component>
      <object_component id="oc-57">
         <name>.debug_line</name>
         <load_address>0x7bf</load_address>
         <run_address>0x7bf</run_address>
         <size>0x3d</size>
         <input_file_ref idref="fl-28"/>
      </object_component>
      <object_component id="oc-5b">
         <name>.debug_line</name>
         <load_address>0x7fc</load_address>
         <run_address>0x7fc</run_address>
         <size>0x3d</size>
         <input_file_ref idref="fl-29"/>
      </object_component>
      <object_component id="oc-60">
         <name>.debug_line</name>
         <load_address>0x839</load_address>
         <run_address>0x839</run_address>
         <size>0x44</size>
         <input_file_ref idref="fl-2a"/>
      </object_component>
      <object_component id="oc-64">
         <name>.debug_line</name>
         <load_address>0x87d</load_address>
         <run_address>0x87d</run_address>
         <size>0x56</size>
         <input_file_ref idref="fl-2b"/>
      </object_component>
      <object_component id="oc-69">
         <name>.debug_line</name>
         <load_address>0x8d3</load_address>
         <run_address>0x8d3</run_address>
         <size>0xa8</size>
         <input_file_ref idref="fl-2c"/>
      </object_component>
      <object_component id="oc-6d">
         <name>.debug_line</name>
         <load_address>0x97b</load_address>
         <run_address>0x97b</run_address>
         <size>0x40</size>
         <input_file_ref idref="fl-2d"/>
      </object_component>
      <object_component id="oc-71">
         <name>.debug_line</name>
         <load_address>0x9bb</load_address>
         <run_address>0x9bb</run_address>
         <size>0x38</size>
         <input_file_ref idref="fl-2e"/>
      </object_component>
      <object_component id="oc-75">
         <name>.debug_line</name>
         <load_address>0x9f3</load_address>
         <run_address>0x9f3</run_address>
         <size>0xa8</size>
         <input_file_ref idref="fl-2f"/>
      </object_component>
      <object_component id="oc-79">
         <name>.debug_line</name>
         <load_address>0xa9b</load_address>
         <run_address>0xa9b</run_address>
         <size>0x3c</size>
         <input_file_ref idref="fl-30"/>
      </object_component>
      <object_component id="oc-7f">
         <name>.debug_line</name>
         <load_address>0xad7</load_address>
         <run_address>0xad7</run_address>
         <size>0x1b0</size>
         <input_file_ref idref="fl-31"/>
      </object_component>
      <object_component id="oc-83">
         <name>.debug_line</name>
         <load_address>0xc87</load_address>
         <run_address>0xc87</run_address>
         <size>0x40</size>
         <input_file_ref idref="fl-32"/>
      </object_component>
      <object_component id="oc-87">
         <name>.debug_line</name>
         <load_address>0xcc7</load_address>
         <run_address>0xcc7</run_address>
         <size>0x3c</size>
         <input_file_ref idref="fl-33"/>
      </object_component>
      <object_component id="oc-8b">
         <name>.debug_line</name>
         <load_address>0xd03</load_address>
         <run_address>0xd03</run_address>
         <size>0x4d</size>
         <input_file_ref idref="fl-34"/>
      </object_component>
      <object_component id="oc-8f">
         <name>.debug_line</name>
         <load_address>0xd50</load_address>
         <run_address>0xd50</run_address>
         <size>0x3c</size>
         <input_file_ref idref="fl-35"/>
      </object_component>
      <object_component id="oc-93">
         <name>.debug_line</name>
         <load_address>0xd8c</load_address>
         <run_address>0xd8c</run_address>
         <size>0x37</size>
         <input_file_ref idref="fl-36"/>
      </object_component>
      <object_component id="oc-97">
         <name>.debug_line</name>
         <load_address>0xdc3</load_address>
         <run_address>0xdc3</run_address>
         <size>0x3c</size>
         <input_file_ref idref="fl-37"/>
      </object_component>
      <object_component id="oc-9b">
         <name>.debug_line</name>
         <load_address>0xdff</load_address>
         <run_address>0xdff</run_address>
         <size>0x44</size>
         <input_file_ref idref="fl-38"/>
      </object_component>
      <object_component id="oc-9f">
         <name>.debug_line</name>
         <load_address>0xe43</load_address>
         <run_address>0xe43</run_address>
         <size>0x37</size>
         <input_file_ref idref="fl-39"/>
      </object_component>
      <object_component id="oc-a4">
         <name>.debug_line</name>
         <load_address>0xe7a</load_address>
         <run_address>0xe7a</run_address>
         <size>0x15d</size>
         <input_file_ref idref="fl-3a"/>
      </object_component>
      <object_component id="oc-aa">
         <name>.debug_line</name>
         <load_address>0xfd7</load_address>
         <run_address>0xfd7</run_address>
         <size>0x6a</size>
         <input_file_ref idref="fl-3b"/>
      </object_component>
      <object_component id="oc-ae">
         <name>.debug_line</name>
         <load_address>0x1041</load_address>
         <run_address>0x1041</run_address>
         <size>0x58</size>
         <input_file_ref idref="fl-3c"/>
      </object_component>
      <object_component id="oc-b2">
         <name>.debug_line</name>
         <load_address>0x1099</load_address>
         <run_address>0x1099</run_address>
         <size>0x57</size>
         <input_file_ref idref="fl-3d"/>
      </object_component>
      <object_component id="oc-b6">
         <name>.debug_line</name>
         <load_address>0x10f0</load_address>
         <run_address>0x10f0</run_address>
         <size>0x5c</size>
         <input_file_ref idref="fl-3e"/>
      </object_component>
      <object_component id="oc-ba">
         <name>.debug_line</name>
         <load_address>0x114c</load_address>
         <run_address>0x114c</run_address>
         <size>0x3c</size>
         <input_file_ref idref="fl-3f"/>
      </object_component>
      <object_component id="oc-be">
         <name>.debug_line</name>
         <load_address>0x1188</load_address>
         <run_address>0x1188</run_address>
         <size>0x5b</size>
         <input_file_ref idref="fl-40"/>
      </object_component>
      <object_component id="oc-c2">
         <name>.debug_line</name>
         <load_address>0x11e3</load_address>
         <run_address>0x11e3</run_address>
         <size>0x3a</size>
         <input_file_ref idref="fl-41"/>
      </object_component>
      <object_component id="oc-c6">
         <name>.debug_line</name>
         <load_address>0x121d</load_address>
         <run_address>0x121d</run_address>
         <size>0x3c</size>
         <input_file_ref idref="fl-42"/>
      </object_component>
      <object_component id="oc-ca">
         <name>.debug_line</name>
         <load_address>0x1259</load_address>
         <run_address>0x1259</run_address>
         <size>0x3f</size>
         <input_file_ref idref="fl-43"/>
      </object_component>
      <object_component id="oc-d0">
         <name>.debug_line</name>
         <load_address>0x1298</load_address>
         <run_address>0x1298</run_address>
         <size>0xd7</size>
         <input_file_ref idref="fl-44"/>
      </object_component>
      <object_component id="oc-d7">
         <name>.debug_line</name>
         <load_address>0x136f</load_address>
         <run_address>0x136f</run_address>
         <size>0x112</size>
         <input_file_ref idref="fl-45"/>
      </object_component>
      <object_component id="oc-db">
         <name>.debug_line</name>
         <load_address>0x1481</load_address>
         <run_address>0x1481</run_address>
         <size>0x3d</size>
         <input_file_ref idref="fl-46"/>
      </object_component>
      <object_component id="oc-df">
         <name>.debug_line</name>
         <load_address>0x14be</load_address>
         <run_address>0x14be</run_address>
         <size>0x39</size>
         <input_file_ref idref="fl-47"/>
      </object_component>
      <object_component id="oc-12">
         <name>.debug_abbrev</name>
         <load_address>0x0</load_address>
         <run_address>0x0</run_address>
         <size>0xca</size>
         <input_file_ref idref="fl-2"/>
      </object_component>
      <object_component id="oc-16">
         <name>.debug_abbrev</name>
         <load_address>0xca</load_address>
         <run_address>0xca</run_address>
         <size>0x3a</size>
         <input_file_ref idref="fl-19"/>
      </object_component>
      <object_component id="oc-1d">
         <name>.debug_abbrev</name>
         <load_address>0x104</load_address>
         <run_address>0x104</run_address>
         <size>0xf7</size>
         <input_file_ref idref="fl-1a"/>
      </object_component>
      <object_component id="oc-21">
         <name>.debug_abbrev</name>
         <load_address>0x1fb</load_address>
         <run_address>0x1fb</run_address>
         <size>0x38</size>
         <input_file_ref idref="fl-1b"/>
      </object_component>
      <object_component id="oc-25">
         <name>.debug_abbrev</name>
         <load_address>0x233</load_address>
         <run_address>0x233</run_address>
         <size>0x145</size>
         <input_file_ref idref="fl-1c"/>
      </object_component>
      <object_component id="oc-2a">
         <name>.debug_abbrev</name>
         <load_address>0x378</load_address>
         <run_address>0x378</run_address>
         <size>0x26</size>
         <input_file_ref idref="fl-1d"/>
      </object_component>
      <object_component id="oc-30">
         <name>.debug_abbrev</name>
         <load_address>0x39e</load_address>
         <run_address>0x39e</run_address>
         <size>0x9f</size>
         <input_file_ref idref="fl-1e"/>
      </object_component>
      <object_component id="oc-36">
         <name>.debug_abbrev</name>
         <load_address>0x43d</load_address>
         <run_address>0x43d</run_address>
         <size>0x1f8</size>
         <input_file_ref idref="fl-1f"/>
      </object_component>
      <object_component id="oc-3a">
         <name>.debug_abbrev</name>
         <load_address>0x635</load_address>
         <run_address>0x635</run_address>
         <size>0xec</size>
         <input_file_ref idref="fl-20"/>
      </object_component>
      <object_component id="oc-3e">
         <name>.debug_abbrev</name>
         <load_address>0x721</load_address>
         <run_address>0x721</run_address>
         <size>0xd5</size>
         <input_file_ref idref="fl-21"/>
      </object_component>
      <object_component id="oc-42">
         <name>.debug_abbrev</name>
         <load_address>0x7f6</load_address>
         <run_address>0x7f6</run_address>
         <size>0x44</size>
         <input_file_ref idref="fl-22"/>
      </object_component>
      <object_component id="oc-46">
         <name>.debug_abbrev</name>
         <load_address>0x83a</load_address>
         <run_address>0x83a</run_address>
         <size>0xb7</size>
         <input_file_ref idref="fl-23"/>
      </object_component>
      <object_component id="oc-48">
         <name>.debug_abbrev</name>
         <load_address>0x8f1</load_address>
         <run_address>0x8f1</run_address>
         <size>0x68</size>
         <input_file_ref idref="fl-24"/>
      </object_component>
      <object_component id="oc-4c">
         <name>.debug_abbrev</name>
         <load_address>0x959</load_address>
         <run_address>0x959</run_address>
         <size>0x83</size>
         <input_file_ref idref="fl-25"/>
      </object_component>
      <object_component id="oc-50">
         <name>.debug_abbrev</name>
         <load_address>0x9dc</load_address>
         <run_address>0x9dc</run_address>
         <size>0x112</size>
         <input_file_ref idref="fl-26"/>
      </object_component>
      <object_component id="oc-54">
         <name>.debug_abbrev</name>
         <load_address>0xaee</load_address>
         <run_address>0xaee</run_address>
         <size>0xb5</size>
         <input_file_ref idref="fl-27"/>
      </object_component>
      <object_component id="oc-58">
         <name>.debug_abbrev</name>
         <load_address>0xba3</load_address>
         <run_address>0xba3</run_address>
         <size>0x8f</size>
         <input_file_ref idref="fl-28"/>
      </object_component>
      <object_component id="oc-5c">
         <name>.debug_abbrev</name>
         <load_address>0xc32</load_address>
         <run_address>0xc32</run_address>
         <size>0xb7</size>
         <input_file_ref idref="fl-29"/>
      </object_component>
      <object_component id="oc-61">
         <name>.debug_abbrev</name>
         <load_address>0xce9</load_address>
         <run_address>0xce9</run_address>
         <size>0xc2</size>
         <input_file_ref idref="fl-2a"/>
      </object_component>
      <object_component id="oc-65">
         <name>.debug_abbrev</name>
         <load_address>0xdab</load_address>
         <run_address>0xdab</run_address>
         <size>0x103</size>
         <input_file_ref idref="fl-2b"/>
      </object_component>
      <object_component id="oc-6a">
         <name>.debug_abbrev</name>
         <load_address>0xeae</load_address>
         <run_address>0xeae</run_address>
         <size>0x140</size>
         <input_file_ref idref="fl-2c"/>
      </object_component>
      <object_component id="oc-6e">
         <name>.debug_abbrev</name>
         <load_address>0xfee</load_address>
         <run_address>0xfee</run_address>
         <size>0x9a</size>
         <input_file_ref idref="fl-2d"/>
      </object_component>
      <object_component id="oc-72">
         <name>.debug_abbrev</name>
         <load_address>0x1088</load_address>
         <run_address>0x1088</run_address>
         <size>0xd0</size>
         <input_file_ref idref="fl-2e"/>
      </object_component>
      <object_component id="oc-76">
         <name>.debug_abbrev</name>
         <load_address>0x1158</load_address>
         <run_address>0x1158</run_address>
         <size>0xb7</size>
         <input_file_ref idref="fl-2f"/>
      </object_component>
      <object_component id="oc-7a">
         <name>.debug_abbrev</name>
         <load_address>0x120f</load_address>
         <run_address>0x120f</run_address>
         <size>0x38</size>
         <input_file_ref idref="fl-30"/>
      </object_component>
      <object_component id="oc-80">
         <name>.debug_abbrev</name>
         <load_address>0x1247</load_address>
         <run_address>0x1247</run_address>
         <size>0x225</size>
         <input_file_ref idref="fl-31"/>
      </object_component>
      <object_component id="oc-84">
         <name>.debug_abbrev</name>
         <load_address>0x146c</load_address>
         <run_address>0x146c</run_address>
         <size>0xec</size>
         <input_file_ref idref="fl-32"/>
      </object_component>
      <object_component id="oc-88">
         <name>.debug_abbrev</name>
         <load_address>0x1558</load_address>
         <run_address>0x1558</run_address>
         <size>0xb7</size>
         <input_file_ref idref="fl-33"/>
      </object_component>
      <object_component id="oc-8c">
         <name>.debug_abbrev</name>
         <load_address>0x160f</load_address>
         <run_address>0x160f</run_address>
         <size>0x38</size>
         <input_file_ref idref="fl-34"/>
      </object_component>
      <object_component id="oc-90">
         <name>.debug_abbrev</name>
         <load_address>0x1647</load_address>
         <run_address>0x1647</run_address>
         <size>0xdc</size>
         <input_file_ref idref="fl-35"/>
      </object_component>
      <object_component id="oc-94">
         <name>.debug_abbrev</name>
         <load_address>0x1723</load_address>
         <run_address>0x1723</run_address>
         <size>0x81</size>
         <input_file_ref idref="fl-36"/>
      </object_component>
      <object_component id="oc-98">
         <name>.debug_abbrev</name>
         <load_address>0x17a4</load_address>
         <run_address>0x17a4</run_address>
         <size>0xa6</size>
         <input_file_ref idref="fl-37"/>
      </object_component>
      <object_component id="oc-9c">
         <name>.debug_abbrev</name>
         <load_address>0x184a</load_address>
         <run_address>0x184a</run_address>
         <size>0xb5</size>
         <input_file_ref idref="fl-38"/>
      </object_component>
      <object_component id="oc-a0">
         <name>.debug_abbrev</name>
         <load_address>0x18ff</load_address>
         <run_address>0x18ff</run_address>
         <size>0x8f</size>
         <input_file_ref idref="fl-39"/>
      </object_component>
      <object_component id="oc-a5">
         <name>.debug_abbrev</name>
         <load_address>0x198e</load_address>
         <run_address>0x198e</run_address>
         <size>0x15a</size>
         <input_file_ref idref="fl-3a"/>
      </object_component>
      <object_component id="oc-ab">
         <name>.debug_abbrev</name>
         <load_address>0x1ae8</load_address>
         <run_address>0x1ae8</run_address>
         <size>0xde</size>
         <input_file_ref idref="fl-3b"/>
      </object_component>
      <object_component id="oc-af">
         <name>.debug_abbrev</name>
         <load_address>0x1bc6</load_address>
         <run_address>0x1bc6</run_address>
         <size>0x38</size>
         <input_file_ref idref="fl-3c"/>
      </object_component>
      <object_component id="oc-b3">
         <name>.debug_abbrev</name>
         <load_address>0x1bfe</load_address>
         <run_address>0x1bfe</run_address>
         <size>0xd1</size>
         <input_file_ref idref="fl-3d"/>
      </object_component>
      <object_component id="oc-b7">
         <name>.debug_abbrev</name>
         <load_address>0x1ccf</load_address>
         <run_address>0x1ccf</run_address>
         <size>0xd4</size>
         <input_file_ref idref="fl-3e"/>
      </object_component>
      <object_component id="oc-bb">
         <name>.debug_abbrev</name>
         <load_address>0x1da3</load_address>
         <run_address>0x1da3</run_address>
         <size>0xa6</size>
         <input_file_ref idref="fl-3f"/>
      </object_component>
      <object_component id="oc-bf">
         <name>.debug_abbrev</name>
         <load_address>0x1e49</load_address>
         <run_address>0x1e49</run_address>
         <size>0x136</size>
         <input_file_ref idref="fl-40"/>
      </object_component>
      <object_component id="oc-c3">
         <name>.debug_abbrev</name>
         <load_address>0x1f7f</load_address>
         <run_address>0x1f7f</run_address>
         <size>0x81</size>
         <input_file_ref idref="fl-41"/>
      </object_component>
      <object_component id="oc-c7">
         <name>.debug_abbrev</name>
         <load_address>0x2000</load_address>
         <run_address>0x2000</run_address>
         <size>0xd1</size>
         <input_file_ref idref="fl-42"/>
      </object_component>
      <object_component id="oc-cb">
         <name>.debug_abbrev</name>
         <load_address>0x20d1</load_address>
         <run_address>0x20d1</run_address>
         <size>0x10b</size>
         <input_file_ref idref="fl-43"/>
      </object_component>
      <object_component id="oc-d1">
         <name>.debug_abbrev</name>
         <load_address>0x21dc</load_address>
         <run_address>0x21dc</run_address>
         <size>0x1a2</size>
         <input_file_ref idref="fl-44"/>
      </object_component>
      <object_component id="oc-d8">
         <name>.debug_abbrev</name>
         <load_address>0x237e</load_address>
         <run_address>0x237e</run_address>
         <size>0x1de</size>
         <input_file_ref idref="fl-45"/>
      </object_component>
      <object_component id="oc-dc">
         <name>.debug_abbrev</name>
         <load_address>0x255c</load_address>
         <run_address>0x255c</run_address>
         <size>0x118</size>
         <input_file_ref idref="fl-46"/>
      </object_component>
      <object_component id="oc-e0">
         <name>.debug_abbrev</name>
         <load_address>0x2674</load_address>
         <run_address>0x2674</run_address>
         <size>0xbf</size>
         <input_file_ref idref="fl-47"/>
      </object_component>
      <object_component id="oc-101">
         <name>.debug_abbrev</name>
         <load_address>0x2733</load_address>
         <run_address>0x2733</run_address>
         <size>0xd</size>
      </object_component>
   </object_component_list>
   <logical_group_list>
      <logical_group id="lg-2">
         <name>vectors</name>
         <load_address>0xffff00</load_address>
         <run_address>0xffff00</run_address>
         <size>0x100</size>
         <contents>
            <object_component_ref idref="oc-27"/>
         </contents>
      </logical_group>
      <logical_group id="lg-3">
         <name>.cinit</name>
         <load_address>0x9a0</load_address>
         <run_address>0x9a0</run_address>
         <size>0xe8</size>
         <contents>
            <object_component_ref idref="oc-7e"/>
            <object_component_ref idref="oc-4b"/>
            <object_component_ref idref="oc-2e"/>
            <object_component_ref idref="oc-1a"/>
            <object_component_ref idref="oc-cf"/>
            <object_component_ref idref="oc-d5"/>
         </contents>
      </logical_group>
      <logical_group id="lg-fd">
         <name>.text.1</name>
         <load_address>0x10000</load_address>
         <run_address>0x10000</run_address>
         <size>0x2000</size>
         <contents>
            <object_component_ref idref="oc-31"/>
            <object_component_ref idref="oc-7b"/>
            <object_component_ref idref="oc-d2"/>
            <object_component_ref idref="oc-3b"/>
            <object_component_ref idref="oc-1b"/>
         </contents>
      </logical_group>
      <logical_group id="lg-fe">
         <name>.text.2</name>
         <load_address>0x12000</load_address>
         <run_address>0x12000</run_address>
         <size>0x1fff</size>
         <contents>
            <object_component_ref idref="oc-a1"/>
            <object_component_ref idref="oc-4d"/>
            <object_component_ref idref="oc-cc"/>
            <object_component_ref idref="oc-73"/>
            <object_component_ref idref="oc-b4"/>
            <object_component_ref idref="oc-43"/>
            <object_component_ref idref="oc-66"/>
            <object_component_ref idref="oc-8d"/>
            <object_component_ref idref="oc-c8"/>
            <object_component_ref idref="oc-b0"/>
            <object_component_ref idref="oc-bc"/>
            <object_component_ref idref="oc-a9"/>
            <object_component_ref idref="oc-62"/>
            <object_component_ref idref="oc-d"/>
            <object_component_ref idref="oc-51"/>
            <object_component_ref idref="oc-81"/>
            <object_component_ref idref="oc-d9"/>
            <object_component_ref idref="oc-c0"/>
            <object_component_ref idref="oc-6b"/>
            <object_component_ref idref="oc-99"/>
            <object_component_ref idref="oc-59"/>
            <object_component_ref idref="oc-a6"/>
            <object_component_ref idref="oc-c4"/>
            <object_component_ref idref="oc-5d"/>
            <object_component_ref idref="oc-22"/>
            <object_component_ref idref="oc-3f"/>
            <object_component_ref idref="oc-37"/>
            <object_component_ref idref="oc-95"/>
            <object_component_ref idref="oc-b8"/>
            <object_component_ref idref="oc-89"/>
            <object_component_ref idref="oc-17"/>
            <object_component_ref idref="oc-9d"/>
            <object_component_ref idref="oc-26"/>
         </contents>
      </logical_group>
      <logical_group id="lg-ff">
         <name>.text.3</name>
         <load_address>0x14000</load_address>
         <run_address>0x14000</run_address>
         <size>0x141</size>
         <contents>
            <object_component_ref idref="oc-1e"/>
            <object_component_ref idref="oc-c"/>
            <object_component_ref idref="oc-55"/>
            <object_component_ref idref="oc-ac"/>
            <object_component_ref idref="oc-85"/>
            <object_component_ref idref="oc-6f"/>
            <object_component_ref idref="oc-77"/>
            <object_component_ref idref="oc-2b"/>
            <object_component_ref idref="oc-91"/>
            <object_component_ref idref="oc-dd"/>
         </contents>
      </logical_group>
      <split_section id="lg-4">
         <name>.text</name>
         <contents>
            <logical_group_ref idref="lg-fd"/>
            <logical_group_ref idref="lg-fe"/>
            <logical_group_ref idref="lg-ff"/>
         </contents>
      </split_section>
      <logical_group id="lg-5">
         <name>.stack</name>
         <run_address>0x5a0</run_address>
         <size>0x200</size>
         <contents>
            <object_component_ref idref="oc-13"/>
            <object_component_ref idref="oc-f7"/>
         </contents>
      </logical_group>
      <logical_group id="lg-6">
         <name>.sysstack</name>
         <run_address>0x7a0</run_address>
         <size>0x200</size>
         <contents>
            <object_component_ref idref="oc-e1"/>
            <object_component_ref idref="oc-f9"/>
         </contents>
      </logical_group>
      <logical_group id="lg-7">
         <name>.sysmem</name>
         <run_address>0x8000</run_address>
         <size>0x400</size>
         <contents>
            <object_component_ref idref="oc-d6"/>
            <object_component_ref idref="oc-f8"/>
         </contents>
      </logical_group>
      <logical_group id="lg-8">
         <name>.data</name>
         <run_address>0x8000</run_address>
         <size>0x0</size>
         <contents>
         </contents>
      </logical_group>
      <logical_group id="lg-9">
         <name>.cio</name>
         <run_address>0x360</run_address>
         <size>0x240</size>
         <contents>
            <object_component_ref idref="oc-a8"/>
         </contents>
      </logical_group>
      <logical_group id="lg-a">
         <name>.bss</name>
         <run_address>0xa000</run_address>
         <size>0x4d4</size>
         <contents>
            <object_component_ref idref="oc-18"/>
            <object_component_ref idref="oc-2c"/>
            <object_component_ref idref="oc-49"/>
            <object_component_ref idref="oc-7c"/>
            <object_component_ref idref="oc-a2"/>
            <object_component_ref idref="oc-cd"/>
            <object_component_ref idref="oc-d3"/>
         </contents>
      </logical_group>
      <logical_group id="lg-b">
         <name>.const</name>
         <load_address>0xc0</load_address>
         <run_address>0xc0</run_address>
         <size>0x29c</size>
         <contents>
            <object_component_ref idref="oc-e2"/>
            <object_component_ref idref="oc-34"/>
            <object_component_ref idref="oc-f"/>
            <object_component_ref idref="oc-33"/>
            <object_component_ref idref="oc-e3"/>
            <object_component_ref idref="oc-68"/>
            <object_component_ref idref="oc-5f"/>
         </contents>
      </logical_group>
      <logical_group id="lg-ee">
         <name>.debug_info</name>
         <load_address>0x0</load_address>
         <run_address>0x0</run_address>
         <size>0x13cdb</size>
         <contents>
            <object_component_ref idref="oc-e"/>
            <object_component_ref idref="oc-14"/>
            <object_component_ref idref="oc-19"/>
            <object_component_ref idref="oc-1f"/>
            <object_component_ref idref="oc-23"/>
            <object_component_ref idref="oc-28"/>
            <object_component_ref idref="oc-2d"/>
            <object_component_ref idref="oc-32"/>
            <object_component_ref idref="oc-38"/>
            <object_component_ref idref="oc-3c"/>
            <object_component_ref idref="oc-40"/>
            <object_component_ref idref="oc-44"/>
            <object_component_ref idref="oc-47"/>
            <object_component_ref idref="oc-4a"/>
            <object_component_ref idref="oc-4e"/>
            <object_component_ref idref="oc-52"/>
            <object_component_ref idref="oc-56"/>
            <object_component_ref idref="oc-5a"/>
            <object_component_ref idref="oc-5e"/>
            <object_component_ref idref="oc-63"/>
            <object_component_ref idref="oc-67"/>
            <object_component_ref idref="oc-6c"/>
            <object_component_ref idref="oc-70"/>
            <object_component_ref idref="oc-74"/>
            <object_component_ref idref="oc-78"/>
            <object_component_ref idref="oc-7d"/>
            <object_component_ref idref="oc-82"/>
            <object_component_ref idref="oc-86"/>
            <object_component_ref idref="oc-8a"/>
            <object_component_ref idref="oc-8e"/>
            <object_component_ref idref="oc-92"/>
            <object_component_ref idref="oc-96"/>
            <object_component_ref idref="oc-9a"/>
            <object_component_ref idref="oc-9e"/>
            <object_component_ref idref="oc-a3"/>
            <object_component_ref idref="oc-a7"/>
            <object_component_ref idref="oc-ad"/>
            <object_component_ref idref="oc-b1"/>
            <object_component_ref idref="oc-b5"/>
            <object_component_ref idref="oc-b9"/>
            <object_component_ref idref="oc-bd"/>
            <object_component_ref idref="oc-c1"/>
            <object_component_ref idref="oc-c5"/>
            <object_component_ref idref="oc-c9"/>
            <object_component_ref idref="oc-ce"/>
            <object_component_ref idref="oc-d4"/>
            <object_component_ref idref="oc-da"/>
            <object_component_ref idref="oc-de"/>
            <object_component_ref idref="oc-100"/>
         </contents>
      </logical_group>
      <logical_group id="lg-f0">
         <name>.debug_frame</name>
         <load_address>0x0</load_address>
         <run_address>0x0</run_address>
         <size>0xfb</size>
         <contents>
            <object_component_ref idref="oc-10"/>
         </contents>
      </logical_group>
      <logical_group id="lg-f2">
         <name>.debug_line</name>
         <load_address>0x0</load_address>
         <run_address>0x0</run_address>
         <size>0x14f7</size>
         <contents>
            <object_component_ref idref="oc-11"/>
            <object_component_ref idref="oc-15"/>
            <object_component_ref idref="oc-1c"/>
            <object_component_ref idref="oc-20"/>
            <object_component_ref idref="oc-24"/>
            <object_component_ref idref="oc-29"/>
            <object_component_ref idref="oc-2f"/>
            <object_component_ref idref="oc-35"/>
            <object_component_ref idref="oc-39"/>
            <object_component_ref idref="oc-3d"/>
            <object_component_ref idref="oc-41"/>
            <object_component_ref idref="oc-45"/>
            <object_component_ref idref="oc-4f"/>
            <object_component_ref idref="oc-53"/>
            <object_component_ref idref="oc-57"/>
            <object_component_ref idref="oc-5b"/>
            <object_component_ref idref="oc-60"/>
            <object_component_ref idref="oc-64"/>
            <object_component_ref idref="oc-69"/>
            <object_component_ref idref="oc-6d"/>
            <object_component_ref idref="oc-71"/>
            <object_component_ref idref="oc-75"/>
            <object_component_ref idref="oc-79"/>
            <object_component_ref idref="oc-7f"/>
            <object_component_ref idref="oc-83"/>
            <object_component_ref idref="oc-87"/>
            <object_component_ref idref="oc-8b"/>
            <object_component_ref idref="oc-8f"/>
            <object_component_ref idref="oc-93"/>
            <object_component_ref idref="oc-97"/>
            <object_component_ref idref="oc-9b"/>
            <object_component_ref idref="oc-9f"/>
            <object_component_ref idref="oc-a4"/>
            <object_component_ref idref="oc-aa"/>
            <object_component_ref idref="oc-ae"/>
            <object_component_ref idref="oc-b2"/>
            <object_component_ref idref="oc-b6"/>
            <object_component_ref idref="oc-ba"/>
[...]
         <value>0xffffffff</value>
      </symbol>
      <symbol id="sm-9">
         <name>__STACK_SIZE</name>
         <value>0x200</value>
      </symbol>
      <symbol id="sm-a">
         <name>__STACK_END</name>
         <value>0x7a0</value>
      </symbol>
      <symbol id="sm-b">
         <name>__SYSMEM_SIZE</name>
         <value>0x400</value>
      </symbol>
      <symbol id="sm-c">
         <name>___c_args__</name>
         <value>0xffffffff</value>
      </symbol>
      <symbol id="sm-d">
         <name>__SYSSTACK_SIZE</name>
         <value>0x200</value>
      </symbol>
      <symbol id="sm-e">
         <name>.text</name>
         <value>0xffffffff</value>
      </symbol>
      <symbol id="sm-f">
         <name>___text__</name>
         <value>0xffffffff</value>
      </symbol>
      <symbol id="sm-10">
         <name>etext</name>
         <value>0xffffffff</value>
      </symbol>
      <symbol id="sm-11">
         <name>___etext__</name>
         <value>0xffffffff</value>
      </symbol>
      <symbol id="sm-12">
         <name>.data</name>
         <value>0x8000</value>
      </symbol>
      <symbol id="sm-13">
         <name>___data__</name>
         <value>0x8000</value>
      </symbol>
      <symbol id="sm-14">
         <name>edata</name>
         <value>0x8000</value>
      </symbol>
      <symbol id="sm-15">
         <name>___edata__</name>
         <value>0x8000</value>
      </symbol>
      <symbol id="sm-16">
         <name>.bss</name>
         <value>0xa000</value>
      </symbol>
      <symbol id="sm-17">
         <name>___bss__</name>
         <value>0xa000</value>
      </symbol>
      <symbol id="sm-18">
         <name>end</name>
         <value>0xa4d4</value>
      </symbol>
      <symbol id="sm-19">
         <name>___end__</name>
         <value>0xa4d4</value>
      </symbol>
      <symbol id="sm-47">
         <name>_main</name>
         <value>0x138ad</value>
         <object_component_ref idref="oc-d"/>
      </symbol>
      <symbol id="sm-48">
         <name>___fuzz_log</name>
         <value>0x138a9</value>
         <object_component_ref idref="oc-d"/>
      </symbol>
      <symbol id="sm-54">
         <name>__sysstack</name>
         <value>0x7a0</value>
         <object_component_ref idref="oc-e1"/>
      </symbol>
      <symbol id="sm-55">
         <name>_c_int00</name>
         <value>0x1403c</value>
         <object_component_ref idref="oc-c"/>
      </symbol>
      <symbol id="sm-56">
         <name>__stack</name>
         <value>0x5a0</value>
         <object_component_ref idref="oc-13"/>
      </symbol>
      <symbol id="sm-66">
         <name>C$$EXIT</name>
         <value>0x11ff9</value>
         <object_component_ref idref="oc-1b"/>
      </symbol>
      <symbol id="sm-67">
         <name>_exit</name>
         <value>0x13faa</value>
         <object_component_ref idref="oc-17"/>
      </symbol>
      <symbol id="sm-68">
         <name>_abort</name>
         <value>0x11ff8</value>
         <object_component_ref idref="oc-1b"/>
      </symbol>
      <symbol id="sm-69">
         <name>__cleanup_ptr</name>
         <value>0xa4cc</value>
         <object_component_ref idref="oc-18"/>
      </symbol>
      <symbol id="sm-6a">
         <name>__dtors_ptr</name>
         <value>0xa4d0</value>
         <object_component_ref idref="oc-18"/>
      </symbol>
      <symbol id="sm-72">
         <name>__remi</name>
         <value>0x1401f</value>
         <object_component_ref idref="oc-1e"/>
      </symbol>
      <symbol id="sm-73">
         <name>__divi</name>
         <value>0x14000</value>
         <object_component_ref idref="oc-1e"/>
      </symbol>
      <symbol id="sm-74">
         <name>I$$MOD</name>
         <value>0x1401f</value>
         <object_component_ref idref="oc-1e"/>
      </symbol>
      <symbol id="sm-75">
         <name>I$$DIV</name>
         <value>0x14000</value>
         <object_component_ref idref="oc-1e"/>
      </symbol>
      <symbol id="sm-7f">
         <name>_printf</name>
         <value>0x13df0</value>
         <object_component_ref idref="oc-22"/>
      </symbol>
      <symbol id="sm-89">
         <name>_Reset</name>
         <value>0xffff00</value>
         <object_component_ref idref="oc-27"/>
      </symbol>
      <symbol id="sm-97">
         <name>__unlock</name>
         <value>0xa4c8</value>
         <object_component_ref idref="oc-2c"/>
      </symbol>
      <symbol id="sm-98">
         <name>__lock</name>
         <value>0xa4c4</value>
         <object_component_ref idref="oc-2c"/>
      </symbol>
      <symbol id="sm-99">
         <name>__register_lock</name>
         <value>0x1411c</value>
         <object_component_ref idref="oc-2b"/>
      </symbol>
      <symbol id="sm-9a">
         <name>__nop</name>
         <value>0x14124</value>
         <object_component_ref idref="oc-2b"/>
      </symbol>
      <symbol id="sm-9b">
         <name>__register_unlock</name>
         <value>0x14114</value>
         <object_component_ref idref="oc-2b"/>
      </symbol>
      <symbol id="sm-ad">
         <name>__printfi</name>
         <value>0x11362</value>
         <object_component_ref idref="oc-31"/>
      </symbol>
      <symbol id="sm-b7">
         <name>__args_main</name>
         <value>0x13e8d</value>
         <object_component_ref idref="oc-37"/>
      </symbol>
      <symbol id="sm-b8">
         <name>__TI_args_main</name>
         <value>0x1</value>
      </symbol>
      <symbol id="sm-c2">
         <name>_atoi</name>
         <value>0x11f9c</value>
         <object_component_ref idref="oc-3b"/>
      </symbol>
      <symbol id="sm-ca">
         <name>_auto_init</name>
         <value>0x13e40</value>
         <object_component_ref idref="oc-3f"/>
      </symbol>
      <symbol id="sm-d4">
         <name>__eqld</name>
         <value>0x13189</value>
         <object_component_ref idref="oc-43"/>
      </symbol>
      <symbol id="sm-d5">
         <name>__cmpd</name>
         <value>0x131bd</value>
         <object_component_ref idref="oc-43"/>
      </symbol>
      <symbol id="sm-d6">
         <name>__neqd</name>
         <value>0x1302b</value>
         <object_component_ref idref="oc-43"/>
      </symbol>
      <symbol id="sm-d7">
         <name>__gtrd</name>
         <value>0x130f4</value>
         <object_component_ref idref="oc-43"/>
      </symbol>
      <symbol id="sm-d8">
         <name>__geqd</name>
         <value>0x1313f</value>
         <object_component_ref idref="oc-43"/>
      </symbol>
      <symbol id="sm-d9">
         <name>__leqd</name>
         <value>0x130a7</value>
         <object_component_ref idref="oc-43"/>
      </symbol>
      <symbol id="sm-da">
         <name>__lssd</name>
         <value>0x1305f</value>
         <object_component_ref idref="oc-43"/>
      </symbol>
      <symbol id="sm-e2">
         <name>__ctypes_</name>
         <value>0xc0</value>
         <object_component_ref idref="oc-e2"/>
      </symbol>
      <symbol id="sm-ec">
         <name>__tmpnams</name>
         <value>0xa0f0</value>
         <object_component_ref idref="oc-49"/>
      </symbol>
      <symbol id="sm-ed">
         <name>__ft_end</name>
         <value>0xa230</value>
         <object_component_ref idref="oc-49"/>
      </symbol>
      <symbol id="sm-ee">
         <name>__ftable</name>
         <value>0xa000</value>
         <object_component_ref idref="oc-49"/>
      </symbol>
      <symbol id="sm-fa">
         <name>__divd</name>
         <value>0x12528</value>
         <object_component_ref idref="oc-4d"/>
      </symbol>
      <symbol id="sm-105">
         <name>__divul</name>
         <value>0x1394e</value>
         <object_component_ref idref="oc-51"/>
      </symbol>
      <symbol id="sm-10f">
         <name>__fixdi</name>
         <value>0x14070</value>
         <object_component_ref idref="oc-55"/>
      </symbol>
      <symbol id="sm-119">
         <name>__fixdli</name>
         <value>0x13c42</value>
         <object_component_ref idref="oc-59"/>
      </symbol>
      <symbol id="sm-125">
         <name>__fltlid</name>
         <value>0x13d89</value>
         <object_component_ref idref="oc-5d"/>
      </symbol>
      <symbol id="sm-12f">
         <name>_putchar</name>
         <value>0x1389a</value>
         <object_component_ref idref="oc-62"/>
      </symbol>
      <symbol id="sm-130">
         <name>_putc</name>
         <value>0x13803</value>
         <object_component_ref idref="oc-62"/>
      </symbol>
      <symbol id="sm-131">
         <name>_fputc</name>
         <value>0x13803</value>
         <object_component_ref idref="oc-62"/>
      </symbol>
      <symbol id="sm-13f">
         <name>_puts</name>
         <value>0x1334a</value>
         <object_component_ref idref="oc-66"/>
      </symbol>
      <symbol id="sm-140">
         <name>_fputs</name>
         <value>0x13215</value>
         <object_component_ref idref="oc-66"/>
      </symbol>
      <symbol id="sm-14a">
         <name>__frcmpyd_div</name>
         <value>0x13b5d</value>
         <object_component_ref idref="oc-6b"/>
      </symbol>
      <symbol id="sm-154">
         <name>___isinf</name>
         <value>0x140e7</value>
         <object_component_ref idref="oc-6f"/>
      </symbol>
      <symbol id="sm-15e">
         <name>__divull</name>
         <value>0x12ca8</value>
         <object_component_ref idref="oc-73"/>
      </symbol>
      <symbol id="sm-15f">
         <name>__mpylli</name>
         <value>0x12bf0</value>
         <object_component_ref idref="oc-73"/>
      </symbol>
      <symbol id="sm-160">
         <name>__remlli</name>
         <value>0x12bc1</value>
         <object_component_ref idref="oc-73"/>
      </symbol>
      <symbol id="sm-161">
         <name>__divlli</name>
         <value>0x12d9c</value>
         <object_component_ref idref="oc-73"/>
      </symbol>
      <symbol id="sm-162">
         <name>__remull</name>
         <value>0x12b73</value>
         <object_component_ref idref="oc-73"/>
      </symbol>
      <symbol id="sm-16a">
         <name>__mpyli</name>
         <value>0x14101</value>
         <object_component_ref idref="oc-77"/>
      </symbol>
      <symbol id="sm-16b">
         <name>I$$LMPY</name>
         <value>0x14101</value>
         <object_component_ref idref="oc-77"/>
      </symbol>
      <symbol id="sm-17d">
         <name>_add_device</name>
         <value>0x119f7</value>
         <object_component_ref idref="oc-7b"/>
      </symbol>
      <symbol id="sm-17e">
         <name>_rename</name>
         <value>0x11719</value>
         <object_component_ref idref="oc-7b"/>
      </symbol>
      <symbol id="sm-17f">
         <name>_read</name>
         <value>0x117a8</value>
         <object_component_ref idref="oc-7b"/>
      </symbol>
      <symbol id="sm-180">
         <name>_unlink</name>
         <value>0x116e6</value>
         <object_component_ref idref="oc-7b"/>
      </symbol>
      <symbol id="sm-181">
         <name>_remove_device</name>
         <value>0x11772</value>
         <object_component_ref idref="oc-7b"/>
      </symbol>
      <symbol id="sm-182">
         <name>_open</name>
         <value>0x11856</value>
         <object_component_ref idref="oc-7b"/>
      </symbol>
      <symbol id="sm-183">
         <name>_find_registered_device</name>
         <value>0x1197b</value>
         <object_component_ref idref="oc-7b"/>
      </symbol>
      <symbol id="sm-184">
         <name>_lseek</name>
         <value>0x11915</value>
         <object_component_ref idref="oc-7b"/>
      </symbol>
      <symbol id="sm-185">
         <name>_close</name>
         <value>0x11984</value>
         <object_component_ref idref="oc-7b"/>
      </symbol>
      <symbol id="sm-186">
         <name>_write</name>
         <value>0x115a4</value>
         <object_component_ref idref="oc-7b"/>
      </symbol>
      <symbol id="sm-190">
         <name>_ltoa</name>
         <value>0x139ef</value>
         <object_component_ref idref="oc-81"/>
      </symbol>
      <symbol id="sm-19b">
         <name>_memccpy</name>
         <value>0x140c4</value>
         <object_component_ref idref="oc-85"/>
      </symbol>
      <symbol id="sm-1a3">
         <name>_memcpy</name>
         <value>0x13f6b</value>
         <object_component_ref idref="oc-89"/>
      </symbol>
      <symbol id="sm-1ad">
         <name>__mpyd</name>
         <value>0x13378</value>
         <object_component_ref idref="oc-8d"/>
      </symbol>
      <symbol id="sm-1b7">
         <name>__negd</name>
         <value>0x14126</value>
         <object_component_ref idref="oc-91"/>
      </symbol>
      <symbol id="sm-1c1">
         <name>__remli</name>
         <value>0x13ed8</value>
         <object_component_ref idref="oc-95"/>
      </symbol>
      <symbol id="sm-1cc">
         <name>__remul</name>
         <value>0x13bd0</value>
         <object_component_ref idref="oc-99"/>
      </symbol>
      <symbol id="sm-1d6">
         <name>__subd</name>
         <value>0x13fe8</value>
         <object_component_ref idref="oc-9d"/>
      </symbol>
      <symbol id="sm-1e2">
         <name>_HOSTopen</name>
         <value>0x1230b</value>
         <object_component_ref idref="oc-a1"/>
      </symbol>
      <symbol id="sm-1e3">
         <name>_HOSTread</name>
         <value>0x1227e</value>
         <object_component_ref idref="oc-a1"/>
      </symbol>
      <symbol id="sm-1e4">
         <name>_HOSTtime</name>
         <value>0x12172</value>
         <object_component_ref idref="oc-a1"/>
      </symbol>
      <symbol id="sm-1e5">
         <name>_getenv</name>
         <value>0x12000</value>
         <object_component_ref idref="oc-a1"/>
      </symbol>
      <symbol id="sm-1e6">
         <name>_HOSTrename</name>
         <value>0x121d0</value>
         <object_component_ref idref="oc-a1"/>
      </symbol>
      <symbol id="sm-1e7">
         <name>_HOSTclock</name>
         <value>0x124ca</value>
         <object_component_ref idref="oc-a1"/>
      </symbol>
      <symbol id="sm-1e8">
         <name>_HOSTwrite</name>
         <value>0x1207b</value>
         <object_component_ref idref="oc-a1"/>
      </symbol>
      <symbol id="sm-1e9">
         <name>_HOSTlseek</name>
         <value>0x123aa</value>
         <object_component_ref idref="oc-a1"/>
      </symbol>
      <symbol id="sm-1ea">
         <name>_HOSTunlink</name>
         <value>0x12108</value>
         <object_component_ref idref="oc-a1"/>
      </symbol>
      <symbol id="sm-1eb">
         <name>_HOSTclose</name>
         <value>0x1245f</value>
         <object_component_ref idref="oc-a1"/>
      </symbol>
      <symbol id="sm-1fd">
         <name>C$$IO$$</name>
         <value>0x137fe</value>
         <object_component_ref idref="oc-a9"/>
      </symbol>
      <symbol id="sm-1fe">
         <name>__CIOBUF_</name>
         <value>0x360</value>
         <object_component_ref idref="oc-a8"/>
      </symbol>
      <symbol id="sm-1ff">
         <name>_readmsg</name>
         <value>0x13cb1</value>
         <object_component_ref idref="oc-a6"/>
      </symbol>
      <symbol id="sm-200">
         <name>_writemsg</name>
         <value>0x13749</value>
         <object_component_ref idref="oc-a9"/>
      </symbol>
      <symbol id="sm-208">
         <name>__remu</name>
         <value>0x140af</value>
         <object_component_ref idref="oc-ac"/>
      </symbol>
      <symbol id="sm-209">
         <name>__divu</name>
         <value>0x1409a</value>
         <object_component_ref idref="oc-ac"/>
      </symbol>
      <symbol id="sm-20a">
         <name>I$$UMOD</name>
         <value>0x140af</value>
         <object_component_ref idref="oc-ac"/>
      </symbol>
      <symbol id="sm-20b">
         <name>I$$UDIV</name>
         <value>0x1409a</value>
         <object_component_ref idref="oc-ac"/>
      </symbol>
      <symbol id="sm-215">
         <name>__rd_ok</name>
         <value>0x1362a</value>
         <object_component_ref idref="oc-b0"/>
      </symbol>
      <symbol id="sm-216">
         <name>__wrt_ok</name>
         <value>0x135aa</value>
         <object_component_ref idref="oc-b0"/>
      </symbol>
      <symbol id="sm-220">
         <name>__addd</name>
         <value>0x12dd1</value>
         <object_component_ref idref="oc-b4"/>
      </symbol>
      <symbol id="sm-22a">
         <name>__divli</name>
         <value>0x13f23</value>
         <object_component_ref idref="oc-b8"/>
      </symbol>
      <symbol id="sm-234">
         <name>__doflush</name>
         <value>0x13687</value>
         <object_component_ref idref="oc-bc"/>
      </symbol>
      <symbol id="sm-235">
         <name>_fflush</name>
         <value>0x136f0</value>
         <object_component_ref idref="oc-bc"/>
      </symbol>
      <symbol id="sm-23f">
         <name>__frcmpyd</name>
         <value>0x13ae7</value>
         <object_component_ref idref="oc-c0"/>
      </symbol>
      <symbol id="sm-249">
         <name>_fseek</name>
         <value>0x13d1e</value>
         <object_component_ref idref="oc-c4"/>
      </symbol>
      <symbol id="sm-253">
         <name>_setvbuf</name>
         <value>0x134c4</value>
         <object_component_ref idref="oc-c8"/>
      </symbol>
      <symbol id="sm-262">
         <name>__cleanup</name>
         <value>0x12a15</value>
         <object_component_ref idref="oc-cc"/>
      </symbol>
      <symbol id="sm-263">
         <name>_fopen</name>
         <value>0x12b38</value>
         <object_component_ref idref="oc-cc"/>
      </symbol>
      <symbol id="sm-264">
         <name>_freopen</name>
         <value>0x12a6f</value>
         <object_component_ref idref="oc-cc"/>
      </symbol>
      <symbol id="sm-274">
         <name>__sys_memory</name>
         <value>0x8000</value>
         <object_component_ref idref="oc-d6"/>
      </symbol>
      <symbol id="sm-275">
         <name>_chkheap</name>
         <value>0x11f6e</value>
         <object_component_ref idref="oc-d2"/>
      </symbol>
      <symbol id="sm-276">
         <name>_realloc</name>
         <value>0x11d0d</value>
         <object_component_ref idref="oc-d2"/>
      </symbol>
      <symbol id="sm-277">
         <name>_free_memory</name>
         <value>0x11f18</value>
         <object_component_ref idref="oc-d2"/>
      </symbol>
      <symbol id="sm-278">
         <name>_max_free</name>
         <value>0x11ebe</value>
         <object_component_ref idref="oc-d2"/>
      </symbol>
      <symbol id="sm-279">
         <name>_free</name>
         <value>0x11ae7</value>
         <object_component_ref idref="oc-d2"/>
      </symbol>
      <symbol id="sm-27a">
         <name>_calloc</name>
         <value>0x11f76</value>
         <object_component_ref idref="oc-d2"/>
      </symbol>
      <symbol id="sm-27b">
         <name>_malloc</name>
         <value>0x11c18</value>
         <object_component_ref idref="oc-d2"/>
      </symbol>
      <symbol id="sm-27c">
         <name>_minit</name>
         <value>0x11bb3</value>
         <object_component_ref idref="oc-d2"/>
      </symbol>
      <symbol id="sm-286">
         <name>_fclose</name>
         <value>0x13a6c</value>
         <object_component_ref idref="oc-d9"/>
      </symbol>
      <symbol id="sm-290">
         <name>_remove</name>
         <value>0x14136</value>
         <object_component_ref idref="oc-dd"/>
      </symbol>
   </symbol_table>
</link_info>
